#
# There is insufficient memory for the Java Runtime Environment to continue.
# Native memory allocation (malloc) failed to allocate 1614736 bytes for Chunk::new
# Possible reasons:
#   The system is out of physical RAM or swap space
#   The process is running with CompressedOops enabled, and the Java Heap may be blocking the growth of the native heap
# Possible solutions:
#   Reduce memory load on the system
#   Increase physical memory or swap space
#   Check if swap backing store is full
#   Decrease Java heap size (-Xmx/-Xms)
#   Decrease number of Java threads
#   Decrease Java thread stack sizes (-Xss)
#   Set larger code cache with -XX:ReservedCodeCacheSize=
#   JVM is running with Unscaled Compressed Oops mode in which the Java heap is
#     placed in the first 4GB address space. The Java Heap base address is the
#     maximum limit for the native heap growth. Please use -XX:HeapBaseMinAddress
#     to set the Java Heap base and to place the Java Heap above 4GB virtual address.
# This output file may be truncated or incomplete.
#
#  Out of Memory Error (arena.cpp:168), pid=10760, tid=17436
#
# JRE version: Java(TM) SE Runtime Environment (21.0.6+8) (build 21.0.6+8-LTS-188)
# Java VM: Java HotSpot(TM) 64-Bit Server VM (21.0.6+8-LTS-188, mixed mode, sharing, tiered, compressed oops, compressed class ptrs, g1 gc, windows-amd64)
# No core dump will be written. Minidumps are not enabled by default on client versions of Windows
#

---------------  S U M M A R Y ------------

Command Line: C:\Users\LENOVO\AppData\Local\Temp\surefire13764951883513093549\surefirebooter-20250226174913912_3.jar C:\Users\LENOVO\AppData\Local\Temp\surefire13764951883513093549 2025-02-26T17-49-13_222-jvmRun1 surefire-20250226174913912_1tmp surefire_0-20250226174913912_2tmp

Host: AMD Ryzen 3 3250U with Radeon Graphics         , 4 cores, 3G,  Windows 11 , 64 bit Build 22621 (10.0.22621.4830)
Time: Wed Feb 26 17:50:16 2025 SE Asia Standard Time elapsed time: 61.240016 seconds (0d 0h 1m 1s)

---------------  T H R E A D  ---------------

Current thread (0x000001cde82603d0):  JavaThread "C2 CompilerThread0" daemon [_thread_in_native, id=17436, stack(0x0000006d10f00000,0x0000006d11000000) (1024K)]


Current CompileTask:
C2:  61240 5248       4       org.springframework.core.annotation.TypeMappedAnnotations::get (52 bytes)

Stack: [0x0000006d10f00000,0x0000006d11000000]
Native frames: (J=compiled Java code, j=interpreted, Vv=VM code, C=native code)
V  [jvm.dll+0x6ca6d9]
V  [jvm.dll+0x854f51]
V  [jvm.dll+0x85747e]
V  [jvm.dll+0x857b53]
V  [jvm.dll+0x27dcc6]
V  [jvm.dll+0xc4c2d]
V  [jvm.dll+0xc5163]
V  [jvm.dll+0x3b5122]
V  [jvm.dll+0x381855]
V  [jvm.dll+0x380cca]
V  [jvm.dll+0x246920]
V  [jvm.dll+0x245eff]
V  [jvm.dll+0x1c6d2e]
V  [jvm.dll+0x2554f9]
V  [jvm.dll+0x253a8a]
V  [jvm.dll+0x3ee576]
V  [jvm.dll+0x7ff2fb]
V  [jvm.dll+0x6c8dbd]
C  [ucrtbase.dll+0x29333]
C  [KERNEL32.DLL+0x1259d]
C  [ntdll.dll+0x5af38]


---------------  P R O C E S S  ---------------

Threads class SMR info:
_java_thread_list=0x000001cdedd43940, length=13, elements={
0x000001cdcb73faa0, 0x000001cde8258610, 0x000001cde82595d0, 0x000001cde825d350,
0x000001cde825e1b0, 0x000001cde825ec00, 0x000001cde825f650, 0x000001cde82603d0,
0x000001cde82647f0, 0x000001cde84bc2b0, 0x000001cde84c3f10, 0x000001cded04e4e0,
0x000001cde86ba910
}

Java Threads: ( => current thread )
  0x000001cdcb73faa0 JavaThread "main"                              [_thread_in_vm, id=5696, stack(0x0000006d10100000,0x0000006d10200000) (1024K)]
  0x000001cde8258610 JavaThread "Reference Handler"          daemon [_thread_blocked, id=5288, stack(0x0000006d10900000,0x0000006d10a00000) (1024K)]
  0x000001cde82595d0 JavaThread "Finalizer"                  daemon [_thread_blocked, id=500, stack(0x0000006d10a00000,0x0000006d10b00000) (1024K)]
  0x000001cde825d350 JavaThread "Signal Dispatcher"          daemon [_thread_blocked, id=684, stack(0x0000006d10b00000,0x0000006d10c00000) (1024K)]
  0x000001cde825e1b0 JavaThread "Attach Listener"            daemon [_thread_blocked, id=7748, stack(0x0000006d10c00000,0x0000006d10d00000) (1024K)]
  0x000001cde825ec00 JavaThread "Service Thread"             daemon [_thread_blocked, id=1524, stack(0x0000006d10d00000,0x0000006d10e00000) (1024K)]
  0x000001cde825f650 JavaThread "Monitor Deflation Thread"   daemon [_thread_blocked, id=7116, stack(0x0000006d10e00000,0x0000006d10f00000) (1024K)]
=>0x000001cde82603d0 JavaThread "C2 CompilerThread0"         daemon [_thread_in_native, id=17436, stack(0x0000006d10f00000,0x0000006d11000000) (1024K)]
  0x000001cde82647f0 JavaThread "C1 CompilerThread0"         daemon [_thread_blocked, id=8900, stack(0x0000006d11000000,0x0000006d11100000) (1024K)]
  0x000001cde84bc2b0 JavaThread "Notification Thread"        daemon [_thread_blocked, id=15156, stack(0x0000006d11100000,0x0000006d11200000) (1024K)]
  0x000001cde84c3f10 JavaThread "Common-Cleaner"             daemon [_thread_blocked, id=12088, stack(0x0000006d11200000,0x0000006d11300000) (1024K)]
  0x000001cded04e4e0 JavaThread "surefire-forkedjvm-stream-flusher" daemon [_thread_blocked, id=18092, stack(0x0000006d11300000,0x0000006d11400000) (1024K)]
  0x000001cde86ba910 JavaThread "surefire-forkedjvm-command-thread" daemon [_thread_in_native, id=16928, stack(0x0000006d11400000,0x0000006d11500000) (1024K)]
Total: 13

Other Threads:
  0x000001cdcd9116d0 VMThread "VM Thread"                           [id=13556, stack(0x0000006d10800000,0x0000006d10900000) (1024K)]
  0x000001cdcd8fdf10 WatcherThread "VM Periodic Task Thread"        [id=15096, stack(0x0000006d10700000,0x0000006d10800000) (1024K)]
  0x000001cdcd88d400 WorkerThread "GC Thread#0"                     [id=15392, stack(0x0000006d10200000,0x0000006d10300000) (1024K)]
  0x000001cded766080 WorkerThread "GC Thread#1"                     [id=16460, stack(0x0000006d11500000,0x0000006d11600000) (1024K)]
  0x000001cded4e3120 WorkerThread "GC Thread#2"                     [id=13448, stack(0x0000006d11600000,0x0000006d11700000) (1024K)]
  0x000001cded518370 WorkerThread "GC Thread#3"                     [id=2108, stack(0x0000006d11700000,0x0000006d11800000) (1024K)]
  0x000001cdcd894f30 ConcurrentGCThread "G1 Main Marker"            [id=5012, stack(0x0000006d10300000,0x0000006d10400000) (1024K)]
  0x000001cdcd895af0 WorkerThread "G1 Conc#0"                       [id=16048, stack(0x0000006d10400000,0x0000006d10500000) (1024K)]
  0x000001cdcd8ebfa0 ConcurrentGCThread "G1 Refine#0"               [id=1372, stack(0x0000006d10500000,0x0000006d10600000) (1024K)]
  0x000001cdcd8ecbd0 ConcurrentGCThread "G1 Service"                [id=17840, stack(0x0000006d10600000,0x0000006d10700000) (1024K)]
Total: 10

Threads with active compile tasks:
C2 CompilerThread0    61297 5248       4       org.springframework.core.annotation.TypeMappedAnnotations::get (52 bytes)
Total: 1

VM state: not at safepoint (normal execution)

VM Mutex/Monitor currently owned by a thread: None

Heap address: 0x00000000c9e00000, size: 866 MB, Compressed Oops mode: 32-bit

CDS archive(s) mapped at: [0x000001cd80000000-0x000001cd80c90000-0x000001cd80c90000), size 13172736, SharedBaseAddress: 0x000001cd80000000, ArchiveRelocationMode: 1.
Compressed class space mapped at: 0x000001cd81000000-0x000001cdc1000000, reserved size: 1073741824
Narrow klass base: 0x000001cd80000000, Narrow klass shift: 0, Narrow klass range: 0x100000000

GC Precious Log:
 CardTable entry size: 512
 Card Set container configuration: InlinePtr #cards 5 size 8 Array Of Cards #cards 12 size 40 Howl #buckets 4 coarsen threshold 1843 Howl Bitmap #cards 512 size 80 coarsen threshold 460 Card regions per heap region 1 cards per card region 2048
 CPUs: 4 total, 4 available
 Memory: 3460M
 Large Page Support: Disabled
 NUMA Support: Disabled
 Compressed Oops: Enabled (32-bit)
 Heap Region Size: 1M
 Heap Min Capacity: 8M
 Heap Initial Capacity: 56M
 Heap Max Capacity: 866M
 Pre-touch: Disabled
 Parallel Workers: 4
 Concurrent Workers: 1
 Concurrent Refinement Workers: 4
 Periodic GC: Disabled

Heap:
 garbage-first heap   total 57344K, used 29531K [0x00000000c9e00000, 0x0000000100000000)
  region size 1024K, 5 young (5120K), 3 survivors (3072K)
 Metaspace       used 38492K, committed 38976K, reserved 1114112K
  class space    used 4939K, committed 5184K, reserved 1048576K

Heap Regions: E=young(eden), S=young(survivor), O=old, HS=humongous(starts), HC=humongous(continues), CS=collection set, F=free, TAMS=top-at-mark-start, PB=parsable bottom
|   0|0x00000000c9e00000, 0x00000000c9f00000, 0x00000000c9f00000|100%|HS|  |TAMS 0x00000000c9e00000| PB 0x00000000c9e00000| Complete 
|   1|0x00000000c9f00000, 0x00000000ca000000, 0x00000000ca000000|100%| O|  |TAMS 0x00000000c9f00000| PB 0x00000000c9f00000| Untracked 
|   2|0x00000000ca000000, 0x00000000ca100000, 0x00000000ca100000|100%|HS|  |TAMS 0x00000000ca000000| PB 0x00000000ca000000| Complete 
|   3|0x00000000ca100000, 0x00000000ca200000, 0x00000000ca200000|100%| O|  |TAMS 0x00000000ca100000| PB 0x00000000ca100000| Untracked 
|   4|0x00000000ca200000, 0x00000000ca300000, 0x00000000ca300000|100%| O|  |TAMS 0x00000000ca200000| PB 0x00000000ca200000| Untracked 
|   5|0x00000000ca300000, 0x00000000ca400000, 0x00000000ca400000|100%| O|  |TAMS 0x00000000ca300000| PB 0x00000000ca300000| Untracked 
|   6|0x00000000ca400000, 0x00000000ca500000, 0x00000000ca500000|100%| O|  |TAMS 0x00000000ca400000| PB 0x00000000ca400000| Untracked 
|   7|0x00000000ca500000, 0x00000000ca600000, 0x00000000ca600000|100%| O|  |TAMS 0x00000000ca500000| PB 0x00000000ca500000| Untracked 
|   8|0x00000000ca600000, 0x00000000ca700000, 0x00000000ca700000|100%| O|  |TAMS 0x00000000ca600000| PB 0x00000000ca600000| Untracked 
|   9|0x00000000ca700000, 0x00000000ca800000, 0x00000000ca800000|100%| O|  |TAMS 0x00000000ca700000| PB 0x00000000ca700000| Untracked 
|  10|0x00000000ca800000, 0x00000000ca900000, 0x00000000ca900000|100%| O|  |TAMS 0x00000000ca800000| PB 0x00000000ca800000| Untracked 
|  11|0x00000000ca900000, 0x00000000caa00000, 0x00000000caa00000|100%| O|  |TAMS 0x00000000ca900000| PB 0x00000000ca900000| Untracked 
|  12|0x00000000caa00000, 0x00000000cab00000, 0x00000000cab00000|100%| O|  |TAMS 0x00000000caa00000| PB 0x00000000caa00000| Untracked 
|  13|0x00000000cab00000, 0x00000000cac00000, 0x00000000cac00000|100%| O|  |TAMS 0x00000000cab00000| PB 0x00000000cab00000| Untracked 
|  14|0x00000000cac00000, 0x00000000cad00000, 0x00000000cad00000|100%| O|  |TAMS 0x00000000cac00000| PB 0x00000000cac00000| Untracked 
|  15|0x00000000cad00000, 0x00000000cae00000, 0x00000000cae00000|100%| O|  |TAMS 0x00000000cad00000| PB 0x00000000cad00000| Untracked 
|  16|0x00000000cae00000, 0x00000000caf00000, 0x00000000caf00000|100%| O|  |TAMS 0x00000000cae00000| PB 0x00000000cae00000| Untracked 
|  17|0x00000000caf00000, 0x00000000cb000000, 0x00000000cb000000|100%| O|  |TAMS 0x00000000caf00000| PB 0x00000000caf00000| Untracked 
|  18|0x00000000cb000000, 0x00000000cb100000, 0x00000000cb100000|100%| O|  |TAMS 0x00000000cb000000| PB 0x00000000cb000000| Untracked 
|  19|0x00000000cb100000, 0x00000000cb200000, 0x00000000cb200000|100%| O|  |TAMS 0x00000000cb100000| PB 0x00000000cb100000| Untracked 
|  20|0x00000000cb200000, 0x00000000cb300000, 0x00000000cb300000|100%| O|Cm|TAMS 0x00000000cb200000| PB 0x00000000cb200000| Complete 
|  21|0x00000000cb300000, 0x00000000cb400000, 0x00000000cb400000|100%| O|  |TAMS 0x00000000cb300000| PB 0x00000000cb300000| Untracked 
|  22|0x00000000cb400000, 0x00000000cb500000, 0x00000000cb500000|100%| O|  |TAMS 0x00000000cb400000| PB 0x00000000cb400000| Untracked 
|  23|0x00000000cb500000, 0x00000000cb600000, 0x00000000cb600000|100%| O|  |TAMS 0x00000000cb500000| PB 0x00000000cb500000| Untracked 
|  24|0x00000000cb600000, 0x00000000cb700000, 0x00000000cb700000|100%| O|  |TAMS 0x00000000cb600000| PB 0x00000000cb600000| Untracked 
|  25|0x00000000cb700000, 0x00000000cb772ea0, 0x00000000cb800000| 44%| O|  |TAMS 0x00000000cb700000| PB 0x00000000cb700000| Untracked 
|  26|0x00000000cb800000, 0x00000000cb800000, 0x00000000cb900000|  0%| F|  |TAMS 0x00000000cb800000| PB 0x00000000cb800000| Untracked 
|  27|0x00000000cb900000, 0x00000000cb900000, 0x00000000cba00000|  0%| F|  |TAMS 0x00000000cb900000| PB 0x00000000cb900000| Untracked 
|  28|0x00000000cba00000, 0x00000000cba00000, 0x00000000cbb00000|  0%| F|  |TAMS 0x00000000cba00000| PB 0x00000000cba00000| Untracked 
|  29|0x00000000cbb00000, 0x00000000cbb63ff0, 0x00000000cbc00000| 39%| S|CS|TAMS 0x00000000cbb00000| PB 0x00000000cbb00000| Complete 
|  30|0x00000000cbc00000, 0x00000000cbd00000, 0x00000000cbd00000|100%| S|CS|TAMS 0x00000000cbc00000| PB 0x00000000cbc00000| Complete 
|  31|0x00000000cbd00000, 0x00000000cbe00000, 0x00000000cbe00000|100%| S|CS|TAMS 0x00000000cbd00000| PB 0x00000000cbd00000| Complete 
|  32|0x00000000cbe00000, 0x00000000cbe00000, 0x00000000cbf00000|  0%| F|  |TAMS 0x00000000cbe00000| PB 0x00000000cbe00000| Untracked 
|  33|0x00000000cbf00000, 0x00000000cbf00000, 0x00000000cc000000|  0%| F|  |TAMS 0x00000000cbf00000| PB 0x00000000cbf00000| Untracked 
|  34|0x00000000cc000000, 0x00000000cc000000, 0x00000000cc100000|  0%| F|  |TAMS 0x00000000cc000000| PB 0x00000000cc000000| Untracked 
|  35|0x00000000cc100000, 0x00000000cc100000, 0x00000000cc200000|  0%| F|  |TAMS 0x00000000cc100000| PB 0x00000000cc100000| Untracked 
|  36|0x00000000cc200000, 0x00000000cc200000, 0x00000000cc300000|  0%| F|  |TAMS 0x00000000cc200000| PB 0x00000000cc200000| Untracked 
|  37|0x00000000cc300000, 0x00000000cc300000, 0x00000000cc400000|  0%| F|  |TAMS 0x00000000cc300000| PB 0x00000000cc300000| Untracked 
|  38|0x00000000cc400000, 0x00000000cc400000, 0x00000000cc500000|  0%| F|  |TAMS 0x00000000cc400000| PB 0x00000000cc400000| Untracked 
|  39|0x00000000cc500000, 0x00000000cc500000, 0x00000000cc600000|  0%| F|  |TAMS 0x00000000cc500000| PB 0x00000000cc500000| Untracked 
|  40|0x00000000cc600000, 0x00000000cc600000, 0x00000000cc700000|  0%| F|  |TAMS 0x00000000cc600000| PB 0x00000000cc600000| Untracked 
|  41|0x00000000cc700000, 0x00000000cc700000, 0x00000000cc800000|  0%| F|  |TAMS 0x00000000cc700000| PB 0x00000000cc700000| Untracked 
|  42|0x00000000cc800000, 0x00000000cc800000, 0x00000000cc900000|  0%| F|  |TAMS 0x00000000cc800000| PB 0x00000000cc800000| Untracked 
|  43|0x00000000cc900000, 0x00000000cc900000, 0x00000000cca00000|  0%| F|  |TAMS 0x00000000cc900000| PB 0x00000000cc900000| Untracked 
|  44|0x00000000cca00000, 0x00000000cca00000, 0x00000000ccb00000|  0%| F|  |TAMS 0x00000000cca00000| PB 0x00000000cca00000| Untracked 
|  45|0x00000000ccb00000, 0x00000000ccb00000, 0x00000000ccc00000|  0%| F|  |TAMS 0x00000000ccb00000| PB 0x00000000ccb00000| Untracked 
|  46|0x00000000ccc00000, 0x00000000ccc00000, 0x00000000ccd00000|  0%| F|  |TAMS 0x00000000ccc00000| PB 0x00000000ccc00000| Untracked 
|  47|0x00000000ccd00000, 0x00000000ccd00000, 0x00000000cce00000|  0%| F|  |TAMS 0x00000000ccd00000| PB 0x00000000ccd00000| Untracked 
|  48|0x00000000cce00000, 0x00000000cce00000, 0x00000000ccf00000|  0%| F|  |TAMS 0x00000000cce00000| PB 0x00000000cce00000| Untracked 
|  49|0x00000000ccf00000, 0x00000000ccf00000, 0x00000000cd000000|  0%| F|  |TAMS 0x00000000ccf00000| PB 0x00000000ccf00000| Untracked 
|  50|0x00000000cd000000, 0x00000000cd000000, 0x00000000cd100000|  0%| F|  |TAMS 0x00000000cd000000| PB 0x00000000cd000000| Untracked 
|  51|0x00000000cd100000, 0x00000000cd100000, 0x00000000cd200000|  0%| F|  |TAMS 0x00000000cd100000| PB 0x00000000cd100000| Untracked 
|  52|0x00000000cd200000, 0x00000000cd200000, 0x00000000cd300000|  0%| F|  |TAMS 0x00000000cd200000| PB 0x00000000cd200000| Untracked 
|  53|0x00000000cd300000, 0x00000000cd300000, 0x00000000cd400000|  0%| F|  |TAMS 0x00000000cd300000| PB 0x00000000cd300000| Untracked 
|  54|0x00000000cd400000, 0x00000000cd465910, 0x00000000cd500000| 39%| E|  |TAMS 0x00000000cd400000| PB 0x00000000cd400000| Complete 
|  55|0x00000000cd500000, 0x00000000cd600000, 0x00000000cd600000|100%| E|CS|TAMS 0x00000000cd500000| PB 0x00000000cd500000| Complete 

Card table byte_map: [0x000001cde4ea0000,0x000001cde5060000] _byte_map_base: 0x000001cde4851000

Marking Bits: (CMBitMap*) 0x000001cdcd88da10
 Bits: [0x000001cde5060000, 0x000001cde5de8000)

Polling page: 0x000001cdcd020000

Metaspace:

Usage:
  Non-class:     32.77 MB used.
      Class:      4.82 MB used.
       Both:     37.59 MB used.

Virtual space:
  Non-class space:       64.00 MB reserved,      33.00 MB ( 52%) committed,  1 nodes.
      Class space:        1.00 GB reserved,       5.06 MB ( <1%) committed,  1 nodes.
             Both:        1.06 GB reserved,      38.06 MB (  3%) committed. 

Chunk freelists:
   Non-Class:  14.06 MB
       Class:  10.84 MB
        Both:  24.91 MB

MaxMetaspaceSize: unlimited
CompressedClassSpaceSize: 1.00 GB
Initial GC threshold: 21.00 MB
Current GC threshold: 58.69 MB
CDS: on
 - commit_granule_bytes: 65536.
 - commit_granule_words: 8192.
 - virtual_space_node_default_size: 8388608.
 - enlarge_chunks_in_place: 1.
 - use_allocation_guard: 0.


Internal statistics:

num_allocs_failed_limit: 6.
num_arena_births: 658.
num_arena_deaths: 0.
num_vsnodes_births: 2.
num_vsnodes_deaths: 0.
num_space_committed: 609.
num_space_uncommitted: 0.
num_chunks_returned_to_freelist: 6.
num_chunks_taken_from_freelist: 2093.
num_chunk_merges: 6.
num_chunk_splits: 1400.
num_chunks_enlarged: 1007.
num_inconsistent_stats: 0.

CodeHeap 'non-profiled nmethods': size=120000Kb used=3179Kb max_used=3179Kb free=116820Kb
 bounds [0x000001cddd7b0000, 0x000001cdddae0000, 0x000001cde4ce0000]
CodeHeap 'profiled nmethods': size=120000Kb used=10227Kb max_used=10734Kb free=109772Kb
 bounds [0x000001cdd5ce0000, 0x000001cdd6760000, 0x000001cddd210000]
CodeHeap 'non-nmethods': size=5760Kb used=1478Kb max_used=1517Kb free=4281Kb
 bounds [0x000001cddd210000, 0x000001cddd480000, 0x000001cddd7b0000]
 total_blobs=5383 nmethods=4823 adapters=462
 compilation: enabled
              stopped_count=0, restarted_count=0
 full_count=0

Compilation events (20 events):
Event: 60.528 Thread 0x000001cde82647f0 nmethod 5239 0x000001cdd5d99090 code [0x000001cdd5d99480, 0x000001cdd5d9b520]
Event: 60.530 Thread 0x000001cde82603d0 5240       4       org.springframework.core.annotation.MergedAnnotations::from (11 bytes)
Event: 60.531 Thread 0x000001cde82647f0 5241       3       org.springframework.boot.test.mock.mockito.MockitoPostProcessor::postProcessField (29 bytes)
Event: 60.531 Thread 0x000001cde82647f0 nmethod 5241 0x000001cdd5d40990 code [0x000001cdd5d40bc0, 0x000001cdd5d413c8]
Event: 60.532 Thread 0x000001cde82647f0 5242       3       org.springframework.core.annotation.AnnotationsScanner::getBaseTypeMethods (123 bytes)
Event: 60.533 Thread 0x000001cde82647f0 nmethod 5242 0x000001cdd610c590 code [0x000001cdd610c820, 0x000001cdd610d3e0]
Event: 60.555 Thread 0x000001cde82603d0 nmethod 5240 0x000001cddd859490 code [0x000001cddd859720, 0x000001cddd85a3b8]
Event: 60.558 Thread 0x000001cde82647f0 5243       3       org.springframework.beans.factory.config.DependencyDescriptor::getDependencyType (50 bytes)
Event: 60.559 Thread 0x000001cde82647f0 nmethod 5243 0x000001cdd5d1e190 code [0x000001cdd5d1e3c0, 0x000001cdd5d1ea70]
Event: 60.607 Thread 0x000001cde82603d0 5244       4       sun.net.www.ParseUtil::match (50 bytes)
Event: 60.609 Thread 0x000001cde82603d0 nmethod 5244 0x000001cddd810510 code [0x000001cddd8106a0, 0x000001cddd810798]
Event: 60.611 Thread 0x000001cde82647f0 5245       3       java.lang.invoke.LambdaFormEditor::addArgumentForm (121 bytes)
Event: 60.612 Thread 0x000001cde82647f0 nmethod 5245 0x000001cdd5d1d490 code [0x000001cdd5d1d6e0, 0x000001cdd5d1dce0]
Event: 60.934 Thread 0x000001cde82647f0 5246       3       java.lang.reflect.Method::getGenericInfo (28 bytes)
Event: 60.935 Thread 0x000001cde82647f0 nmethod 5246 0x000001cdd5da8210 code [0x000001cdd5da84a0, 0x000001cdd5da92a0]
Event: 60.939 Thread 0x000001cde82647f0 5247   !   3       jdk.proxy2.$Proxy51::annotationType (29 bytes)
Event: 60.940 Thread 0x000001cde82647f0 nmethod 5247 0x000001cdd5d06410 code [0x000001cdd5d065e0, 0x000001cdd5d069e0]
Event: 60.940 Thread 0x000001cde82603d0 5248       4       org.springframework.core.annotation.TypeMappedAnnotations::get (52 bytes)
Event: 61.002 Thread 0x000001cde82647f0 5249       3       org.springframework.beans.factory.support.AbstractBeanFactory::isTypeMatch (745 bytes)
Event: 61.009 Thread 0x000001cde82647f0 nmethod 5249 0x000001cdd5d22b10 code [0x000001cdd5d23320, 0x000001cdd5d28e50]

GC Heap History (20 events):
Event: 12.714 GC heap before
{Heap before GC invocations=3 (full 0):
 garbage-first heap   total 57344K, used 42621K [0x00000000c9e00000, 0x0000000100000000)
  region size 1024K, 31 young (31744K), 3 survivors (3072K)
 Metaspace       used 15718K, committed 16064K, reserved 1114112K
  class space    used 1935K, committed 2112K, reserved 1048576K
}
Event: 12.733 GC heap after
{Heap after GC invocations=4 (full 0):
 garbage-first heap   total 57344K, used 15599K [0x00000000c9e00000, 0x0000000100000000)
  region size 1024K, 4 young (4096K), 4 survivors (4096K)
 Metaspace       used 15718K, committed 16064K, reserved 1114112K
  class space    used 1935K, committed 2112K, reserved 1048576K
}
Event: 17.269 GC heap before
{Heap before GC invocations=4 (full 0):
 garbage-first heap   total 57344K, used 39151K [0x00000000c9e00000, 0x0000000100000000)
  region size 1024K, 28 young (28672K), 4 survivors (4096K)
 Metaspace       used 21035K, committed 21376K, reserved 1114112K
  class space    used 2764K, committed 2944K, reserved 1048576K
}
Event: 17.280 GC heap after
{Heap after GC invocations=5 (full 0):
 garbage-first heap   total 57344K, used 17913K [0x00000000c9e00000, 0x0000000100000000)
  region size 1024K, 2 young (2048K), 2 survivors (2048K)
 Metaspace       used 21035K, committed 21376K, reserved 1114112K
  class space    used 2764K, committed 2944K, reserved 1048576K
}
Event: 17.523 GC heap before
{Heap before GC invocations=5 (full 0):
 garbage-first heap   total 57344K, used 18937K [0x00000000c9e00000, 0x0000000100000000)
  region size 1024K, 4 young (4096K), 2 survivors (2048K)
 Metaspace       used 21210K, committed 21504K, reserved 1114112K
  class space    used 2779K, committed 2944K, reserved 1048576K
}
Event: 17.528 GC heap after
{Heap after GC invocations=6 (full 0):
 garbage-first heap   total 57344K, used 18045K [0x00000000c9e00000, 0x0000000100000000)
  region size 1024K, 2 young (2048K), 2 survivors (2048K)
 Metaspace       used 21210K, committed 21504K, reserved 1114112K
  class space    used 2779K, committed 2944K, reserved 1048576K
}
Event: 21.353 GC heap before
{Heap before GC invocations=7 (full 0):
 garbage-first heap   total 57344K, used 40573K [0x00000000c9e00000, 0x0000000100000000)
  region size 1024K, 25 young (25600K), 2 survivors (2048K)
 Metaspace       used 25521K, committed 25856K, reserved 1114112K
  class space    used 3235K, committed 3392K, reserved 1048576K
}
Event: 21.359 GC heap after
{Heap after GC invocations=8 (full 0):
 garbage-first heap   total 57344K, used 19844K [0x00000000c9e00000, 0x0000000100000000)
  region size 1024K, 4 young (4096K), 4 survivors (4096K)
 Metaspace       used 25521K, committed 25856K, reserved 1114112K
  class space    used 3235K, committed 3392K, reserved 1048576K
}
Event: 25.886 GC heap before
{Heap before GC invocations=8 (full 0):
 garbage-first heap   total 57344K, used 43396K [0x00000000c9e00000, 0x0000000100000000)
  region size 1024K, 27 young (27648K), 4 survivors (4096K)
 Metaspace       used 28478K, committed 28928K, reserved 1114112K
  class space    used 3627K, committed 3840K, reserved 1048576K
}
Event: 25.904 GC heap after
{Heap after GC invocations=9 (full 0):
 garbage-first heap   total 57344K, used 21696K [0x00000000c9e00000, 0x0000000100000000)
  region size 1024K, 4 young (4096K), 4 survivors (4096K)
 Metaspace       used 28478K, committed 28928K, reserved 1114112K
  class space    used 3627K, committed 3840K, reserved 1048576K
}
Event: 34.415 GC heap before
{Heap before GC invocations=9 (full 0):
 garbage-first heap   total 57344K, used 45248K [0x00000000c9e00000, 0x0000000100000000)
  region size 1024K, 27 young (27648K), 4 survivors (4096K)
 Metaspace       used 30454K, committed 30848K, reserved 1114112K
  class space    used 3882K, committed 4096K, reserved 1048576K
}
Event: 34.433 GC heap after
{Heap after GC invocations=10 (full 0):
 garbage-first heap   total 57344K, used 23552K [0x00000000c9e00000, 0x0000000100000000)
  region size 1024K, 2 young (2048K), 2 survivors (2048K)
 Metaspace       used 30454K, committed 30848K, reserved 1114112K
  class space    used 3882K, committed 4096K, reserved 1048576K
}
Event: 40.466 GC heap before
{Heap before GC invocations=10 (full 0):
 garbage-first heap   total 57344K, used 47104K [0x00000000c9e00000, 0x0000000100000000)
  region size 1024K, 25 young (25600K), 2 survivors (2048K)
 Metaspace       used 32737K, committed 33152K, reserved 1114112K
  class space    used 4188K, committed 4416K, reserved 1048576K
}
Event: 40.482 GC heap after
{Heap after GC invocations=11 (full 0):
 garbage-first heap   total 57344K, used 25600K [0x00000000c9e00000, 0x0000000100000000)
  region size 1024K, 4 young (4096K), 4 survivors (4096K)
 Metaspace       used 32737K, committed 33152K, reserved 1114112K
  class space    used 4188K, committed 4416K, reserved 1048576K
}
Event: 45.528 GC heap before
{Heap before GC invocations=11 (full 0):
 garbage-first heap   total 57344K, used 48128K [0x00000000c9e00000, 0x0000000100000000)
  region size 1024K, 26 young (26624K), 4 survivors (4096K)
 Metaspace       used 34934K, committed 35456K, reserved 1114112K
  class space    used 4427K, committed 4672K, reserved 1048576K
}
Event: 45.787 GC heap after
{Heap after GC invocations=12 (full 0):
 garbage-first heap   total 57344K, used 26280K [0x00000000c9e00000, 0x0000000100000000)
  region size 1024K, 3 young (3072K), 3 survivors (3072K)
 Metaspace       used 34934K, committed 35456K, reserved 1114112K
  class space    used 4427K, committed 4672K, reserved 1048576K
}
Event: 48.024 GC heap before
{Heap before GC invocations=12 (full 0):
 garbage-first heap   total 57344K, used 29352K [0x00000000c9e00000, 0x0000000100000000)
  region size 1024K, 7 young (7168K), 3 survivors (3072K)
 Metaspace       used 35515K, committed 35968K, reserved 1114112K
  class space    used 4521K, committed 4736K, reserved 1048576K
}
Event: 48.042 GC heap after
{Heap after GC invocations=13 (full 0):
 garbage-first heap   total 57344K, used 26919K [0x00000000c9e00000, 0x0000000100000000)
  region size 1024K, 2 young (2048K), 2 survivors (2048K)
 Metaspace       used 35515K, committed 35968K, reserved 1114112K
  class space    used 4521K, committed 4736K, reserved 1048576K
}
Event: 60.755 GC heap before
{Heap before GC invocations=14 (full 0):
 garbage-first heap   total 57344K, used 49447K [0x00000000c9e00000, 0x0000000100000000)
  region size 1024K, 24 young (24576K), 2 survivors (2048K)
 Metaspace       used 38255K, committed 38784K, reserved 1114112K
  class space    used 4912K, committed 5184K, reserved 1048576K
}
Event: 60.801 GC heap after
{Heap after GC invocations=15 (full 0):
 garbage-first heap   total 57344K, used 28507K [0x00000000c9e00000, 0x0000000100000000)
  region size 1024K, 3 young (3072K), 3 survivors (3072K)
 Metaspace       used 38255K, committed 38784K, reserved 1114112K
  class space    used 4912K, committed 5184K, reserved 1048576K
}

Dll operation events (9 events):
Event: 0.092 Loaded shared library C:\Program Files\Java\jdk-21\bin\java.dll
Event: 0.366 Loaded shared library C:\Program Files\Java\jdk-21\bin\jsvml.dll
Event: 0.467 Loaded shared library C:\Program Files\Java\jdk-21\bin\net.dll
Event: 0.472 Loaded shared library C:\Program Files\Java\jdk-21\bin\nio.dll
Event: 0.485 Loaded shared library C:\Program Files\Java\jdk-21\bin\zip.dll
Event: 0.765 Loaded shared library C:\Program Files\Java\jdk-21\bin\management.dll
Event: 0.824 Loaded shared library C:\Program Files\Java\jdk-21\bin\management_ext.dll
Event: 0.968 Loaded shared library C:\Program Files\Java\jdk-21\bin\jimage.dll
Event: 23.298 Loaded shared library C:\Program Files\Java\jdk-21\bin\sunmscapi.dll

Deoptimization events (20 events):
Event: 60.557 Thread 0x000001cdcb73faa0 Uncommon trap: trap_request=0xffffffc6 fr.pc=0x000001cddd9dd3bc relative=0x00000000000024fc
Event: 60.557 Thread 0x000001cdcb73faa0 Uncommon trap: reason=bimorphic_or_optimized_type_check action=maybe_recompile pc=0x000001cddd9dd3bc method=org.springframework.core.annotation.TypeMappedAnnotation.getValue(IZZ)Ljava/lang/Object; @ 121 c2
Event: 60.557 Thread 0x000001cdcb73faa0 DEOPT PACKING pc=0x000001cddd9dd3bc sp=0x0000006d101f9110
Event: 60.557 Thread 0x000001cdcb73faa0 DEOPT UNPACKING pc=0x000001cddd2646a2 sp=0x0000006d101f90c8 mode 2
Event: 60.560 Thread 0x000001cdcb73faa0 Uncommon trap: trap_request=0xffffffc6 fr.pc=0x000001cddd9dd3bc relative=0x00000000000024fc
Event: 60.560 Thread 0x000001cdcb73faa0 Uncommon trap: reason=bimorphic_or_optimized_type_check action=maybe_recompile pc=0x000001cddd9dd3bc method=org.springframework.core.annotation.TypeMappedAnnotation.getValue(IZZ)Ljava/lang/Object; @ 121 c2
Event: 60.560 Thread 0x000001cdcb73faa0 DEOPT PACKING pc=0x000001cddd9dd3bc sp=0x0000006d101f9110
Event: 60.560 Thread 0x000001cdcb73faa0 DEOPT UNPACKING pc=0x000001cddd2646a2 sp=0x0000006d101f90c8 mode 2
Event: 60.561 Thread 0x000001cdcb73faa0 Uncommon trap: trap_request=0xffffffc6 fr.pc=0x000001cddd9dd3bc relative=0x00000000000024fc
Event: 60.561 Thread 0x000001cdcb73faa0 Uncommon trap: reason=bimorphic_or_optimized_type_check action=maybe_recompile pc=0x000001cddd9dd3bc method=org.springframework.core.annotation.TypeMappedAnnotation.getValue(IZZ)Ljava/lang/Object; @ 121 c2
Event: 60.562 Thread 0x000001cdcb73faa0 DEOPT PACKING pc=0x000001cddd9dd3bc sp=0x0000006d101f9110
Event: 60.562 Thread 0x000001cdcb73faa0 DEOPT UNPACKING pc=0x000001cddd2646a2 sp=0x0000006d101f90c8 mode 2
Event: 61.001 Thread 0x000001cdcb73faa0 Uncommon trap: trap_request=0xffffff45 fr.pc=0x000001cddd867564 relative=0x0000000000003a24
Event: 61.001 Thread 0x000001cdcb73faa0 Uncommon trap: reason=unstable_if action=reinterpret pc=0x000001cddd867564 method=org.springframework.beans.factory.support.AbstractBeanFactory.isTypeMatch(Ljava/lang/String;Lorg/springframework/core/ResolvableType;Z)Z @ 79 c2
Event: 61.002 Thread 0x000001cdcb73faa0 DEOPT PACKING pc=0x000001cddd867564 sp=0x0000006d101f9660
Event: 61.002 Thread 0x000001cdcb73faa0 DEOPT UNPACKING pc=0x000001cddd2646a2 sp=0x0000006d101f9618 mode 2
Event: 61.029 Thread 0x000001cdcb73faa0 Uncommon trap: trap_request=0xffffff45 fr.pc=0x000001cddd9dd174 relative=0x00000000000022b4
Event: 61.029 Thread 0x000001cdcb73faa0 Uncommon trap: reason=unstable_if action=reinterpret pc=0x000001cddd9dd174 method=org.springframework.core.annotation.TypeMappedAnnotation.getValue(IZZ)Ljava/lang/Object; @ 30 c2
Event: 61.029 Thread 0x000001cdcb73faa0 DEOPT PACKING pc=0x000001cddd9dd174 sp=0x0000006d101f8c10
Event: 61.029 Thread 0x000001cdcb73faa0 DEOPT UNPACKING pc=0x000001cddd2646a2 sp=0x0000006d101f8bf8 mode 2

Classes loaded (20 events):
Event: 46.369 Loading class java/lang/Class$EnclosingMethodInfo
Event: 46.403 Loading class java/lang/Class$EnclosingMethodInfo done
Event: 47.307 Loading class sun/invoke/util/ValueConversions$1
Event: 47.310 Loading class sun/invoke/util/ValueConversions$1 done
Event: 47.312 Loading class java/lang/invoke/BoundMethodHandle$Species_LI
Event: 47.312 Loading class java/lang/invoke/BoundMethodHandle$Species_LI done
Event: 47.932 Loading class java/text/MessageFormat
Event: 47.935 Loading class java/text/MessageFormat done
Event: 55.292 Loading class java/util/concurrent/CompletionStage
Event: 55.723 Loading class java/util/concurrent/CompletionStage done
Event: 59.549 Loading class sun/reflect/ReflectionFactory
Event: 59.550 Loading class sun/reflect/ReflectionFactory done
Event: 59.550 Loading class sun/reflect/ReflectionFactory$1
Event: 59.550 Loading class sun/reflect/ReflectionFactory$1 done
Event: 59.551 Loading class java/io/OptionalDataException
Event: 59.552 Loading class java/io/OptionalDataException done
Event: 60.382 Loading class java/nio/charset/UnsupportedCharsetException
Event: 60.392 Loading class java/nio/charset/UnsupportedCharsetException done
Event: 61.125 Loading class java/util/Comparators$NullComparator
Event: 61.188 Loading class java/util/Comparators$NullComparator done

Classes unloaded (0 events):
No events

Classes redefined (0 events):
No events

Internal exceptions (20 events):
Event: 40.747 Thread 0x000001cdcb73faa0 Exception <a 'java/lang/NoSuchMethodError'{0x00000000cd4eb138}: 'int java.lang.invoke.DirectMethodHandle$Holder.invokeStatic(java.lang.Object, long)'> (0x00000000cd4eb138) 
thrown [s\open\src\hotspot\share\interpreter\linkResolver.cpp, line 773]
Event: 40.768 Thread 0x000001cdcb73faa0 Exception <a 'java/lang/NoSuchMethodError'{0x00000000cd30a330}: 'int java.lang.invoke.DirectMethodHandle$Holder.invokeSpecial(java.lang.Object, java.lang.Object, int)'> (0x00000000cd30a330) 
thrown [s\open\src\hotspot\share\interpreter\linkResolver.cpp, line 773]
Event: 40.771 Thread 0x000001cdcb73faa0 Exception <a 'java/lang/NoSuchMethodError'{0x00000000cd311fb0}: 'int java.lang.invoke.Invokers$Holder.linkToTargetMethod(java.lang.Object, java.lang.Object)'> (0x00000000cd311fb0) 
thrown [s\open\src\hotspot\share\interpreter\linkResolver.cpp, line 773]
Event: 40.844 Thread 0x000001cdcb73faa0 Exception <a 'java/lang/NoSuchMethodError'{0x00000000cd3a8e58}: 'java.lang.Object java.lang.invoke.Invokers$Holder.invoke_MT(java.lang.Object, java.lang.Object, java.lang.Object, java.lang.Object, java.lang.Object, java.lang.Object, java.lang.Object, java.lang.Object, java.lang.Object, java.lang.Object)'> (0x00000000cd3a8e58) 
thrown [s\open\src\hotspot\share\interpreter\linkResolver.cpp, line 773]
Event: 40.896 Thread 0x000001cdcb73faa0 Exception <a 'java/lang/NoSuchMethodError'{0x00000000cd3e5798}: 'java.lang.Object java.lang.invoke.DirectMethodHandle$Holder.invokeSpecial(java.lang.Object, java.lang.Object, int, java.lang.Object, java.lang.Object)'> (0x00000000cd3e5798) 
thrown [s\open\src\hotspot\share\interpreter\linkResolver.cpp, line 773]
Event: 40.897 Thread 0x000001cdcb73faa0 Exception <a 'java/lang/NoSuchMethodError'{0x00000000cd3e9738}: 'java.lang.Object java.lang.invoke.DelegatingMethodHandle$Holder.delegate(java.lang.Object, int, java.lang.Object, java.lang.Object)'> (0x00000000cd3e9738) 
thrown [s\open\src\hotspot\share\interpreter\linkResolver.cpp, line 773]
Event: 40.904 Thread 0x000001cdcb73faa0 Exception <a 'java/lang/NoSuchMethodError'{0x00000000cd3f92c0}: 'int java.lang.invoke.Invokers$Holder.linkToTargetMethod(java.lang.Object, java.lang.Object, java.lang.Object)'> (0x00000000cd3f92c0) 
thrown [s\open\src\hotspot\share\interpreter\linkResolver.cpp, line 773]
Event: 40.984 Thread 0x000001cdcb73faa0 Exception <a 'java/lang/NoSuchMethodError'{0x00000000cd2a7d40}: 'void java.lang.invoke.Invokers$Holder.invokeExact_MT(java.lang.Object, java.lang.Object, java.lang.Object)'> (0x00000000cd2a7d40) 
thrown [s\open\src\hotspot\share\interpreter\linkResolver.cpp, line 773]
Event: 43.712 Thread 0x000001cdcb73faa0 Exception <a 'java/lang/NoClassDefFoundError'{0x00000000cc4b8b30}: org/flywaydb/core/Flyway> (0x00000000cc4b8b30) 
thrown [s\open\src\hotspot\share\classfile\systemDictionary.cpp, line 301]
Event: 43.713 Thread 0x000001cdcb73faa0 Exception <a 'java/lang/NoClassDefFoundError'{0x00000000cc4bb4d0}: liquibase/integration/spring/SpringLiquibase> (0x00000000cc4bb4d0) 
thrown [s\open\src\hotspot\share\classfile\systemDictionary.cpp, line 301]
Event: 46.641 Thread 0x000001cdcb73faa0 Exception <a 'java/lang/IncompatibleClassChangeError'{0x00000000cd5ef8d8}: Found class java.lang.Object, but interface was expected> (0x00000000cd5ef8d8) 
thrown [s\open\src\hotspot\share\interpreter\linkResolver.cpp, line 840]
Event: 47.305 Thread 0x000001cdcb73faa0 Exception <a 'java/lang/NoSuchMethodError'{0x00000000cd4f0990}: 'void java.lang.invoke.DirectMethodHandle$Holder.invokeVirtual(java.lang.Object, java.lang.Object, int)'> (0x00000000cd4f0990) 
thrown [s\open\src\hotspot\share\interpreter\linkResolver.cpp, line 773]
Event: 47.311 Thread 0x000001cdcb73faa0 Exception <a 'java/lang/NoSuchMethodError'{0x00000000cd4f4e48}: 'int java.lang.invoke.DirectMethodHandle$Holder.invokeSpecial(java.lang.Object, java.lang.Object, java.lang.Object, int)'> (0x00000000cd4f4e48) 
thrown [s\open\src\hotspot\share\interpreter\linkResolver.cpp, line 773]
Event: 47.322 Thread 0x000001cdcb73faa0 Exception <a 'java/lang/NoSuchMethodError'{0x00000000cd307878}: 'java.lang.Object java.lang.invoke.DirectMethodHandle$Holder.invokeStatic(java.lang.Object, java.lang.Object, java.lang.Object, java.lang.Object, int)'> (0x00000000cd307878) 
thrown [s\open\src\hotspot\share\interpreter\linkResolver.cpp, line 773]
Event: 47.328 Thread 0x000001cdcb73faa0 Exception <a 'java/lang/NoSuchMethodError'{0x00000000cd3124c0}: 'void java.lang.invoke.DelegatingMethodHandle$Holder.reinvoke_L(java.lang.Object, java.lang.Object, int)'> (0x00000000cd3124c0) 
thrown [s\open\src\hotspot\share\interpreter\linkResolver.cpp, line 773]
Event: 47.975 Thread 0x000001cdcb73faa0 Exception <a 'java/lang/NoSuchMethodError'{0x00000000cd2025c8}: 'void java.lang.invoke.Invokers$Holder.invokeExact_MT(java.lang.Object, java.lang.Object, java.lang.Object, java.lang.Object)'> (0x00000000cd2025c8) 
thrown [s\open\src\hotspot\share\interpreter\linkResolver.cpp, line 773]
Event: 50.329 Thread 0x000001cdcb73faa0 Exception <a 'java/lang/NoSuchMethodError'{0x00000000cd383f90}: 'java.lang.Object java.lang.invoke.DirectMethodHandle$Holder.newInvokeSpecial(java.lang.Object, java.lang.Object, java.lang.Object, java.lang.Object, java.lang.Object, java.lang.Object, java.lang.Object, java.lang.Object)'> (0x00000000cd383f90) 
thrown [s\open\src\hotspot\share\interpreter\linkResolver.cpp, line 773]
Event: 54.693 Thread 0x000001cdcb73faa0 Exception <a 'java/lang/NoSuchMethodError'{0x00000000ccbaef78}: 'java.lang.Object java.lang.invoke.DirectMethodHandle$Holder.invokeVirtual(java.lang.Object, java.lang.Object, java.lang.Object, java.lang.Object, java.lang.Object)'> (0x00000000ccbaef78) 
thrown [s\open\src\hotspot\share\interpreter\linkResolver.cpp, line 773]
Event: 56.945 Thread 0x000001cdcb73faa0 Exception <a 'java/lang/NoSuchMethodError'{0x00000000cc744cd8}: 'java.lang.Object java.lang.invoke.DirectMethodHandle$Holder.invokeVirtual(java.lang.Object, java.lang.Object, java.lang.Object, java.lang.Object, java.lang.Object, java.lang.Object)'> (0x00000000cc744cd8) 
thrown [s\open\src\hotspot\share\interpreter\linkResolver.cpp, line 773]
Event: 59.449 Thread 0x000001cdcb73faa0 Exception <a 'java/lang/NoSuchMethodError'{0x00000000cc42a1c0}: 'int java.lang.invoke.DirectMethodHandle$Holder.invokeStaticInit(java.lang.Object, int, java.lang.Object, java.lang.Object, java.lang.Object, java.lang.Object)'> (0x00000000cc42a1c0) 
thrown [s\open\src\hotspot\share\interpreter\linkResolver.cpp, line 773]

ZGC Phase Switch (0 events):
No events

VM Operations (20 events):
Event: 57.107 Executing VM operation: Cleanup
Event: 57.107 Executing VM operation: Cleanup done
Event: 58.120 Executing VM operation: Cleanup
Event: 58.309 Executing VM operation: Cleanup done
Event: 59.323 Executing VM operation: Cleanup
Event: 59.354 Executing VM operation: Cleanup done
Event: 59.473 Executing VM operation: HandshakeAllThreads (Deoptimize)
Event: 59.473 Executing VM operation: HandshakeAllThreads (Deoptimize) done
Event: 59.491 Executing VM operation: HandshakeAllThreads (Deoptimize)
Event: 59.491 Executing VM operation: HandshakeAllThreads (Deoptimize) done
Event: 60.107 Executing VM operation: HandshakeAllThreads (HandshakeForDeflation)
Event: 60.107 Executing VM operation: HandshakeAllThreads (HandshakeForDeflation) done
Event: 60.108 Executing VM operation: RendezvousGCThreads
Event: 60.108 Executing VM operation: RendezvousGCThreads done
Event: 60.638 Executing VM operation: HandshakeAllThreads (Deoptimize)
Event: 60.638 Executing VM operation: HandshakeAllThreads (Deoptimize) done
Event: 60.638 Executing VM operation: Cleanup
Event: 60.638 Executing VM operation: Cleanup done
Event: 60.754 Executing VM operation: G1CollectForAllocation (G1 Evacuation Pause)
Event: 60.802 Executing VM operation: G1CollectForAllocation (G1 Evacuation Pause) done

Events (20 events):
Event: 48.223 Thread 0x000001cdcd9116d0 flushing nmethod 0x000001cdd6072b90
Event: 48.223 Thread 0x000001cdcd9116d0 flushing nmethod 0x000001cdd6073490
Event: 48.223 Thread 0x000001cdcd9116d0 flushing nmethod 0x000001cdd607ad10
Event: 48.223 Thread 0x000001cdcd9116d0 flushing nmethod 0x000001cdd607b710
Event: 48.223 Thread 0x000001cdcd9116d0 flushing nmethod 0x000001cdd607bc10
Event: 48.223 Thread 0x000001cdcd9116d0 flushing nmethod 0x000001cdd60a5290
Event: 48.223 Thread 0x000001cdcd9116d0 flushing nmethod 0x000001cdd60a7410
Event: 48.223 Thread 0x000001cdcd9116d0 flushing nmethod 0x000001cdd60a8b10
Event: 48.223 Thread 0x000001cdcd9116d0 flushing nmethod 0x000001cdd60b8610
Event: 48.223 Thread 0x000001cdcd9116d0 flushing nmethod 0x000001cdd60f7610
Event: 48.223 Thread 0x000001cdcd9116d0 flushing nmethod 0x000001cdd60fa290
Event: 48.223 Thread 0x000001cdcd9116d0 flushing nmethod 0x000001cdd60fac10
Event: 48.223 Thread 0x000001cdcd9116d0 flushing nmethod 0x000001cdd60fb310
Event: 48.223 Thread 0x000001cdcd9116d0 flushing nmethod 0x000001cdd60fbf90
Event: 48.223 Thread 0x000001cdcd9116d0 flushing nmethod 0x000001cdd6131910
Event: 48.223 Thread 0x000001cdcd9116d0 flushing nmethod 0x000001cdd6177a90
Event: 48.223 Thread 0x000001cdcd9116d0 flushing nmethod 0x000001cdd617cb90
Event: 48.223 Thread 0x000001cdcd9116d0 flushing nmethod 0x000001cdd61a2110
Event: 48.223 Thread 0x000001cdcd9116d0 flushing nmethod 0x000001cdd61b3a10
Event: 48.223 Thread 0x000001cdcd9116d0 flushing nmethod 0x000001cdd6237c90


Dynamic libraries:
0x00007ff7cdd10000 - 0x00007ff7cdd20000 	C:\Program Files\Java\jdk-21\bin\java.exe
0x00007ff85dff0000 - 0x00007ff85e207000 	C:\WINDOWS\SYSTEM32\ntdll.dll
0x00007ff85c370000 - 0x00007ff85c434000 	C:\WINDOWS\System32\KERNEL32.DLL
0x00007ff85b910000 - 0x00007ff85bce0000 	C:\WINDOWS\System32\KERNELBASE.dll
0x00007ff85b5f0000 - 0x00007ff85b701000 	C:\WINDOWS\System32\ucrtbase.dll
0x00007ff8481b0000 - 0x00007ff8481c9000 	C:\Program Files\Java\jdk-21\bin\jli.dll
0x00007ff85c440000 - 0x00007ff85c4f1000 	C:\WINDOWS\System32\ADVAPI32.dll
0x00007ff85c5b0000 - 0x00007ff85c657000 	C:\WINDOWS\System32\msvcrt.dll
0x00007ff85c660000 - 0x00007ff85c707000 	C:\WINDOWS\System32\sechost.dll
0x00007ff85b860000 - 0x00007ff85b888000 	C:\WINDOWS\System32\bcrypt.dll
0x00007ff85c850000 - 0x00007ff85c964000 	C:\WINDOWS\System32\RPCRT4.dll
0x00007ff85d3c0000 - 0x00007ff85d56e000 	C:\WINDOWS\System32\USER32.dll
0x00007ff85b710000 - 0x00007ff85b736000 	C:\WINDOWS\System32\win32u.dll
0x00007ff85c710000 - 0x00007ff85c739000 	C:\WINDOWS\System32\GDI32.dll
0x00007ff85b740000 - 0x00007ff85b85b000 	C:\WINDOWS\System32\gdi32full.dll
0x00007ff85b550000 - 0x00007ff85b5ea000 	C:\WINDOWS\System32\msvcp_win.dll
0x00007ff84b380000 - 0x00007ff84b612000 	C:\WINDOWS\WinSxS\amd64_microsoft.windows.common-controls_6595b64144ccf1df_6.0.22621.4830_none_270fe7d773858e80\COMCTL32.dll
0x00007ff8538e0000 - 0x00007ff8538ea000 	C:\WINDOWS\SYSTEM32\VERSION.dll
0x00007ff846ff0000 - 0x00007ff84700b000 	C:\Program Files\Java\jdk-21\bin\VCRUNTIME140.dll
0x00007ff85d6a0000 - 0x00007ff85d6d1000 	C:\WINDOWS\System32\IMM32.DLL
0x00007ff848090000 - 0x00007ff84809c000 	C:\Program Files\Java\jdk-21\bin\vcruntime140_1.dll
0x00007ff80bb40000 - 0x00007ff80bbce000 	C:\Program Files\Java\jdk-21\bin\msvcp140.dll
0x00007fffdf2c0000 - 0x00007fffdffda000 	C:\Program Files\Java\jdk-21\bin\server\jvm.dll
0x00007ff85d590000 - 0x00007ff85d601000 	C:\WINDOWS\System32\WS2_32.dll
0x00007ff85b170000 - 0x00007ff85b1bd000 	C:\WINDOWS\SYSTEM32\POWRPROF.dll
0x00007ff856ee0000 - 0x00007ff856f14000 	C:\WINDOWS\SYSTEM32\WINMM.dll
0x00007ff85b150000 - 0x00007ff85b163000 	C:\WINDOWS\SYSTEM32\UMPDC.dll
0x00007ff85a2a0000 - 0x00007ff85a2b8000 	C:\WINDOWS\SYSTEM32\kernel.appcore.dll
0x00007ff846f90000 - 0x00007ff846f9a000 	C:\Program Files\Java\jdk-21\bin\jimage.dll
0x00007ff858e00000 - 0x00007ff859032000 	C:\WINDOWS\SYSTEM32\DBGHELP.DLL
0x00007ff85bf50000 - 0x00007ff85c2e0000 	C:\WINDOWS\System32\combase.dll
0x00007ff85bce0000 - 0x00007ff85bdb7000 	C:\WINDOWS\System32\OLEAUT32.dll
0x00007ff83e500000 - 0x00007ff83e532000 	C:\WINDOWS\SYSTEM32\dbgcore.DLL
0x00007ff85b890000 - 0x00007ff85b90b000 	C:\WINDOWS\System32\bcryptPrimitives.dll
0x00007ff846c20000 - 0x00007ff846c3f000 	C:\Program Files\Java\jdk-21\bin\java.dll
0x00007ff85d730000 - 0x00007ff85dfa8000 	C:\WINDOWS\System32\SHELL32.dll
0x00007ff8591a0000 - 0x00007ff859ab0000 	C:\WINDOWS\SYSTEM32\windows.storage.dll
0x00007ff859060000 - 0x00007ff85919f000 	C:\WINDOWS\SYSTEM32\wintypes.dll
0x00007ff85be40000 - 0x00007ff85bf4a000 	C:\WINDOWS\System32\SHCORE.dll
0x00007ff85d610000 - 0x00007ff85d66e000 	C:\WINDOWS\System32\shlwapi.dll
0x00007ff85b1d0000 - 0x00007ff85b1fb000 	C:\WINDOWS\SYSTEM32\profapi.dll
0x00007ff809df0000 - 0x00007ff809ec7000 	C:\Program Files\Java\jdk-21\bin\jsvml.dll
0x00007ff846bd0000 - 0x00007ff846be0000 	C:\Program Files\Java\jdk-21\bin\net.dll
0x00007ff853ea0000 - 0x00007ff853fcc000 	C:\WINDOWS\SYSTEM32\WINHTTP.dll
0x00007ff85a720000 - 0x00007ff85a78a000 	C:\WINDOWS\system32\mswsock.dll
0x00007ff846420000 - 0x00007ff846436000 	C:\Program Files\Java\jdk-21\bin\nio.dll
0x00007ff832d20000 - 0x00007ff832d38000 	C:\Program Files\Java\jdk-21\bin\zip.dll
0x00007ff846210000 - 0x00007ff84621a000 	C:\Program Files\Java\jdk-21\bin\management.dll
0x00007ff844940000 - 0x00007ff84494b000 	C:\Program Files\Java\jdk-21\bin\management_ext.dll
0x00007ff85d570000 - 0x00007ff85d578000 	C:\WINDOWS\System32\PSAPI.DLL
0x00007ff859d10000 - 0x00007ff859d3d000 	C:\WINDOWS\SYSTEM32\IPHLPAPI.DLL
0x00007ff85d580000 - 0x00007ff85d589000 	C:\WINDOWS\System32\NSI.dll
0x00007ff859d80000 - 0x00007ff859e82000 	C:\WINDOWS\SYSTEM32\DNSAPI.dll
0x00007ff8490c0000 - 0x00007ff8490ca000 	C:\Windows\System32\rasadhlp.dll
0x00007ff8516c0000 - 0x00007ff851743000 	C:\WINDOWS\System32\fwpuclnt.dll
0x00007ff837700000 - 0x00007ff83770e000 	C:\Program Files\Java\jdk-21\bin\sunmscapi.dll
0x00007ff85b2a0000 - 0x00007ff85b406000 	C:\WINDOWS\System32\CRYPT32.dll
0x00007ff85ab70000 - 0x00007ff85ab9d000 	C:\WINDOWS\SYSTEM32\ncrypt.dll
0x00007ff85ab30000 - 0x00007ff85ab67000 	C:\WINDOWS\SYSTEM32\NTASN1.dll

dbghelp: loaded successfully - version: 4.0.5 - missing functions: none
symbol engine: initialized successfully - sym options: 0x614 - pdb path: .;C:\Program Files\Java\jdk-21\bin;C:\WINDOWS\SYSTEM32;C:\WINDOWS\WinSxS\amd64_microsoft.windows.common-controls_6595b64144ccf1df_6.0.22621.4830_none_270fe7d773858e80;C:\Program Files\Java\jdk-21\bin\server

VM Arguments:
java_command: C:\Users\LENOVO\AppData\Local\Temp\surefire13764951883513093549\surefirebooter-20250226174913912_3.jar C:\Users\LENOVO\AppData\Local\Temp\surefire13764951883513093549 2025-02-26T17-49-13_222-jvmRun1 surefire-20250226174913912_1tmp surefire_0-20250226174913912_2tmp
java_class_path (initial): C:\Users\LENOVO\AppData\Local\Temp\surefire13764951883513093549\surefirebooter-20250226174913912_3.jar
Launcher Type: SUN_STANDARD

[Global flags]
     intx CICompilerCount                          = 3                                         {product} {ergonomic}
     uint ConcGCThreads                            = 1                                         {product} {ergonomic}
     uint G1ConcRefinementThreads                  = 4                                         {product} {ergonomic}
   size_t G1HeapRegionSize                         = 1048576                                   {product} {ergonomic}
    uintx GCDrainStackTargetSize                   = 64                                        {product} {ergonomic}
   size_t InitialHeapSize                          = 58720256                                  {product} {ergonomic}
   size_t MarkStackSize                            = 4194304                                   {product} {ergonomic}
   size_t MaxHeapSize                              = 908066816                                 {product} {ergonomic}
   size_t MaxNewSize                               = 544210944                                 {product} {ergonomic}
   size_t MinHeapDeltaBytes                        = 1048576                                   {product} {ergonomic}
   size_t MinHeapSize                              = 8388608                                   {product} {ergonomic}
    uintx NonNMethodCodeHeapSize                   = 5832780                                {pd product} {ergonomic}
    uintx NonProfiledCodeHeapSize                  = 122912730                              {pd product} {ergonomic}
    uintx ProfiledCodeHeapSize                     = 122912730                              {pd product} {ergonomic}
    uintx ReservedCodeCacheSize                    = 251658240                              {pd product} {ergonomic}
     bool SegmentedCodeCache                       = true                                      {product} {ergonomic}
   size_t SoftMaxHeapSize                          = 908066816                              {manageable} {ergonomic}
     bool UseCompressedOops                        = true                           {product lp64_product} {ergonomic}
     bool UseG1GC                                  = true                                      {product} {ergonomic}
     bool UseLargePagesIndividualAllocation        = false                                  {pd product} {ergonomic}

Logging:
Log output configuration:
 #0: stdout all=warning uptime,level,tags foldmultilines=false
 #1: stderr all=off uptime,level,tags foldmultilines=false

Environment Variables:
JAVA_HOME=C:\Program Files\Java\jdk-21
PATH=C:\Program Files\Common Files\Oracle\Java\javapath;c:\Users\LENOVO\AppData\Local\Programs\cursor\resources\app\bin;C:\Users\LENOVO\AppData\Local\ActiveState\StateTool\release\bin;C:\WINDOWS\system32;C:\WINDOWS;C:\WINDOWS\System32\Wbem;C:\WINDOWS\System32\WindowsPowerShell\v1.0\;C:\WINDOWS\System32\OpenSSH\;C:\msys64\mingw64;C:\Program Files\Git\cmd;C:\Users\LENOVO\AppData\Local\Programs\Python\Python311;C:\Users\LENOVO\AppData\Local\Programs\Python\Python311\Scripts;C:\MinGW\bin;C:\xampp\php;C:\Program Files\PuTTY\;C:\ProgramData\chocolatey\bin;C:\pthreads4w-code-07053a521b0a9deb6db2a649cde1f828f2eb1f4f;C:\ghcup\bin;C:\Users\LENOVO\AppData\Roaming\nvm;C:\Program Files\nodejs;C:\Program Files\swipl\bin;C:\msys64;D:\Downloads\mongosh-2.1.3-win32-x64\mongosh-2.1.3-win32-x64\bin;C:\Program Files\apache-maven-3.9.9\bin;C:\Program Files\PostgreSQL\16\bin;C:\php-8.3.13;C:\php-8.3.13-nts-Win32-vs16-x64;C:\Program Files\Java\jdk-21\bin;C:\Users\LENOVO\AppData\Local\Programs\Python\Python311;c:\Users\LENOVO\AppData\Local\Programs\cursor\resources\app\bin;C:\Apache24\bin\ab.exe;C:\Program Files\Docker\Docker\resources\bin;C:\dev\flutter\bin;C:\Users\LENOVO\AppData\Local\Programs\Microsoft VS Code\bin;C:\ffmpeg-master-latest-win64-gpl\bin;C:\ProgramData\ComposerSetup\bin;C:\Program Files\RabbitMQ Server\rabbitmq_server-4.0.5\sbin;C:\Program Files\Erlang OTP\bin;C:\pthreads4;C:\Users\LENOVO\AppData\Local\Programs\Python\Python311\Scripts\;C:\Users\LENOVO\AppData\Local\Programs\Python\Python311\;C:\Users\LENOVO\AppData\Local\Microsoft\WindowsApps;C:\msys64\mingw64;C:\Users\LENOVO\AppData\Local\GitHubDesktop\bin;C:\MinGW\bin;C:\tools\ghc-9.6.2\bin;C:\Users\LENOVO\AppData\Roaming\npm;C:\ghcup\bin;C:\Users\LENOVO\AppData\Roaming\nvm;C:\Program Files\nodejs;C:\Program Files (x86)\Nmap;C:\Users\LENOVO\AppData\Local\Programs\Microsoft VS Code\bin;C:\Program Files\heroku\bin;C:\tools\dart-sdk\bin;C:\Users\LENOVO\AppData\Local\Pub\Cache\bin;C:\Users\LENOVO\AppData\Roaming\Composer\vendor\bin
USERNAME=LENOVO
OS=Windows_NT
PROCESSOR_IDENTIFIER=AMD64 Family 23 Model 24 Stepping 1, AuthenticAMD
TMP=C:\Users\LENOVO\AppData\Local\Temp
TEMP=C:\Users\LENOVO\AppData\Local\Temp




Periodic native trim disabled

---------------  S Y S T E M  ---------------

OS:
 Windows 11 , 64 bit Build 22621 (10.0.22621.4830)
OS uptime: 0 days 23:52 hours
Hyper-V role detected

CPU: total 4 (initial active 4) (4 cores per cpu, 2 threads per core) family 23 model 24 stepping 1 microcode 0x0, cx8, cmov, fxsr, ht, mmx, 3dnowpref, sse, sse2, sse3, ssse3, sse4a, sse4.1, sse4.2, popcnt, lzcnt, tsc, tscinvbit, avx, avx2, aes, clmul, bmi1, bmi2, adx, sha, fma, vzeroupper, clflush, clflushopt, hv, rdtscp, f16c
Processor Information for all 4 processors :
  Max Mhz: 2600, Current Mhz: 2600, Mhz Limit: 2600

Memory: 4k page, system-wide physical 3460M (131M free)
TotalPageFile size 14212M (AvailPageFile size 4M)
current process WorkingSet (physical memory assigned to process): 127M, peak: 150M
current process commit charge ("private bytes"): 219M, peak: 220M

vm_info: Java HotSpot(TM) 64-Bit Server VM (21.0.6+8-LTS-188) for windows-amd64 JRE (21.0.6+8-LTS-188), built on 2024-12-03T10:50:54Z by "mach5one" with MS VC++ 17.6 (VS2022)

END.
