#
# There is insufficient memory for the Java Runtime Environment to continue.
# Native memory allocation (mmap) failed to map 58720256 bytes for G1 virtual space
# Possible reasons:
#   The system is out of physical RAM or swap space
#   The process is running with CompressedOops enabled, and the Java Heap may be blocking the growth of the native heap
# Possible solutions:
#   Reduce memory load on the system
#   Increase physical memory or swap space
#   Check if swap backing store is full
#   Decrease Java heap size (-Xmx/-Xms)
#   Decrease number of Java threads
#   Decrease Java thread stack sizes (-Xss)
#   Set larger code cache with -XX:ReservedCodeCacheSize=
#   JVM is running with Unscaled Compressed Oops mode in which the Java heap is
#     placed in the first 4GB address space. The Java Heap base address is the
#     maximum limit for the native heap growth. Please use -XX:HeapBaseMinAddress
#     to set the Java Heap base and to place the Java Heap above 4GB virtual address.
# This output file may be truncated or incomplete.
#
#  Out of Memory Error (os_windows.cpp:3603), pid=7704, tid=7208
#
# JRE version:  (21.0.6+8) (build )
# Java VM: Java HotSpot(TM) 64-Bit Server VM (21.0.6+8-LTS-188, mixed mode, sharing, tiered, compressed oops, compressed class ptrs, g1 gc, windows-amd64)
# No core dump will be written. Minidumps are not enabled by default on client versions of Windows
#

---------------  S U M M A R Y ------------

Command Line: C:\Users\LENOVO\AppData\Local\Temp\surefire11357812424819362400\surefirebooter-20250226230642876_3.jar C:\Users\LENOVO\AppData\Local\Temp\surefire11357812424819362400 2025-02-26T23-06-36_396-jvmRun1 surefire-20250226230642876_1tmp surefire_0-20250226230642876_2tmp

Host: AMD Ryzen 3 3250U with Radeon Graphics         , 4 cores, 3G,  Windows 11 , 64 bit Build 22621 (10.0.22621.4830)
Time: Wed Feb 26 23:06:44 2025 SE Asia Standard Time elapsed time: 0.037185 seconds (0d 0h 0m 0s)

---------------  T H R E A D  ---------------

Current thread (0x00000203b0c23370):  JavaThread "Unknown thread" [_thread_in_vm, id=7208, stack(0x0000008615800000,0x0000008615900000) (1024K)]

Stack: [0x0000008615800000,0x0000008615900000]
Native frames: (J=compiled Java code, j=interpreted, Vv=VM code, C=native code)
V  [jvm.dll+0x6ca6d9]
V  [jvm.dll+0x854f51]
V  [jvm.dll+0x85747e]
V  [jvm.dll+0x857b53]
V  [jvm.dll+0x27dcc6]
V  [jvm.dll+0x6c6e55]
V  [jvm.dll+0x6bb9da]
V  [jvm.dll+0x35393a]
V  [jvm.dll+0x35b596]
V  [jvm.dll+0x3adefe]
V  [jvm.dll+0x3ae1a8]
V  [jvm.dll+0x327cbc]
V  [jvm.dll+0x32881b]
V  [jvm.dll+0x81e309]
V  [jvm.dll+0x3babe1]
V  [jvm.dll+0x807658]
V  [jvm.dll+0x44fdae]
V  [jvm.dll+0x4519a1]
C  [jli.dll+0x52a3]
C  [ucrtbase.dll+0x29333]
C  [KERNEL32.DLL+0x1259d]
C  [ntdll.dll+0x5af38]


---------------  P R O C E S S  ---------------

Threads class SMR info:
_java_thread_list=0x00007fff3176cc08, length=0, elements={
}

Java Threads: ( => current thread )
Total: 0

Other Threads:
  0x00000203b2d730e0 WorkerThread "GC Thread#0"                     [id=13636, stack(0x0000008615900000,0x0000008615a00000) (1024K)]
  0x00000203b2d7ad00 ConcurrentGCThread "G1 Main Marker"            [id=14920, stack(0x0000008615a00000,0x0000008615b00000) (1024K)]
  0x00000203b2d7b800 WorkerThread "G1 Conc#0"                       [id=1984, stack(0x0000008615b00000,0x0000008615c00000) (1024K)]

[error occurred during error reporting (printing all threads), id 0xc0000005, EXCEPTION_ACCESS_VIOLATION (0xc0000005) at pc=0x00007fff30eda427]
VM state: not at safepoint (not fully initialized)

VM Mutex/Monitor currently owned by a thread:  ([mutex/lock_event])
[0x00007fff317ddf98] Heap_lock - owner thread: 0x00000203b0c23370

Heap address: 0x00000000c9e00000, size: 866 MB, Compressed Oops mode: 32-bit

CDS archive(s) mapped at: [0x0000000000000000-0x0000000000000000-0x0000000000000000), size 0, SharedBaseAddress: 0x0000000800000000, ArchiveRelocationMode: 1.
Narrow klass base: 0x0000000000000000, Narrow klass shift: 0, Narrow klass range: 0x0

GC Precious Log:
 CardTable entry size: 512
 Card Set container configuration: InlinePtr #cards 5 size 8 Array Of Cards #cards 12 size 40 Howl #buckets 4 coarsen threshold 1843 Howl Bitmap #cards 512 size 80 coarsen threshold 460 Card regions per heap region 1 cards per card region 2048

Heap:
 garbage-first heap   total 0K, used 0K [0x00000000c9e00000, 0x0000000100000000)
  region size 1024K, 0 young (0K), 0 survivors (0K)

[error occurred during error reporting (printing heap information), id 0xc0000005, EXCEPTION_ACCESS_VIOLATION (0xc0000005) at pc=0x00007fff312c36a9]
GC Heap History (0 events):
No events

Dll operation events (1 events):
Event: 0.026 Loaded shared library C:\Program Files\Java\jdk-21\bin\java.dll

Deoptimization events (0 events):
No events

Classes loaded (0 events):
No events

Classes unloaded (0 events):
No events

Classes redefined (0 events):
No events

Internal exceptions (0 events):
No events

ZGC Phase Switch (0 events):
No events

VM Operations (0 events):
No events

Events (0 events):
No events


Dynamic libraries:
0x00007ff74e920000 - 0x00007ff74e930000 	C:\Program Files\Java\jdk-21\bin\java.exe
0x00007fff77a10000 - 0x00007fff77c27000 	C:\WINDOWS\SYSTEM32\ntdll.dll
0x00007fff76890000 - 0x00007fff76954000 	C:\WINDOWS\System32\KERNEL32.DLL
0x00007fff750a0000 - 0x00007fff75470000 	C:\WINDOWS\System32\KERNELBASE.dll
0x00007fff74de0000 - 0x00007fff74ef1000 	C:\WINDOWS\System32\ucrtbase.dll
0x00007fff61af0000 - 0x00007fff61b09000 	C:\Program Files\Java\jdk-21\bin\jli.dll
0x00007fff76b20000 - 0x00007fff76bd1000 	C:\WINDOWS\System32\ADVAPI32.dll
0x00007fff75b80000 - 0x00007fff75c27000 	C:\WINDOWS\System32\msvcrt.dll
0x00007fff76c80000 - 0x00007fff76d27000 	C:\WINDOWS\System32\sechost.dll
0x00007fff75070000 - 0x00007fff75098000 	C:\WINDOWS\System32\bcrypt.dll
0x00007fff75ce0000 - 0x00007fff75df4000 	C:\WINDOWS\System32\RPCRT4.dll
0x00007fff76550000 - 0x00007fff766fe000 	C:\WINDOWS\System32\USER32.dll
0x00007fff75040000 - 0x00007fff75066000 	C:\WINDOWS\System32\win32u.dll
0x00007fff76170000 - 0x00007fff76199000 	C:\WINDOWS\System32\GDI32.dll
0x00007fff755e0000 - 0x00007fff756fb000 	C:\WINDOWS\System32\gdi32full.dll
0x00007fff74cc0000 - 0x00007fff74d5a000 	C:\WINDOWS\System32\msvcp_win.dll
0x00007fff61890000 - 0x00007fff618ab000 	C:\Program Files\Java\jdk-21\bin\VCRUNTIME140.dll
0x00007fff62b40000 - 0x00007fff62dd2000 	C:\WINDOWS\WinSxS\amd64_microsoft.windows.common-controls_6595b64144ccf1df_6.0.22621.4830_none_270fe7d773858e80\COMCTL32.dll
0x00007fff6ed10000 - 0x00007fff6ed1a000 	C:\WINDOWS\SYSTEM32\VERSION.dll
0x00007fff76760000 - 0x00007fff76791000 	C:\WINDOWS\System32\IMM32.DLL
0x00007fff6a480000 - 0x00007fff6a48c000 	C:\Program Files\Java\jdk-21\bin\vcruntime140_1.dll
0x00007fff5f640000 - 0x00007fff5f6ce000 	C:\Program Files\Java\jdk-21\bin\msvcp140.dll
0x00007fff30ba0000 - 0x00007fff318ba000 	C:\Program Files\Java\jdk-21\bin\server\jvm.dll
0x00007fff76aa0000 - 0x00007fff76b11000 	C:\WINDOWS\System32\WS2_32.dll
0x00007fff74b90000 - 0x00007fff74bdd000 	C:\WINDOWS\SYSTEM32\POWRPROF.dll
0x00007fff6d2f0000 - 0x00007fff6d324000 	C:\WINDOWS\SYSTEM32\WINMM.dll
0x00007fff74b70000 - 0x00007fff74b83000 	C:\WINDOWS\SYSTEM32\UMPDC.dll
0x00007fff73cd0000 - 0x00007fff73ce8000 	C:\WINDOWS\SYSTEM32\kernel.appcore.dll
0x00007fff6a070000 - 0x00007fff6a07a000 	C:\Program Files\Java\jdk-21\bin\jimage.dll
0x00007fff72820000 - 0x00007fff72a52000 	C:\WINDOWS\SYSTEM32\DBGHELP.DLL
0x00007fff761c0000 - 0x00007fff76550000 	C:\WINDOWS\System32\combase.dll
0x00007fff76fc0000 - 0x00007fff77097000 	C:\WINDOWS\System32\OLEAUT32.dll
0x00007fff71470000 - 0x00007fff714a2000 	C:\WINDOWS\SYSTEM32\dbgcore.DLL
0x00007fff74f00000 - 0x00007fff74f7b000 	C:\WINDOWS\System32\bcryptPrimitives.dll
0x00007fff60cb0000 - 0x00007fff60ccf000 	C:\Program Files\Java\jdk-21\bin\java.dll

dbghelp: loaded successfully - version: 4.0.5 - missing functions: none
symbol engine: initialized successfully - sym options: 0x614 - pdb path: .;C:\Program Files\Java\jdk-21\bin;C:\WINDOWS\SYSTEM32;C:\WINDOWS\WinSxS\amd64_microsoft.windows.common-controls_6595b64144ccf1df_6.0.22621.4830_none_270fe7d773858e80;C:\Program Files\Java\jdk-21\bin\server

VM Arguments:
java_command: C:\Users\LENOVO\AppData\Local\Temp\surefire11357812424819362400\surefirebooter-20250226230642876_3.jar C:\Users\LENOVO\AppData\Local\Temp\surefire11357812424819362400 2025-02-26T23-06-36_396-jvmRun1 surefire-20250226230642876_1tmp surefire_0-20250226230642876_2tmp
java_class_path (initial): C:\Users\LENOVO\AppData\Local\Temp\surefire11357812424819362400\surefirebooter-20250226230642876_3.jar
Launcher Type: SUN_STANDARD

[Global flags]
     intx CICompilerCount                          = 3                                         {product} {ergonomic}
     uint ConcGCThreads                            = 1                                         {product} {ergonomic}
     uint G1ConcRefinementThreads                  = 4                                         {product} {ergonomic}
   size_t G1HeapRegionSize                         = 1048576                                   {product} {ergonomic}
    uintx GCDrainStackTargetSize                   = 64                                        {product} {ergonomic}
   size_t InitialHeapSize                          = 58720256                                  {product} {ergonomic}
   size_t MarkStackSize                            = 4194304                                   {product} {ergonomic}
   size_t MaxHeapSize                              = 908066816                                 {product} {ergonomic}
   size_t MinHeapDeltaBytes                        = 1048576                                   {product} {ergonomic}
   size_t MinHeapSize                              = 8388608                                   {product} {ergonomic}
    uintx NonNMethodCodeHeapSize                   = 5832780                                {pd product} {ergonomic}
    uintx NonProfiledCodeHeapSize                  = 122912730                              {pd product} {ergonomic}
    uintx ProfiledCodeHeapSize                     = 122912730                              {pd product} {ergonomic}
    uintx ReservedCodeCacheSize                    = 251658240                              {pd product} {ergonomic}
     bool SegmentedCodeCache                       = true                                      {product} {ergonomic}
   size_t SoftMaxHeapSize                          = 908066816                              {manageable} {ergonomic}
     bool UseCompressedOops                        = true                           {product lp64_product} {ergonomic}
     bool UseG1GC                                  = true                                      {product} {ergonomic}
     bool UseLargePagesIndividualAllocation        = false                                  {pd product} {ergonomic}

Logging:
Log output configuration:
 #0: stdout all=warning uptime,level,tags foldmultilines=false
 #1: stderr all=off uptime,level,tags foldmultilines=false

Environment Variables:
JAVA_HOME=C:/Program Files/Java/jdk-21
PATH=C:\Users\LENOVO\.rbenv\bin;C:\Users\LENOVO\bin;C:\Program Files\Git\mingw64\bin;C:\Program Files\Git\usr\local\bin;C:\Program Files\Git\usr\bin;C:\Program Files\Git\usr\bin;C:\Program Files\Git\mingw64\bin;C:\Program Files\Git\usr\bin;C:\Users\LENOVO\bin;C:\Program Files\Common Files\Oracle\Java\javapath;C:\Users\LENOVO\AppData\Local\Programs\cursor\resources\app\bin;C:\Users\LENOVO\AppData\Local\ActiveState\StateTool\release\bin;C:\WINDOWS\system32;C:\WINDOWS;C:\WINDOWS\System32\Wbem;C:\WINDOWS\System32\WindowsPowerShell\v1.0;C:\WINDOWS\System32\OpenSSH;C:\msys64\mingw64;C:\Program Files\Git\cmd;C:\Users\LENOVO\AppData\Local\Programs\Python\Python311;C:\Users\LENOVO\AppData\Local\Programs\Python\Python311\Scripts;C:\MinGW\bin;C:\xampp\php;C:\Program Files\PuTTY;C:\ProgramData\chocolatey\bin;C:\pthreads4w-code-07053a521b0a9deb6db2a649cde1f828f2eb1f4f;C:\ghcup\bin;C:\Users\LENOVO\AppData\Roaming\nvm;C:\Program Files\nodejs;C:\Program Files\swipl\bin;C:\msys64;D:\Downloads\mongosh-2.1.3-win32-x64\mongosh-2.1.3-win32-x64\bin;C:\Program Files\apache-maven-3.9.9\bin;C:\Program Files\PostgreSQL\16\bin;C:\php-8.3.13;C:\php-8.3.13-nts-Win32-vs16-x64;C:\Program Files\Java\jdk-21\bin;C:\Users\LENOVO\AppData\Local\Programs\Python\Python311;C:\Users\LENOVO\AppData\Local\Programs\cursor\resources\app\bin;C:\Apache24\bin\ab.exe;C:\Program Files\Docker\Docker\resources\bin;C:\dev\flutter\bin;C:\Users\LENOVO\AppData\Local\Programs\Microsoft VS Code\bin;C:\ffmpeg-master-latest-win64-gpl\bin;C:\ProgramData\ComposerSetup\bin;C:\Program Files\RabbitMQ Server\rabbitmq_server-4.0.5\sbin;C:\Program Files\Erlang OTP\bin;C:\pthreads4;C:\Users\LENOVO\AppData\Local\Programs\Python\Python311\Scripts;C:\Users\LENOVO\AppData\Local\Programs\Python\Python311;C:\Users\LENOVO\AppData\Local\Microsoft\WindowsApps;C:\msys64\mingw64;C:\Users\LENOVO\AppData\Local\GitHubDesktop\bin;C:\MinGW\bin;C:\tools\ghc-9.6.2\bin;C:\Users\LENOVO\AppData\Roaming\npm;C:\ghcup\bin;C:\Users\LENOVO\AppData\Roaming\nvm;C:\Program Files\nodejs;C:\Program Files (x86)\Nmap;C:\Users\LENOVO\AppData\Local\Programs\Microsoft VS Code\bin;C:\Program Files\heroku\bin;C:\tools\dart-sdk\bin;C:\Users\LENOVO\AppData\Local\Pub\Cache\bin;C:\Users\LENOVO\AppData\Roaming\Composer\vendor\bin;C:\Program Files\Git\usr\bin\vendor_perl;C:\Program Files\Git\usr\bin\core_perl
USERNAME=LENOVO
SHELL=C:\Program Files\Git\usr\bin\bash.exe
DISPLAY=needs-to-be-defined
LANG=en_US.UTF-8
TERM=xterm-256color
TMPDIR=C:\Users\LENOVO\AppData\Local\Temp
OS=Windows_NT
PROCESSOR_IDENTIFIER=AMD64 Family 23 Model 24 Stepping 1, AuthenticAMD
TMP=C:\Users\LENOVO\AppData\Local\Temp
TEMP=C:\Users\LENOVO\AppData\Local\Temp




Periodic native trim disabled

---------------  S Y S T E M  ---------------

OS:
 Windows 11 , 64 bit Build 22621 (10.0.22621.4830)
OS uptime: 0 days 0:43 hours
Hyper-V role detected

CPU: total 4 (initial active 4) (4 cores per cpu, 2 threads per core) family 23 model 24 stepping 1 microcode 0x0, cx8, cmov, fxsr, ht, mmx, 3dnowpref, sse, sse2, sse3, ssse3, sse4a, sse4.1, sse4.2, popcnt, lzcnt, tsc, tscinvbit, avx, avx2, aes, clmul, bmi1, bmi2, adx, sha, fma, vzeroupper, clflush, clflushopt, hv, rdtscp, f16c
Processor Information for all 4 processors :
  Max Mhz: 2600, Current Mhz: 2600, Mhz Limit: 2600

Memory: 4k page, system-wide physical 3460M (292M free)
TotalPageFile size 14212M (AvailPageFile size 25M)
current process WorkingSet (physical memory assigned to process): 10M, peak: 10M
current process commit charge ("private bytes"): 51M, peak: 107M

vm_info: Java HotSpot(TM) 64-Bit Server VM (21.0.6+8-LTS-188) for windows-amd64 JRE (21.0.6+8-LTS-188), built on 2024-12-03T10:50:54Z by "mach5one" with MS VC++ 17.6 (VS2022)

END.
