#
# There is insufficient memory for the Java Runtime Environment to continue.
# Native memory allocation (mmap) failed to map 65536 bytes for Failed to commit metaspace.
# Possible reasons:
#   The system is out of physical RAM or swap space
#   The process is running with CompressedOops enabled, and the Java Heap may be blocking the growth of the native heap
# Possible solutions:
#   Reduce memory load on the system
#   Increase physical memory or swap space
#   Check if swap backing store is full
#   Decrease Java heap size (-Xmx/-Xms)
#   Decrease number of Java threads
#   Decrease Java thread stack sizes (-Xss)
#   Set larger code cache with -XX:ReservedCodeCacheSize=
#   JVM is running with Unscaled Compressed Oops mode in which the Java heap is
#     placed in the first 4GB address space. The Java Heap base address is the
#     maximum limit for the native heap growth. Please use -XX:HeapBaseMinAddress
#     to set the Java Heap base and to place the Java Heap above 4GB virtual address.
# This output file may be truncated or incomplete.
#
#  Out of Memory Error (virtualSpaceNode.cpp:112), pid=6356, tid=5932
#
# JRE version: Java(TM) SE Runtime Environment (21.0.6+8) (build 21.0.6+8-LTS-188)
# Java VM: Java HotSpot(TM) 64-Bit Server VM (21.0.6+8-LTS-188, mixed mode, emulated-client, sharing, tiered, compressed oops, compressed class ptrs, g1 gc, windows-amd64)
# No core dump will be written. Minidumps are not enabled by default on client versions of Windows
#

---------------  S U M M A R Y ------------

Command Line: -XX:TieredStopAtLevel=1 com.techie.microservices.inventory.InventoryServiceApplication

Host: AMD Ryzen 3 3250U with Radeon Graphics         , 4 cores, 3G,  Windows 11 , 64 bit Build 22621 (10.0.22621.4974)
Time: Thu Feb 27 10:26:07 2025 SE Asia Standard Time elapsed time: 1.782053 seconds (0d 0h 0m 1s)

---------------  T H R E A D  ---------------

Current thread (0x0000019df6a6f7d0):  JavaThread "background-preinit"        [_thread_in_vm, id=5932, stack(0x0000001766d00000,0x0000001766e00000) (1024K)]

Stack: [0x0000001766d00000,0x0000001766e00000]
Native frames: (J=compiled Java code, j=interpreted, Vv=VM code, C=native code)
V  [jvm.dll+0x6ca6d9]
V  [jvm.dll+0x854f51]
V  [jvm.dll+0x85747e]
V  [jvm.dll+0x857b53]
V  [jvm.dll+0x27dcc6]
V  [jvm.dll+0x850b6e]
V  [jvm.dll+0x66e3e5]
V  [jvm.dll+0x1e3f1c]
V  [jvm.dll+0x1e3cee]
V  [jvm.dll+0x670d13]
V  [jvm.dll+0x670b32]
V  [jvm.dll+0x66edbe]
V  [jvm.dll+0x3bd36f]
V  [jvm.dll+0x20ce5b]
V  [jvm.dll+0x5ad316]
V  [jvm.dll+0x7cf136]
V  [jvm.dll+0x470c46]
V  [jvm.dll+0x476ac8]
C  [java.dll+0x17ec]

Java frames: (J=compiled Java code, j=interpreted, Vv=VM code)
J 604  java.lang.ClassLoader.defineClass1(Ljava/lang/ClassLoader;Ljava/lang/String;[BIILjava/security/ProtectionDomain;Ljava/lang/String;)Ljava/lang/Class; java.base@21.0.6 (0 bytes) @ 0x0000019daa98f491 [0x0000019daa98f3c0+0x00000000000000d1]
J 972 c1 java.lang.ClassLoader.defineClass(Ljava/lang/String;[BIILjava/security/ProtectionDomain;)Ljava/lang/Class; java.base@21.0.6 (43 bytes) @ 0x0000019daaab55fc [0x0000019daaab54e0+0x000000000000011c]
J 829 c1 jdk.internal.loader.BuiltinClassLoader.defineClass(Ljava/lang/String;Ljdk/internal/loader/Resource;)Ljava/lang/Class; java.base@21.0.6 (121 bytes) @ 0x0000019daa9f4f94 [0x0000019daa9f4a40+0x0000000000000554]
J 827 c1 jdk.internal.loader.BuiltinClassLoader.findClassOnClassPathOrNull(Ljava/lang/String;)Ljava/lang/Class; java.base@21.0.6 (64 bytes) @ 0x0000019daa9f3c34 [0x0000019daa9f3960+0x00000000000002d4]
J 461 c1 jdk.internal.loader.BuiltinClassLoader.loadClassOrNull(Ljava/lang/String;Z)Ljava/lang/Class; java.base@21.0.6 (143 bytes) @ 0x0000019daa9591fc [0x0000019daa958e00+0x00000000000003fc]
J 710 c1 jdk.internal.loader.ClassLoaders$AppClassLoader.loadClass(Ljava/lang/String;Z)Ljava/lang/Class; java.base@21.0.6 (40 bytes) @ 0x0000019daa9be40c [0x0000019daa9be3c0+0x000000000000004c]
J 709 c1 java.lang.ClassLoader.loadClass(Ljava/lang/String;)Ljava/lang/Class; java.base@21.0.6 (7 bytes) @ 0x0000019daa9be094 [0x0000019daa9be040+0x0000000000000054]
v  ~StubRoutines::call_stub 0x0000019daa79100d
J 604  java.lang.ClassLoader.defineClass1(Ljava/lang/ClassLoader;Ljava/lang/String;[BIILjava/security/ProtectionDomain;Ljava/lang/String;)Ljava/lang/Class; java.base@21.0.6 (0 bytes) @ 0x0000019daa98f491 [0x0000019daa98f3c0+0x00000000000000d1]
J 972 c1 java.lang.ClassLoader.defineClass(Ljava/lang/String;[BIILjava/security/ProtectionDomain;)Ljava/lang/Class; java.base@21.0.6 (43 bytes) @ 0x0000019daaab55fc [0x0000019daaab54e0+0x000000000000011c]
J 829 c1 jdk.internal.loader.BuiltinClassLoader.defineClass(Ljava/lang/String;Ljdk/internal/loader/Resource;)Ljava/lang/Class; java.base@21.0.6 (121 bytes) @ 0x0000019daa9f4f94 [0x0000019daa9f4a40+0x0000000000000554]
J 827 c1 jdk.internal.loader.BuiltinClassLoader.findClassOnClassPathOrNull(Ljava/lang/String;)Ljava/lang/Class; java.base@21.0.6 (64 bytes) @ 0x0000019daa9f3c34 [0x0000019daa9f3960+0x00000000000002d4]
J 461 c1 jdk.internal.loader.BuiltinClassLoader.loadClassOrNull(Ljava/lang/String;Z)Ljava/lang/Class; java.base@21.0.6 (143 bytes) @ 0x0000019daa9591fc [0x0000019daa958e00+0x00000000000003fc]
J 710 c1 jdk.internal.loader.ClassLoaders$AppClassLoader.loadClass(Ljava/lang/String;Z)Ljava/lang/Class; java.base@21.0.6 (40 bytes) @ 0x0000019daa9be40c [0x0000019daa9be3c0+0x000000000000004c]
J 709 c1 java.lang.ClassLoader.loadClass(Ljava/lang/String;)Ljava/lang/Class; java.base@21.0.6 (7 bytes) @ 0x0000019daa9be094 [0x0000019daa9be040+0x0000000000000054]
v  ~StubRoutines::call_stub 0x0000019daa79100d
j  org.springframework.http.converter.json.Jackson2ObjectMapperBuilder.build()Lcom/fasterxml/jackson/databind/ObjectMapper;+77
j  org.springframework.http.converter.json.MappingJackson2HttpMessageConverter.<init>()V+4
j  org.springframework.http.converter.support.AllEncompassingFormHttpMessageConverter.<init>()V+55
j  org.springframework.boot.autoconfigure.BackgroundPreinitializer$MessageConverterInitializer.run()V+4
j  org.springframework.boot.autoconfigure.BackgroundPreinitializer$1.runSafely(Ljava/lang/Runnable;)Z+1
j  org.springframework.boot.autoconfigure.BackgroundPreinitializer$1.run()V+32
j  java.lang.Thread.runWith(Ljava/lang/Object;Ljava/lang/Runnable;)V+5 java.base@21.0.6
j  java.lang.Thread.run()V+19 java.base@21.0.6
v  ~StubRoutines::call_stub 0x0000019daa79100d

Compiled method (n/a)    1818  604     n 0       java.lang.ClassLoader::defineClass1 (native)
 total in heap  [0x0000019daa98f210,0x0000019daa98f870] = 1632
 relocation     [0x0000019daa98f370,0x0000019daa98f3a8] = 56
 main code      [0x0000019daa98f3c0,0x0000019daa98f86f] = 1199
 stub code      [0x0000019daa98f86f,0x0000019daa98f870] = 1

[Constant Pool (empty)]

[MachCode]
[Entry Point]
  # {method} {0x0000019db143ac80} 'defineClass1' '(Ljava/lang/ClassLoader;Ljava/lang/String;[BIILjava/security/ProtectionDomain;Ljava/lang/String;)Ljava/lang/Class;' in 'java/lang/ClassLoader'
  # parm0:    rdx:rdx   = 'java/lang/ClassLoader'
  # parm1:    r8:r8     = 'java/lang/String'
  # parm2:    r9:r9     = '[B'
  # parm3:    rdi       = int
  # parm4:    rsi       = int
  # parm5:    rcx:rcx   = 'java/security/ProtectionDomain'
  # parm6:    [sp+0xa0]   = 'java/lang/String'  (sp of caller)
  0x0000019daa98f3c0: 448b 5208 | 49bb 0000 | 00b1 9d01 | 0000 4d03 | d349 3bc2 | 0f84 0600 

  0x0000019daa98f3d8: ;   {runtime_call ic_miss_stub}
  0x0000019daa98f3d8: 0000 e9a1 | f3e4 ff90 
[Verified Entry Point]
  0x0000019daa98f3e0: 8984 2400 | 80ff ff55 | 488b ec48 | 81ec 9000 | 0000 6690 | 4181 7f20 | 0100 0000 

  0x0000019daa98f3fc: ;   {runtime_call StubRoutines (final stubs)}
  0x0000019daa98f3fc: 7405 e85d | 59e3 ff48 | 837d 1000 | 488d 4510 | 480f 4445 | 1048 8944 | 2440 4889 | 4c24 7048 
  0x0000019daa98f41c: 83f9 0048 | 8d44 2470 | 480f 4444 | 2470 4889 | 4424 3848 | 8974 2430 | 4889 7c24 | 284c 894c 
  0x0000019daa98f43c: 2458 4983 | f900 488d | 4424 5848 | 0f44 4424 | 5848 8944 | 2420 4c89 | 4424 5049 | 83f8 004c 
  0x0000019daa98f45c: 8d4c 2450 | 4c0f 444c | 2450 4889 | 5424 4848 | 83fa 004c | 8d44 2448 | 4c0f 4444 

  0x0000019daa98f478: ;   {oop(a 'java/lang/Class'{0x00000000ca3d3500} = 'java/lang/ClassLoader')}
  0x0000019daa98f478: 2448 49be | 0035 3dca | 0000 0000 | 4c89 7424 | 784c 8d74 | 2478 498b | d6c5 f877 

  0x0000019daa98f494: ;   {internal_word}
  0x0000019daa98f494: 49ba 91f4 | 98aa 9d01 | 0000 4d89 | 97a0 0300 | 0049 89a7 | 9803 0000 

  0x0000019daa98f4ac: ;   {external_word}
  0x0000019daa98f4ac: 49ba e057 | 1d50 f87f | 0000 4180 | 3a00 0f84 | 4e00 0000 | 5241 5041 

  0x0000019daa98f4c4: ;   {metadata({method} {0x0000019db143ac80} 'defineClass1' '(Ljava/lang/ClassLoader;Ljava/lang/String;[BIILjava/security/ProtectionDomain;Ljava/lang/String;)Ljava/lang/Class;' in 'java/lang/ClassLoader')}
  0x0000019daa98f4c4: 5148 ba78 | ac43 b19d | 0100 0049 | 8bcf 4883 | ec20 40f6 | c40f 0f84 | 1900 0000 | 4883 ec08 
  0x0000019daa98f4e4: ;   {runtime_call}
  0x0000019daa98f4e4: 48b8 8005 | ce4f f87f | 0000 ffd0 | 4883 c408 | e90c 0000 

  0x0000019daa98f4f8: ;   {runtime_call}
  0x0000019daa98f4f8: 0048 b880 | 05ce 4ff8 | 7f00 00ff | d048 83c4 | 2041 5941 | 585a 498d | 8fb8 0300 | 0041 c787 
  0x0000019daa98f518: 4404 0000 | 0400 0000 

  0x0000019daa98f520: ;   {runtime_call}
  0x0000019daa98f520: 48b8 ac16 | 9d84 f87f | 0000 ffd0 | c5f8 7741 | c787 4404 | 0000 0500 | 0000 f083 | 4424 c000 
  0x0000019daa98f540: 493b af48 | 0400 000f | 870e 0000 | 0041 83bf | 4004 0000 | 000f 842b | 0000 00c5 | f877 4889 
  0x0000019daa98f560: 45f8 498b | cf4c 8be4 | 4883 ec20 | 4883 e4f0 

  0x0000019daa98f570: ;   {runtime_call}
  0x0000019daa98f570: 48b8 f0b2 | 994f f87f | 0000 ffd0 | 498b e44d | 33e4 488b | 45f8 41c7 | 8744 0400 | 0008 0000 
  0x0000019daa98f590: 0041 83bf | c004 0000 | 020f 84a3 

  0x0000019daa98f59c: ;   {external_word}
  0x0000019daa98f59c: 0200 0049 | bae0 571d | 50f8 7f00 | 0041 803a | 000f 844c | 0000 0048 

  0x0000019daa98f5b4: ;   {metadata({method} {0x0000019db143ac80} 'defineClass1' '(Ljava/lang/ClassLoader;Ljava/lang/String;[BIILjava/security/ProtectionDomain;Ljava/lang/String;)Ljava/lang/Class;' in 'java/lang/ClassLoader')}
  0x0000019daa98f5b4: 8945 f848 | ba78 ac43 | b19d 0100 | 0049 8bcf | 4883 ec20 | 40f6 c40f | 0f84 1900 | 0000 4883 
  0x0000019daa98f5d4: ;   {runtime_call}
  0x0000019daa98f5d4: ec08 48b8 | 8005 ce4f | f87f 0000 | ffd0 4883 | c408 e90c 

  0x0000019daa98f5e8: ;   {runtime_call}
  0x0000019daa98f5e8: 0000 0048 | b880 05ce | 4ff8 7f00 | 00ff d048 | 83c4 2048 | 8b45 f849 | c787 9803 | 0000 0000 
  0x0000019daa98f608: 0000 49c7 | 87a0 0300 | 0000 0000 | 00c5 f877 | 4885 c00f | 84fe 0100 | 00a8 030f | 8508 0000 
  0x0000019daa98f628: 0048 8b00 | e9ee 0100 | 00a8 010f | 8509 0000 | 0048 8b40 | fee9 dd01 | 0000 488b | 40ff 4180 
  0x0000019daa98f648: 7f40 000f | 84ce 0100 | 0048 83f8 | 000f 84c4 | 0100 0049 | 8b4f 2848 | 83f9 000f | 8414 0000 
  0x0000019daa98f668: 0048 83e9 | 0849 894f | 2849 034f | 3848 8901 | e9a2 0100 | 0048 81ec | d000 0000 | 4889 0424 
  0x0000019daa98f688: 4889 4c24 | 0848 8954 | 2410 4889 | 7424 1848 | 897c 2420 | 4c89 4424 | 284c 894c | 2430 4c89 
  0x0000019daa98f6a8: 5424 384c | 895c 2440 | c5fb 1144 | 2450 c5fb | 114c 2458 | c5fb 1154 | 2460 c5fb | 115c 2468 
  0x0000019daa98f6c8: c5fb 1164 | 2470 c5fb | 116c 2478 | c5fb 11b4 | 2480 0000 | 00c5 fb11 | bc24 8800 | 0000 c57b 
  0x0000019daa98f6e8: ;   {no_reloc}
  0x0000019daa98f6e8: 1184 2490 | 0000 00c5 | 7b11 8c24 | 9800 0000 | c57b 1194 | 24a0 0000 | 00c5 7b11 | 9c24 a800 
  0x0000019daa98f708: 0000 c57b | 11a4 24b0 | 0000 00c5 | 7b11 ac24 | b800 0000 | c57b 11b4 | 24c0 0000 | 00c5 7b11 
  0x0000019daa98f728: bc24 c800 | 0000 498b | d748 8bc8 | 4883 ec20 | 40f6 c40f | 0f84 1900 | 0000 4883 

  0x0000019daa98f744: ;   {runtime_call}
  0x0000019daa98f744: ec08 48b8 | 90f1 8c4f | f87f 0000 | ffd0 4883 | c408 e90c 

  0x0000019daa98f758: ;   {runtime_call}
  0x0000019daa98f758: 0000 0048 | b890 f18c | 4ff8 7f00 | 00ff d048 | 83c4 20c5 | 7b10 bc24 | c800 0000 | c57b 10b4 
  0x0000019daa98f778: 24c0 0000 | 00c5 7b10 | ac24 b800 | 0000 c57b | 10a4 24b0 | 0000 00c5 | 7b10 9c24 | a800 0000 
  0x0000019daa98f798: c57b 1094 | 24a0 0000 | 00c5 7b10 | 8c24 9800 | 0000 c57b | 1084 2490 | 0000 00c5 | fb10 bc24 
  0x0000019daa98f7b8: 8800 0000 | c5fb 10b4 | 2480 0000 | 00c5 fb10 | 6c24 78c5 | fb10 6424 | 70c5 fb10 | 5c24 68c5 
  0x0000019daa98f7d8: fb10 5424 | 60c5 fb10 | 4c24 58c5 | fb10 4424 | 504c 8b5c | 2440 4c8b | 5424 384c | 8b4c 2430 
  0x0000019daa98f7f8: 4c8b 4424 | 2848 8b7c | 2420 488b | 7424 1848 | 8b54 2410 | 488b 4c24 | 0848 8b04 | 2448 81c4 
  0x0000019daa98f818: d000 0000 | c5f8 7749 | 8b8f 2804 | 0000 c781 | 0001 0000 | 0000 0000 | c949 837f | 0800 0f85 
  0x0000019daa98f838: 0100 0000 

  0x0000019daa98f83c: ;   {runtime_call StubRoutines (initial stubs)}
  0x0000019daa98f83c: c3e9 be16 | e0ff c5f8 | 7748 8945 | f84c 8be4 | 4883 ec20 | 4883 e4f0 

  0x0000019daa98f854: ;   {runtime_call}
  0x0000019daa98f854: 48b8 703d | ce4f f87f | 0000 ffd0 | 498b e44d | 33e4 488b | 45f8 e930 | fdff fff4 
[/MachCode]


Compiled method (c1)    1827  972       1       java.lang.ClassLoader::defineClass (43 bytes)
 total in heap  [0x0000019daaab5310,0x0000019daaab58d0] = 1472
 relocation     [0x0000019daaab5470,0x0000019daaab54e0] = 112
 main code      [0x0000019daaab54e0,0x0000019daaab56a0] = 448
 stub code      [0x0000019daaab56a0,0x0000019daaab5718] = 120
 metadata       [0x0000019daaab5718,0x0000019daaab5748] = 48
 scopes data    [0x0000019daaab5748,0x0000019daaab5800] = 184
 scopes pcs     [0x0000019daaab5800,0x0000019daaab58a0] = 160
 dependencies   [0x0000019daaab58a0,0x0000019daaab58a8] = 8
 nul chk table  [0x0000019daaab58a8,0x0000019daaab58d0] = 40

[Constant Pool (empty)]

[MachCode]
[Entry Point]
  # {method} {0x0000019db143b000} 'defineClass' '(Ljava/lang/String;[BIILjava/security/ProtectionDomain;)Ljava/lang/Class;' in 'java/lang/ClassLoader'
  # this:     rdx:rdx   = 'java/lang/ClassLoader'
  # parm0:    r8:r8     = 'java/lang/String'
  # parm1:    r9:r9     = '[B'
  # parm2:    rdi       = int
  # parm3:    rsi       = int
  # parm4:    rcx:rcx   = 'java/security/ProtectionDomain'
  #           [sp+0xc0]  (sp of caller)
  0x0000019daaab54e0: 448b 5208 | 49bb 0000 | 00b1 9d01 | 0000 4d03 | d34c 3bd0 

  0x0000019daaab54f4: ;   {runtime_call ic_miss_stub}
  0x0000019daaab54f4: 0f85 8692 | d2ff 660f | 1f44 0000 
[Verified Entry Point]
  0x0000019daaab5500: 8984 2400 | 80ff ff55 | 4881 ecb0 | 0000 0090 | 4181 7f20 | 0100 0000 

  0x0000019daaab5518: ;   {runtime_call StubRoutines (final stubs)}
  0x0000019daaab5518: 7405 e841 | f8d0 ff48 | 8954 2478 | 89b4 2494 | 0000 0089 | bc24 9000 | 0000 4c89 | 8c24 8800 
  0x0000019daaab5538: 0000 498b | d84c 8bc3 | 4c8b c948 | 8bca 488b | d148 899c | 2480 0000 | 0066 0f1f 

  0x0000019daaab5554: ;   {optimized virtual_call}
  0x0000019daaab5554: 4400 00e8 

  0x0000019daaab5558: ; ImmutableOopMap {[120]=Oop [128]=Oop [136]=Oop }
                      ;*invokevirtual preDefineClass {reexecute=0 rethrow=0 return_oop=0}
                      ; - java.lang.ClassLoader::defineClass@4 (line 1025)
  0x0000019daaab5558: 6406 0000 

  0x0000019daaab555c: ;   {other}
  0x0000019daaab555c: 0f1f 8400 | 4c02 0000 | 4889 8424 | 9800 0000 

  0x0000019daaab556c: ; implicit exception: dispatches to 0x0000019daaab564a
  0x0000019daaab556c: 448b 4010 | 4d85 c00f | 850f 0000 

  0x0000019daaab5578: ;   {oop(nullptr)}
  0x0000019daaab5578: 0048 bb00 | 0000 0000 | 0000 00e9 | 3f00 0000 

  0x0000019daaab5588: ; implicit exception: dispatches to 0x0000019daaab564f
  0x0000019daaab5588: 458b 400c | 4d85 c00f | 850f 0000 

  0x0000019daaab5594: ;   {oop(nullptr)}
  0x0000019daaab5594: 0048 bb00 | 0000 0000 | 0000 00e9 | 2300 0000 

  0x0000019daaab55a4: ; implicit exception: dispatches to 0x0000019daaab5654
  0x0000019daaab55a4: 418b 5038 

  0x0000019daaab55a8: ; implicit exception: dispatches to 0x0000019daaab5659
  0x0000019daaab55a8: 483b 020f 

  0x0000019daaab55ac: ;   {optimized virtual_call}
  0x0000019daaab55ac: 1f40 00e8 

  0x0000019daaab55b0: ; ImmutableOopMap {[120]=Oop [128]=Oop [136]=Oop [152]=Oop }
                      ;*invokevirtual toExternalForm {reexecute=0 rethrow=0 return_oop=0}
                      ; - java.net.URL::toExternalForm@5 (line 1203)
                      ; - java.net.URL::toString@1 (line 1189)
                      ; - java.lang.ClassLoader::defineClassSourceLocation@22 (line 927)
                      ; - java.lang.ClassLoader::defineClass@12 (line 1026)
  0x0000019daaab55b0: ccad f0ff 

  0x0000019daaab55b4: ;   {other}
  0x0000019daaab55b4: 0f1f 8400 | a402 0001 | 488b d848 | 8b84 2498 | 0000 008b | b424 9400 | 0000 8bbc | 2490 0000 
  0x0000019daaab55d4: 004c 8b8c | 2488 0000 | 004c 8b84 | 2480 0000 | 0048 8b54 | 2478 4c8b | da49 8bd3 | 488b c848 
  0x0000019daaab55f4: ;   {static_call}
  0x0000019daaab55f4: 891c 24e8 

  0x0000019daaab55f8: ; ImmutableOopMap {[120]=Oop [152]=Oop }
                      ;*invokestatic defineClass1 {reexecute=0 rethrow=0 return_oop=0}
                      ; - java.lang.ClassLoader::defineClass@27 (line 1027)
  0x0000019daaab55f8: e49d edff 

  0x0000019daaab55fc: ;   {other}
  0x0000019daaab55fc: 0f1f 8400 | ec02 0002 | 4c8b c04c | 8b8c 2498 | 0000 0048 | 8b54 2478 | 4889 8424 | a000 0000 
  0x0000019daaab561c: ;   {optimized virtual_call}
  0x0000019daaab561c: 6666 90e8 

  0x0000019daaab5620: ; ImmutableOopMap {[160]=Oop }
                      ;*invokevirtual postDefineClass {reexecute=0 rethrow=0 return_oop=0}
                      ; - java.lang.ClassLoader::defineClass@37 (line 1028)
  0x0000019daaab5620: 5c3a f4ff 

  0x0000019daaab5624: ;   {other}
  0x0000019daaab5624: 0f1f 8400 | 1403 0003 | 488b 8424 | a000 0000 | 4881 c4b0 | 0000 005d 

  0x0000019daaab563c: ;   {poll_return}
  0x0000019daaab563c: 493b a748 | 0400 000f | 8715 0000 

  0x0000019daaab5648: ;   {runtime_call throw_null_pointer_exception Runtime1 stub}
  0x0000019daaab5648: 00c3 e8b1 

  0x0000019daaab564c: ; ImmutableOopMap {rax=Oop [120]=Oop [128]=Oop [136]=Oop [152]=Oop }
                      ;*invokevirtual getCodeSource {reexecute=0 rethrow=0 return_oop=0}
                      ; - java.lang.ClassLoader::defineClassSourceLocation@1 (line 924)
                      ; - java.lang.ClassLoader::defineClass@12 (line 1026)
                      ;   {runtime_call throw_null_pointer_exception Runtime1 stub}
  0x0000019daaab564c: b8dd ffe8 

  0x0000019daaab5650: ; ImmutableOopMap {rax=Oop [120]=Oop [128]=Oop [136]=Oop [152]=Oop }
                      ;*invokevirtual getLocation {reexecute=0 rethrow=0 return_oop=0}
                      ; - java.lang.ClassLoader::defineClassSourceLocation@12 (line 926)
                      ; - java.lang.ClassLoader::defineClass@12 (line 1026)
  0x0000019daaab5650: acb8 ddff 

  0x0000019daaab5654: ;   {runtime_call throw_null_pointer_exception Runtime1 stub}
  0x0000019daaab5654: e8a7 b8dd 

  0x0000019daaab5658: ; ImmutableOopMap {r8=Oop [120]=Oop [128]=Oop [136]=Oop [152]=Oop }
                      ;*invokevirtual toString {reexecute=0 rethrow=0 return_oop=0}
                      ; - java.lang.ClassLoader::defineClassSourceLocation@22 (line 927)
                      ; - java.lang.ClassLoader::defineClass@12 (line 1026)
                      ;   {runtime_call throw_null_pointer_exception Runtime1 stub}
  0x0000019daaab5658: ffe8 a2b8 

  0x0000019daaab565c: ; ImmutableOopMap {r8=Oop rdx=Oop [120]=Oop [128]=Oop [136]=Oop [152]=Oop }
                      ;*invokevirtual toExternalForm {reexecute=0 rethrow=0 return_oop=0}
                      ; - java.net.URL::toExternalForm@5 (line 1203)
                      ; - java.net.URL::toString@1 (line 1189)
                      ; - java.lang.ClassLoader::defineClassSourceLocation@22 (line 927)
                      ; - java.lang.ClassLoader::defineClass@12 (line 1026)
                      ;   {internal_word}
  0x0000019daaab565c: ddff 49ba | 3c56 abaa | 9d01 0000 | 4d89 9760 

  0x0000019daaab566c: ;   {runtime_call SafepointBlob}
  0x0000019daaab566c: 0400 00e9 | 8c00 d3ff | 498b 87f8 | 0400 0049 | c787 f804 | 0000 0000 | 0000 49c7 | 8700 0500 
  0x0000019daaab568c: 0000 0000 | 0048 81c4 | b000 0000 

  0x0000019daaab5698: ;   {runtime_call unwind_exception Runtime1 stub}
  0x0000019daaab5698: 5de9 62a9 | ddff f4f4 
[Stub Code]
  0x0000019daaab56a0: ;   {no_reloc}
  0x0000019daaab56a0: 0f1f 4400 

  0x0000019daaab56a4: ;   {static_stub}
  0x0000019daaab56a4: 0048 bb00 | 0000 0000 

  0x0000019daaab56ac: ;   {runtime_call}
  0x0000019daaab56ac: 0000 00e9 | fbff ffff 

  0x0000019daaab56b4: ;   {static_stub}
  0x0000019daaab56b4: 48bb 0000 | 0000 0000 

  0x0000019daaab56bc: ;   {runtime_call}
  0x0000019daaab56bc: 0000 e9fb 

  0x0000019daaab56c0: ;   {static_stub}
  0x0000019daaab56c0: ffff ff48 | bb00 0000 | 0000 0000 

  0x0000019daaab56cc: ;   {runtime_call}
  0x0000019daaab56cc: 00e9 fbff 

  0x0000019daaab56d0: ;   {static_stub}
  0x0000019daaab56d0: ffff 48bb | 0000 0000 | 0000 0000 

  0x0000019daaab56dc: ;   {runtime_call}
  0x0000019daaab56dc: e9fb ffff 

  0x0000019daaab56e0: ;   {runtime_call handle_exception_from_callee Runtime1 stub}
  0x0000019daaab56e0: ffe8 9adf 

  0x0000019daaab56e4: ;   {external_word}
  0x0000019daaab56e4: ddff 48b9 | a046 f54f | f87f 0000 | 4883 e4f0 

  0x0000019daaab56f4: ;   {runtime_call}
  0x0000019daaab56f4: 48b8 b028 | bd4f f87f | 0000 ffd0 

  0x0000019daaab5700: ;   {section_word}
  0x0000019daaab5700: f449 ba01 | 57ab aa9d | 0100 0041 

  0x0000019daaab570c: ;   {runtime_call DeoptimizationBlob}
  0x0000019daaab570c: 52e9 8ef2 | d2ff f4f4 | f4f4 f4f4 
[/MachCode]


Compiled method (c1)    1834  829       1       jdk.internal.loader.BuiltinClassLoader::defineClass (121 bytes)
 total in heap  [0x0000019daa9f4790,0x0000019daa9f56a0] = 3856
 relocation     [0x0000019daa9f48f0,0x0000019daa9f4a38] = 328
 main code      [0x0000019daa9f4a40,0x0000019daa9f5100] = 1728
 stub code      [0x0000019daa9f5100,0x0000019daa9f5220] = 288
 metadata       [0x0000019daa9f5220,0x0000019daa9f5268] = 72
 scopes data    [0x0000019daa9f5268,0x0000019daa9f54c0] = 600
 scopes pcs     [0x0000019daa9f54c0,0x0000019daa9f5660] = 416
 dependencies   [0x0000019daa9f5660,0x0000019daa9f5668] = 8
 handler table  [0x0000019daa9f5668,0x0000019daa9f5680] = 24
 nul chk table  [0x0000019daa9f5680,0x0000019daa9f56a0] = 32

[Constant Pool (empty)]

[MachCode]
[Entry Point]
  # {method} {0x0000019db1069ba8} 'defineClass' '(Ljava/lang/String;Ljdk/internal/loader/Resource;)Ljava/lang/Class;' in 'jdk/internal/loader/BuiltinClassLoader'
  # this:     rdx:rdx   = 'jdk/internal/loader/BuiltinClassLoader'
  # parm0:    r8:r8     = 'java/lang/String'
  # parm1:    r9:r9     = 'jdk/internal/loader/Resource'
  #           [sp+0x110]  (sp of caller)
  0x0000019daa9f4a40: 448b 5208 | 49bb 0000 | 00b1 9d01 | 0000 4d03 | d34c 3bd0 

  0x0000019daa9f4a54: ;   {runtime_call ic_miss_stub}
  0x0000019daa9f4a54: 0f85 269d | deff 660f | 1f44 0000 
[Verified Entry Point]
  0x0000019daa9f4a60: 8984 2400 | 80ff ff55 | 4881 ec00 | 0100 0090 | 4181 7f20 | 0100 0000 

  0x0000019daa9f4a78: ;   {runtime_call StubRoutines (final stubs)}
  0x0000019daa9f4a78: 7405 e8e1 | 02dd ff48 | 8994 24a0 | 0000 004c | 8984 2490 | 0000 004c | 898c 2498 | 0000 0049 
  0x0000019daa9f4a98: 8bd1 6666 | 9048 b828 | 5521 b19d 

  0x0000019daa9f4aa4: ;   {virtual_call}
  0x0000019daa9f4aa4: 0100 00e8 

  0x0000019daa9f4aa8: ; ImmutableOopMap {[144]=Oop [152]=Oop [160]=Oop }
                      ;*invokevirtual getCodeSourceURL {reexecute=0 rethrow=0 return_oop=0}
                      ; - jdk.internal.loader.BuiltinClassLoader::defineClass@1 (line 842)
  0x0000019daa9f4aa8: 742d 0c00 

  0x0000019daa9f4aac: ;   {other}
  0x0000019daa9f4aac: 0f1f 8400 | 1c03 0000 | 4889 8424 | a800 0000 | 4c8b 8424 | 9000 0000 

  0x0000019daa9f4ac4: ; implicit exception: dispatches to 0x0000019daa9f5002
  0x0000019daa9f4ac4: 418b 7014 

  0x0000019daa9f4ac8: ; implicit exception: dispatches to 0x0000019daa9f5007
  0x0000019daa9f4ac8: 8b56 0c45 | 0fbe 4810 | 498b c9c1 | e118 c1f9 | 18d3 fa48 | 8bfa ffcf | 4585 c9ba | 0000 0000 
  0x0000019daa9f4ae8: 7505 ba01 | 0000 0083 | e201 85d2 | 488b d641 | b82e 0000 | 004c 8bcf | 0f84 1300 

  0x0000019daa9f4b04: ;   {static_call}
  0x0000019daa9f4b04: 0000 90e8 

  0x0000019daa9f4b08: ; ImmutableOopMap {[144]=Oop [152]=Oop [160]=Oop [168]=Oop }
                      ;*invokestatic lastIndexOf {reexecute=0 rethrow=0 return_oop=0}
                      ; - java.lang.String::lastIndexOf@13 (line 2573)
                      ; - java.lang.String::lastIndexOf@8 (line 2535)
                      ; - jdk.internal.loader.BuiltinClassLoader::defineClass@8 (line 845)
  0x0000019daa9f4b08: b496 edff 

  0x0000019daa9f4b0c: ;   {other}
  0x0000019daa9f4b0c: 0f1f 8400 | 7c03 0001 | e913 0000 | 0066 0f1f 

  0x0000019daa9f4b1c: ;   {static_call}
  0x0000019daa9f4b1c: 4400 00e8 

  0x0000019daa9f4b20: ; ImmutableOopMap {[144]=Oop [152]=Oop [160]=Oop [168]=Oop }
                      ;*invokestatic lastIndexOf {reexecute=0 rethrow=0 return_oop=0}
                      ; - java.lang.String::lastIndexOf@25 (line 2574)
                      ; - java.lang.String::lastIndexOf@8 (line 2535)
                      ; - jdk.internal.loader.BuiltinClassLoader::defineClass@8 (line 845)
  0x0000019daa9f4b20: 5ca5 deff 

  0x0000019daa9f4b24: ;   {other}
  0x0000019daa9f4b24: 0f1f 8400 | 9403 0002 | 83f8 ff0f | 847f 0000 | 0041 b800 | 0000 004c | 8bc8 488b | 9424 9000 
  0x0000019daa9f4b44: ;   {optimized virtual_call}
  0x0000019daa9f4b44: 0000 90e8 

  0x0000019daa9f4b48: ; ImmutableOopMap {[144]=Oop [152]=Oop [160]=Oop [168]=Oop }
                      ;*invokevirtual substring {reexecute=0 rethrow=0 return_oop=0}
                      ; - jdk.internal.loader.BuiltinClassLoader::defineClass@23 (line 847)
  0x0000019daa9f4b48: b4ea f0ff 

  0x0000019daa9f4b4c: ;   {other}
  0x0000019daa9f4b4c: 0f1f 8400 | bc03 0003 | 488b 9424 | 9800 0000 | 4889 8424 | b000 0000 | 9048 b828 | 5521 b19d 
  0x0000019daa9f4b6c: ;   {virtual_call}
  0x0000019daa9f4b6c: 0100 00e8 

  0x0000019daa9f4b70: ; ImmutableOopMap {[144]=Oop [152]=Oop [160]=Oop [168]=Oop [176]=Oop }
                      ;*invokevirtual getManifest {reexecute=0 rethrow=0 return_oop=0}
                      ; - jdk.internal.loader.BuiltinClassLoader::defineClass@29 (line 848)
  0x0000019daa9f4b70: ac33 0c00 

  0x0000019daa9f4b74: ;   {other}
  0x0000019daa9f4b74: 0f1f 8400 | e403 0004 | 4c8b 8424 | b000 0000 | 4c8b c848 | 8bbc 24a8 | 0000 0048 | 8b94 24a0 
  0x0000019daa9f4b94: 0000 0066 | 0f1f 4400 | 0048 b8e8 | a106 b19d 

  0x0000019daa9f4ba4: ;   {virtual_call}
  0x0000019daa9f4ba4: 0100 00e8 

  0x0000019daa9f4ba8: ; ImmutableOopMap {[144]=Oop [152]=Oop [160]=Oop [168]=Oop }
                      ;*invokevirtual defineOrCheckPackage {reexecute=0 rethrow=0 return_oop=0}
                      ; - jdk.internal.loader.BuiltinClassLoader::defineClass@40 (line 849)
  0x0000019daa9f4ba8: 140d 0000 

  0x0000019daa9f4bac: ;   {other}
  0x0000019daa9f4bac: 0f1f 8400 | 1c04 0005 | 4c8b 8c24 | 9800 0000 | 488d 9424 | e000 0000 | 4c89 4a08 | 498b 0148 
  0x0000019daa9f4bcc: 83c8 0148 | 8902 f049 | 0fb1 110f | 8412 0000 | 0048 2bc4 | 4825 07f0 | ffff 4889 | 020f 851d 
  0x0000019daa9f4bec: 0400 0049 | ff87 4805 | 0000 418b | 510c 4885 | d20f 8551 | 0000 0049 | 8bd1 0f1f | 8000 0000 
  0x0000019daa9f4c0c: 0048 b828 | 5521 b19d 

  0x0000019daa9f4c14: ;   {virtual_call}
  0x0000019daa9f4c14: 0100 00e8 

  0x0000019daa9f4c18: ; ImmutableOopMap {[144]=Oop [152]=Oop [160]=Oop [168]=Oop [232]=Oop }
                      ;*invokevirtual getInputStream {reexecute=0 rethrow=0 return_oop=0}
                      ; - jdk.internal.loader.Resource::cachedInputStream@9 (line 77)
                      ; - jdk.internal.loader.Resource::getByteBuffer@1 (line 163)
                      ; - jdk.internal.loader.BuiltinClassLoader::defineClass@45 (line 853)
  0x0000019daa9f4c18: 2431 0d00 

  0x0000019daa9f4c1c: ;   {other}
  0x0000019daa9f4c1c: 0f1f 8400 | 8c04 0006 | 410f be57 | 4085 d24c | 8b8c 2498 | 0000 000f | 85e6 0300 | 004c 8bd0 
  0x0000019daa9f4c3c: 4589 510c | 498b d148 | 33d0 48c1 | ea14 4883 | fa00 0f85 | e703 0000 | 418b 510c | 488d 8424 
  0x0000019daa9f4c5c: e000 0000 | 488b 3048 | 85f6 0f84 | 0f00 0000 | 488b 7808 | f048 0fb1 | 370f 85d8 | 0300 0049 
  0x0000019daa9f4c7c: ff8f 4805 | 0000 4885 | d20f 8443 

  0x0000019daa9f4c88: ;   {metadata('sun/nio/ByteBuffered')}
  0x0000019daa9f4c88: 0000 0048 | b8b0 c836 | b19d 0100 | 008b 5a08 | 49ba 0000 | 00b1 9d01 | 0000 4903 | da48 3b43 
  0x0000019daa9f4ca8: 200f 8424 | 0000 0048 | 3bd8 0f84 | 1b00 0000 

  0x0000019daa9f4cb8: ;   {runtime_call slow_subtype_check Runtime1 stub}
  0x0000019daa9f4cb8: 5350 e8c1 | f5e9 ff5b | 5b85 db0f | 8405 0000 | 00e9 0500 | 0000 4833 | f6eb 0a48 | be01 0000 
  0x0000019daa9f4cd8: 0000 0000 | 0085 f60f | 846c 0000 | 0048 85d2 | 0f84 4300 

  0x0000019daa9f4cec: ;   {metadata('sun/nio/ByteBuffered')}
  0x0000019daa9f4cec: 0000 48bb | b0c8 36b1 | 9d01 0000 | 8b7a 0849 | ba00 0000 | b19d 0100 | 0049 03fa | 483b 5f20 
  0x0000019daa9f4d0c: 0f84 1f00 | 0000 483b | fb0f 8416 | 0000 0057 

  0x0000019daa9f4d1c: ;   {runtime_call slow_subtype_check Runtime1 stub}
  0x0000019daa9f4d1c: 53e8 5ef5 | e9ff 5f5f | 85ff 0f84 | 3d03 0000 | e900 0000 | 000f 1f40 | 0048 b8ff | ffff ffff 
  0x0000019daa9f4d3c: ;   {virtual_call}
  0x0000019daa9f4d3c: ffff ffe8 

  0x0000019daa9f4d40: ; ImmutableOopMap {[144]=Oop [152]=Oop [160]=Oop [168]=Oop }
                      ;*invokeinterface getByteBuffer {reexecute=0 rethrow=0 return_oop=0}
                      ; - jdk.internal.loader.Resource::getByteBuffer@16 (line 165)
                      ; - jdk.internal.loader.BuiltinClassLoader::defineClass@45 (line 853)
  0x0000019daa9f4d40: 3ca0 deff 

  0x0000019daa9f4d44: ;   {other}
  0x0000019daa9f4d44: 0f1f 8400 | b405 0007 | e90a 0000 

  0x0000019daa9f4d50: ;   {oop(nullptr)}
  0x0000019daa9f4d50: 0048 b800 | 0000 0000 | 0000 0048 | 85c0 0f84 | 0601 0000 | 4889 8424 | b800 0000 | 488b 9424 
  0x0000019daa9f4d70: 9800 0000 | 9048 b8ff | ffff ffff 

  0x0000019daa9f4d7c: ;   {virtual_call}
  0x0000019daa9f4d7c: ffff ffe8 

  0x0000019daa9f4d80: ; ImmutableOopMap {[144]=Oop [160]=Oop [168]=Oop [184]=Oop }
                      ;*invokevirtual getCodeSigners {reexecute=0 rethrow=0 return_oop=0}
                      ; - jdk.internal.loader.BuiltinClassLoader::defineClass@56 (line 855)
  0x0000019daa9f4d80: fc9f deff 

  0x0000019daa9f4d84: ;   {other}
  0x0000019daa9f4d84: 0f1f 8400 | f405 0008 

  0x0000019daa9f4d8c: ;   {metadata('java/security/CodeSource')}
  0x0000019daa9f4d8c: 4c8b c848 | bac0 5c00 | b19d 0100 | 0049 8b87 | b801 0000 | 488d 7828 | 493b bfc8 | 0100 000f 
  0x0000019daa9f4dac: 87c1 0200 | 0049 89bf | b801 0000 | 48c7 0001 | 0000 0048 | 8bca 49ba | 0000 00b1 | 9d01 0000 
  0x0000019daa9f4dcc: 492b ca89 | 4808 4833 | c989 480c | 4833 c948 | 8948 1048 | 8948 1848 | 8948 204c | 8b84 24a8 
  0x0000019daa9f4dec: 0000 0048 | 8bd0 4889 | 8424 c000 | 0000 0f1f 

  0x0000019daa9f4dfc: ;   {optimized virtual_call}
  0x0000019daa9f4dfc: 4400 00e8 

  0x0000019daa9f4e00: ; ImmutableOopMap {[144]=Oop [160]=Oop [184]=Oop [192]=Oop }
                      ;*invokespecial <init> {reexecute=0 rethrow=0 return_oop=0}
                      ; - jdk.internal.loader.BuiltinClassLoader::defineClass@68 (line 856)
  0x0000019daa9f4e00: 7c9c deff 

  0x0000019daa9f4e04: ;   {other}
  0x0000019daa9f4e04: 0f1f 8400 | 7406 0009 | 4c8b 8424 | c000 0000 | 488b 9424 | a000 0000 

  0x0000019daa9f4e1c: ;   {optimized virtual_call}
  0x0000019daa9f4e1c: 6666 90e8 

  0x0000019daa9f4e20: ; ImmutableOopMap {[144]=Oop [160]=Oop [184]=Oop }
                      ;*invokevirtual getProtectionDomain {reexecute=0 rethrow=0 return_oop=0}
                      ; - java.security.SecureClassLoader::defineClass@5 (line 182)
                      ; - jdk.internal.loader.BuiltinClassLoader::defineClass@79 (line 857)
  0x0000019daa9f4e20: 5c9c deff 

  0x0000019daa9f4e24: ;   {other}
  0x0000019daa9f4e24: 0f1f 8400 | 9406 000a | 4c8b 8424 | 9000 0000 | 4c8b 8c24 | b800 0000 | 488b f848 | 8b94 24a0 
  0x0000019daa9f4e44: ;   {optimized virtual_call}
  0x0000019daa9f4e44: 0000 00e8 

  0x0000019daa9f4e48: ; ImmutableOopMap {}
                      ;*invokevirtual defineClass {reexecute=0 rethrow=0 return_oop=0}
                      ; - java.security.SecureClassLoader::defineClass@8 (line 182)
                      ; - jdk.internal.loader.BuiltinClassLoader::defineClass@79 (line 857)
  0x0000019daa9f4e48: 349c deff 

  0x0000019daa9f4e4c: ;   {other}
  0x0000019daa9f4e4c: 0f1f 8400 | bc06 000b | 4881 c400 | 0100 005d 

  0x0000019daa9f4e5c: ;   {poll_return}
  0x0000019daa9f4e5c: 493b a748 | 0400 000f | 8716 0200 | 00c3 4c8b | 8c24 9800 | 0000 498b | d148 b828 | 5521 b19d 
  0x0000019daa9f4e7c: ;   {virtual_call}
  0x0000019daa9f4e7c: 0100 00e8 

  0x0000019daa9f4e80: ; ImmutableOopMap {[144]=Oop [152]=Oop [160]=Oop [168]=Oop }
                      ;*invokevirtual getBytes {reexecute=0 rethrow=0 return_oop=0}
                      ; - jdk.internal.loader.BuiltinClassLoader::defineClass@84 (line 859)
  0x0000019daa9f4e80: 5c32 0d00 

  0x0000019daa9f4e84: ;   {other}
  0x0000019daa9f4e84: 0f1f 8400 | f406 000c | 4889 8424 | c800 0000 | 488b 9424 | 9800 0000 | 9048 b828 | 5521 b19d 
  0x0000019daa9f4ea4: ;   {virtual_call}
  0x0000019daa9f4ea4: 0100 00e8 

  0x0000019daa9f4ea8: ; ImmutableOopMap {[144]=Oop [160]=Oop [168]=Oop [200]=Oop }
                      ;*invokevirtual getCodeSigners {reexecute=0 rethrow=0 return_oop=0}
                      ; - jdk.internal.loader.BuiltinClassLoader::defineClass@90 (line 860)
  0x0000019daa9f4ea8: 144c 0d00 

  0x0000019daa9f4eac: ;   {other}
  0x0000019daa9f4eac: 0f1f 8400 | 1c07 000d 

  0x0000019daa9f4eb4: ;   {metadata('java/security/CodeSource')}
  0x0000019daa9f4eb4: 4c8b c848 | bac0 5c00 | b19d 0100 | 0049 8b87 | b801 0000 | 488d 7828 | 493b bfc8 | 0100 000f 
  0x0000019daa9f4ed4: 87bc 0100 | 0049 89bf | b801 0000 | 48c7 0001 | 0000 0048 | 8bca 49ba | 0000 00b1 | 9d01 0000 
  0x0000019daa9f4ef4: 492b ca89 | 4808 4833 | c989 480c | 4833 c948 | 8948 1048 | 8948 1848 | 8948 204c | 8b84 24a8 
  0x0000019daa9f4f14: 0000 0048 | 8bd0 4889 | 8424 d000 | 0000 0f1f 

  0x0000019daa9f4f24: ;   {optimized virtual_call}
  0x0000019daa9f4f24: 4400 00e8 

  0x0000019daa9f4f28: ; ImmutableOopMap {[144]=Oop [160]=Oop [200]=Oop [208]=Oop }
                      ;*invokespecial <init> {reexecute=0 rethrow=0 return_oop=0}
                      ; - jdk.internal.loader.BuiltinClassLoader::defineClass@102 (line 861)
  0x0000019daa9f4f28: 54f0 0b00 

  0x0000019daa9f4f2c: ;   {other}
  0x0000019daa9f4f2c: 0f1f 8400 | 9c07 000e | 488b 8424 | c800 0000 

  0x0000019daa9f4f3c: ; implicit exception: dispatches to 0x0000019daa9f50a2
  0x0000019daa9f4f3c: 8b70 0c4c | 8b84 24d0 | 0000 0048 | 8b94 24a0 | 0000 0089 | b424 d800 

  0x0000019daa9f4f54: ;   {optimized virtual_call}
  0x0000019daa9f4f54: 0000 90e8 

  0x0000019daa9f4f58: ; ImmutableOopMap {[144]=Oop [160]=Oop [200]=Oop }
                      ;*invokevirtual getProtectionDomain {reexecute=0 rethrow=0 return_oop=0}
                      ; - java.security.SecureClassLoader::defineClass@9 (line 150)
                      ; - jdk.internal.loader.BuiltinClassLoader::defineClass@117 (line 862)
  0x0000019daa9f4f58: 24f9 0b00 

  0x0000019daa9f4f5c: ;   {other}
  0x0000019daa9f4f5c: 0f1f 8400 | cc07 000f | 4c8b 8424 | 9000 0000 | 4c8b 8c24 | c800 0000 | bf00 0000 | 008b b424 
  0x0000019daa9f4f7c: d800 0000 | 488b c848 | 8b94 24a0 | 0000 000f 

  0x0000019daa9f4f8c: ;   {optimized virtual_call}
  0x0000019daa9f4f8c: 1f40 00e8 

  0x0000019daa9f4f90: ; ImmutableOopMap {}
                      ;*invokevirtual defineClass {reexecute=0 rethrow=0 return_oop=0}
                      ; - java.security.SecureClassLoader::defineClass@12 (line 150)
                      ; - jdk.internal.loader.BuiltinClassLoader::defineClass@117 (line 862)
  0x0000019daa9f4f90: 6c05 0c00 

  0x0000019daa9f4f94: ;   {other}
  0x0000019daa9f4f94: 0f1f 8400 | 0408 0010 | 4881 c400 | 0100 005d 

  0x0000019daa9f4fa4: ;   {poll_return}
  0x0000019daa9f4fa4: 493b a748 | 0400 000f | 87f6 0000 | 00c3 498b | 87f8 0400 | 004d 33d2 | 4d89 97f8 | 0400 004d 
  0x0000019daa9f4fc4: 33d2 4d89 | 9700 0500 | 0048 8bf0 | 488d 8424 | e000 0000 | 488b 3848 | 85ff 0f84 | 0f00 0000 
  0x0000019daa9f4fe4: 488b 5808 | f048 0fb1 | 3b0f 85ca | 0000 0049 | ff8f 4805 | 0000 488b | c6e9 ee00 

  0x0000019daa9f5000: ;   {runtime_call throw_null_pointer_exception Runtime1 stub}
  0x0000019daa9f5000: 0000 e8f9 

  0x0000019daa9f5004: ; ImmutableOopMap {rax=Oop r8=Oop [144]=Oop [152]=Oop [160]=Oop [168]=Oop }
                      ;*invokevirtual lastIndexOf {reexecute=0 rethrow=0 return_oop=0}
                      ; - jdk.internal.loader.BuiltinClassLoader::defineClass@8 (line 845)
                      ;   {runtime_call throw_null_pointer_exception Runtime1 stub}
  0x0000019daa9f5004: bee9 ffe8 

  0x0000019daa9f5008: ; ImmutableOopMap {rax=Oop r8=Oop rsi=Oop [144]=Oop [152]=Oop [160]=Oop [168]=Oop }
                      ;*arraylength {reexecute=0 rethrow=0 return_oop=0}
                      ; - java.lang.String::length@4 (line 1519)
                      ; - java.lang.String::lastIndexOf@3 (line 2535)
                      ; - jdk.internal.loader.BuiltinClassLoader::defineClass@8 (line 845)
  0x0000019daa9f5008: f4be e9ff | 4c89 4c24 | 0848 8914 

  0x0000019daa9f5014: ;   {runtime_call monitorenter_nofpu Runtime1 stub}
  0x0000019daa9f5014: 24e8 66f8 

  0x0000019daa9f5018: ; ImmutableOopMap {r9=Oop [144]=Oop [152]=Oop [160]=Oop [168]=Oop [232]=Oop }
                      ;*synchronization entry
                      ; - jdk.internal.loader.Resource::cachedInputStream@-1 (line 76)
                      ; - jdk.internal.loader.Resource::getByteBuffer@1 (line 163)
                      ; - jdk.internal.loader.BuiltinClassLoader::defineClass@45 (line 853)
  0x0000019daa9f5018: e9ff e9d7 | fbff ff41 | 8b51 0c48 | 83fa 000f | 840c fcff | ff48 8914 

  0x0000019daa9f5030: ;   {runtime_call g1_pre_barrier_slow}
  0x0000019daa9f5030: 24e8 ca2c | eaff e9fe | fbff ff48 | 83f8 000f | 840f fcff | ff4c 890c 

  0x0000019daa9f5048: ;   {runtime_call g1_post_barrier_slow}
  0x0000019daa9f5048: 24e8 3234 | eaff e901 | fcff ff48 | 8d84 24e0 | 0000 0048 

  0x0000019daa9f505c: ;   {runtime_call monitorexit_nofpu Runtime1 stub}
  0x0000019daa9f505c: 8904 24e8 | 1cfe e9ff | e919 fcff | ff48 8914 

  0x0000019daa9f506c: ;   {runtime_call throw_class_cast_exception Runtime1 stub}
  0x0000019daa9f506c: 24e8 0eec 

  0x0000019daa9f5070: ; ImmutableOopMap {[144]=Oop [152]=Oop [160]=Oop [168]=Oop }
                      ;*checkcast {reexecute=0 rethrow=0 return_oop=0}
                      ; - jdk.internal.loader.Resource::getByteBuffer@13 (line 165)
                      ; - jdk.internal.loader.BuiltinClassLoader::defineClass@45 (line 853)
  0x0000019daa9f5070: e9ff 488b 

  0x0000019daa9f5074: ;   {runtime_call fast_new_instance Runtime1 stub}
  0x0000019daa9f5074: d2e8 86c7 

  0x0000019daa9f5078: ; ImmutableOopMap {r9=Oop [144]=Oop [160]=Oop [168]=Oop [184]=Oop }
                      ;*new {reexecute=0 rethrow=0 return_oop=0}
                      ; - jdk.internal.loader.BuiltinClassLoader::defineClass@61 (line 856)
  0x0000019daa9f5078: e9ff e968 

  0x0000019daa9f507c: ;   {internal_word}
  0x0000019daa9f507c: fdff ff49 | ba5c 4e9f | aa9d 0100 | 004d 8997 | 6004 0000 

  0x0000019daa9f5090: ;   {runtime_call SafepointBlob}
  0x0000019daa9f5090: e96b 06df | ff48 8bd2 

  0x0000019daa9f5098: ;   {runtime_call fast_new_instance Runtime1 stub}
  0x0000019daa9f5098: e863 c7e9 

  0x0000019daa9f509c: ; ImmutableOopMap {r9=Oop [144]=Oop [160]=Oop [168]=Oop [200]=Oop }
                      ;*new {reexecute=0 rethrow=0 return_oop=0}
                      ; - jdk.internal.loader.BuiltinClassLoader::defineClass@95 (line 861)
  0x0000019daa9f509c: ffe9 6dfe 

  0x0000019daa9f50a0: ;   {runtime_call throw_null_pointer_exception Runtime1 stub}
  0x0000019daa9f50a0: ffff e859 

  0x0000019daa9f50a4: ; ImmutableOopMap {rax=Oop [144]=Oop [160]=Oop [200]=Oop [208]=Oop }
                      ;*arraylength {reexecute=0 rethrow=0 return_oop=0}
                      ; - jdk.internal.loader.BuiltinClassLoader::defineClass@114 (line 862)
                      ;   {internal_word}
  0x0000019daa9f50a4: bee9 ff49 | baa4 4f9f | aa9d 0100 | 004d 8997 | 6004 0000 

  0x0000019daa9f50b8: ;   {runtime_call SafepointBlob}
  0x0000019daa9f50b8: e943 06df | ff48 8d84 | 24e0 0000 | 0048 8904 

  0x0000019daa9f50c8: ;   {runtime_call monitorexit_nofpu Runtime1 stub}
  0x0000019daa9f50c8: 24e8 b2fd | e9ff e927 | ffff ff49 | 8b87 f804 | 0000 49c7 | 87f8 0400 | 0000 0000 | 0049 c787 
  0x0000019daa9f50e8: 0005 0000 | 0000 0000 | 4881 c400 | 0100 005d 

  0x0000019daa9f50f8: ;   {runtime_call unwind_exception Runtime1 stub}
  0x0000019daa9f50f8: e903 afe9 | fff4 f4f4 
[Stub Code]
  0x0000019daa9f5100: ;   {no_reloc}
  0x0000019daa9f5100: 0f1f 4400 

  0x0000019daa9f5104: ;   {static_stub}
  0x0000019daa9f5104: 0048 bb00 | 0000 0000 

  0x0000019daa9f510c: ;   {runtime_call}
  0x0000019daa9f510c: 0000 00e9 | fbff ffff 

  0x0000019daa9f5114: ;   {static_stub}
  0x0000019daa9f5114: 9048 bb00 | 0000 0000 

  0x0000019daa9f511c: ;   {runtime_call}
  0x0000019daa9f511c: 0000 00e9 | fbff ffff 

  0x0000019daa9f5124: ;   {static_stub}
  0x0000019daa9f5124: 9048 bb00 | 0000 0000 

  0x0000019daa9f512c: ;   {runtime_call}
  0x0000019daa9f512c: 0000 00e9 | fbff ffff 

  0x0000019daa9f5134: ;   {static_stub}
  0x0000019daa9f5134: 9048 bb00 | 0000 0000 

  0x0000019daa9f513c: ;   {runtime_call}
  0x0000019daa9f513c: 0000 00e9 | fbff ffff 

  0x0000019daa9f5144: ;   {static_stub}
  0x0000019daa9f5144: 9048 bb00 | 0000 0000 

  0x0000019daa9f514c: ;   {runtime_call}
  0x0000019daa9f514c: 0000 00e9 | fbff ffff 

  0x0000019daa9f5154: ;   {static_stub}
  0x0000019daa9f5154: 9048 bb00 | 0000 0000 

  0x0000019daa9f515c: ;   {runtime_call}
  0x0000019daa9f515c: 0000 00e9 | fbff ffff 

  0x0000019daa9f5164: ;   {static_stub}
  0x0000019daa9f5164: 9048 bb00 | 0000 0000 

  0x0000019daa9f516c: ;   {runtime_call}
  0x0000019daa9f516c: 0000 00e9 | fbff ffff 

  0x0000019daa9f5174: ;   {static_stub}
  0x0000019daa9f5174: 9048 bb00 | 0000 0000 

  0x0000019daa9f517c: ;   {runtime_call}
  0x0000019daa9f517c: 0000 00e9 | fbff ffff 

  0x0000019daa9f5184: ;   {static_stub}
  0x0000019daa9f5184: 48bb 4844 | 47b1 9d01 

  0x0000019daa9f518c: ;   {runtime_call I2C/C2I adapters}
  0x0000019daa9f518c: 0000 e9d8 

  0x0000019daa9f5190: ;   {static_stub}
  0x0000019daa9f5190: 5bde ff48 | bbe0 d204 | b19d 0100 

  0x0000019daa9f519c: ;   {runtime_call I2C/C2I adapters}
  0x0000019daa9f519c: 00e9 45f0 

  0x0000019daa9f51a0: ;   {static_stub}
  0x0000019daa9f51a0: deff 48bb | 0000 0000 | 0000 0000 

  0x0000019daa9f51ac: ;   {runtime_call}
  0x0000019daa9f51ac: e9fb ffff 

  0x0000019daa9f51b0: ;   {static_stub}
  0x0000019daa9f51b0: ff48 bbf8 | af43 b19d 

  0x0000019daa9f51b8: ;   {runtime_call I2C/C2I adapters}
  0x0000019daa9f51b8: 0100 00e9 | b5bf ddff 

  0x0000019daa9f51c0: ;   {static_stub}
  0x0000019daa9f51c0: 48bb 0000 | 0000 0000 

  0x0000019daa9f51c8: ;   {runtime_call}
  0x0000019daa9f51c8: 0000 e9fb 

  0x0000019daa9f51cc: ;   {static_stub}
  0x0000019daa9f51cc: ffff ff48 | bb00 0000 | 0000 0000 

  0x0000019daa9f51d8: ;   {runtime_call}
  0x0000019daa9f51d8: 00e9 fbff 

  0x0000019daa9f51dc: ;   {static_stub}
  0x0000019daa9f51dc: ffff 48bb | 0000 0000 | 0000 0000 

  0x0000019daa9f51e8: ;   {runtime_call}
  0x0000019daa9f51e8: e9fb ffff 

  0x0000019daa9f51ec: ;   {runtime_call handle_exception_from_callee Runtime1 stub}
  0x0000019daa9f51ec: ffe8 8ee4 

  0x0000019daa9f51f0: ;   {external_word}
  0x0000019daa9f51f0: e9ff 48b9 | a046 f54f | f87f 0000 | 4883 e4f0 

  0x0000019daa9f5200: ;   {runtime_call}
  0x0000019daa9f5200: 48b8 b028 | bd4f f87f | 0000 ffd0 

  0x0000019daa9f520c: ;   {section_word}
  0x0000019daa9f520c: f449 ba0d | 529f aa9d | 0100 0041 

  0x0000019daa9f5218: ;   {runtime_call DeoptimizationBlob}
  0x0000019daa9f5218: 52e9 82f7 | deff f4f4 
[/MachCode]


---------------  P R O C E S S  ---------------

Threads class SMR info:
_java_thread_list=0x0000019df6a457c0, length=12, elements={
0x0000019da23213e0, 0x0000019db0b57620, 0x0000019db0b585e0, 0x0000019db0b5cb10,
0x0000019db0b5ee30, 0x0000019db0b5fa30, 0x0000019db0b80490, 0x0000019db0b80ee0,
0x0000019df60a0670, 0x0000019df60a2640, 0x0000019df68e0b00, 0x0000019df6a6f7d0
}

Java Threads: ( => current thread )
  0x0000019da23213e0 JavaThread "main"                              [_thread_in_vm, id=8208, stack(0x0000001765800000,0x0000001765900000) (1024K)]
  0x0000019db0b57620 JavaThread "Reference Handler"          daemon [_thread_blocked, id=10796, stack(0x0000001766000000,0x0000001766100000) (1024K)]
  0x0000019db0b585e0 JavaThread "Finalizer"                  daemon [_thread_blocked, id=17328, stack(0x0000001766100000,0x0000001766200000) (1024K)]
  0x0000019db0b5cb10 JavaThread "Signal Dispatcher"          daemon [_thread_blocked, id=2100, stack(0x0000001766200000,0x0000001766300000) (1024K)]
  0x0000019db0b5ee30 JavaThread "Attach Listener"            daemon [_thread_blocked, id=1700, stack(0x0000001766300000,0x0000001766400000) (1024K)]
  0x0000019db0b5fa30 JavaThread "Service Thread"             daemon [_thread_blocked, id=11092, stack(0x0000001766400000,0x0000001766500000) (1024K)]
  0x0000019db0b80490 JavaThread "Monitor Deflation Thread"   daemon [_thread_blocked, id=10804, stack(0x0000001766500000,0x0000001766600000) (1024K)]
  0x0000019db0b80ee0 JavaThread "C1 CompilerThread0"         daemon [_thread_blocked, id=13536, stack(0x0000001766600000,0x0000001766700000) (1024K)]
  0x0000019df60a0670 JavaThread "Notification Thread"        daemon [_thread_blocked, id=6932, stack(0x0000001766700000,0x0000001766800000) (1024K)]
  0x0000019df60a2640 JavaThread "Common-Cleaner"             daemon [_thread_blocked, id=8116, stack(0x0000001766800000,0x0000001766900000) (1024K)]
  0x0000019df68e0b00 JavaThread "C1 CompilerThread1"         daemon [_thread_blocked, id=14656, stack(0x0000001766c00000,0x0000001766d00000) (1024K)]
=>0x0000019df6a6f7d0 JavaThread "background-preinit"                [_thread_in_vm, id=5932, stack(0x0000001766d00000,0x0000001766e00000) (1024K)]
Total: 12

Other Threads:
  0x0000019da024f770 VMThread "VM Thread"                           [id=15404, stack(0x0000001765f00000,0x0000001766000000) (1024K)]
  0x0000019da23cbdf0 WatcherThread "VM Periodic Task Thread"        [id=10176, stack(0x0000001765e00000,0x0000001765f00000) (1024K)]
  0x0000019da024fb10 WorkerThread "GC Thread#0"                     [id=16884, stack(0x0000001765900000,0x0000001765a00000) (1024K)]
  0x0000019da024feb0 WorkerThread "GC Thread#1"                     [id=8904, stack(0x0000001766900000,0x0000001766a00000) (1024K)]
  0x0000019da0250250 WorkerThread "GC Thread#2"                     [id=9772, stack(0x0000001766a00000,0x0000001766b00000) (1024K)]
  0x0000019da02505f0 WorkerThread "GC Thread#3"                     [id=13076, stack(0x0000001766b00000,0x0000001766c00000) (1024K)]
  0x0000019da2362400 ConcurrentGCThread "G1 Main Marker"            [id=9856, stack(0x0000001765a00000,0x0000001765b00000) (1024K)]
  0x0000019da024f3d0 WorkerThread "G1 Conc#0"                       [id=3344, stack(0x0000001765b00000,0x0000001765c00000) (1024K)]
  0x0000019da23b9090 ConcurrentGCThread "G1 Refine#0"               [id=2648, stack(0x0000001765c00000,0x0000001765d00000) (1024K)]
  0x0000019da23b9c00 ConcurrentGCThread "G1 Service"                [id=10512, stack(0x0000001765d00000,0x0000001765e00000) (1024K)]
Total: 10

Threads with active compile tasks:
Total: 0

VM state: not at safepoint (normal execution)

VM Mutex/Monitor currently owned by a thread:  ([mutex/lock_event])
[0x00007ff8501ebe18] Metaspace_lock - owner thread: 0x0000019df6a6f7d0

Heap address: 0x00000000c9e00000, size: 866 MB, Compressed Oops mode: 32-bit

CDS archive(s) mapped at: [0x0000019db1000000-0x0000019db1c90000-0x0000019db1c90000), size 13172736, SharedBaseAddress: 0x0000019db1000000, ArchiveRelocationMode: 1.
Compressed class space mapped at: 0x0000019db2000000-0x0000019df2000000, reserved size: 1073741824
Narrow klass base: 0x0000019db1000000, Narrow klass shift: 0, Narrow klass range: 0x100000000

GC Precious Log:
 CardTable entry size: 512
 Card Set container configuration: InlinePtr #cards 5 size 8 Array Of Cards #cards 12 size 40 Howl #buckets 4 coarsen threshold 1843 Howl Bitmap #cards 512 size 80 coarsen threshold 460 Card regions per heap region 1 cards per card region 2048
 CPUs: 4 total, 4 available
 Memory: 3460M
 Large Page Support: Disabled
 NUMA Support: Disabled
 Compressed Oops: Enabled (32-bit)
 Heap Region Size: 1M
 Heap Min Capacity: 8M
 Heap Initial Capacity: 56M
 Heap Max Capacity: 866M
 Pre-touch: Disabled
 Parallel Workers: 4
 Concurrent Workers: 1
 Concurrent Refinement Workers: 4
 Periodic GC: Disabled

Heap:
 garbage-first heap   total 57344K, used 22875K [0x00000000c9e00000, 0x0000000100000000)
  region size 1024K, 17 young (17408K), 1 survivors (1024K)
 Metaspace       used 9549K, committed 9856K, reserved 1114112K
  class space    used 1289K, committed 1408K, reserved 1048576K

Heap Regions: E=young(eden), S=young(survivor), O=old, HS=humongous(starts), HC=humongous(continues), CS=collection set, F=free, TAMS=top-at-mark-start, PB=parsable bottom
|   0|0x00000000c9e00000, 0x00000000c9f00000, 0x00000000c9f00000|100%|HS|  |TAMS 0x00000000c9e00000| PB 0x00000000c9e00000| Complete 
|   1|0x00000000c9f00000, 0x00000000ca000000, 0x00000000ca000000|100%|HS|  |TAMS 0x00000000c9f00000| PB 0x00000000c9f00000| Complete 
|   2|0x00000000ca000000, 0x00000000ca100000, 0x00000000ca100000|100%| O|  |TAMS 0x00000000ca000000| PB 0x00000000ca000000| Untracked 
|   3|0x00000000ca100000, 0x00000000ca200000, 0x00000000ca200000|100%| O|  |TAMS 0x00000000ca100000| PB 0x00000000ca100000| Untracked 
|   4|0x00000000ca200000, 0x00000000ca300000, 0x00000000ca300000|100%| O|  |TAMS 0x00000000ca200000| PB 0x00000000ca200000| Untracked 
|   5|0x00000000ca300000, 0x00000000ca400000, 0x00000000ca400000|100%| O|  |TAMS 0x00000000ca300000| PB 0x00000000ca300000| Untracked 
|   6|0x00000000ca400000, 0x00000000ca500000, 0x00000000ca500000|100%| O|  |TAMS 0x00000000ca400000| PB 0x00000000ca400000| Untracked 
|   7|0x00000000ca500000, 0x00000000ca556dd8, 0x00000000ca600000| 33%| O|  |TAMS 0x00000000ca500000| PB 0x00000000ca500000| Untracked 
|   8|0x00000000ca600000, 0x00000000ca600000, 0x00000000ca700000|  0%| F|  |TAMS 0x00000000ca600000| PB 0x00000000ca600000| Untracked 
|   9|0x00000000ca700000, 0x00000000ca700000, 0x00000000ca800000|  0%| F|  |TAMS 0x00000000ca700000| PB 0x00000000ca700000| Untracked 
|  10|0x00000000ca800000, 0x00000000ca800000, 0x00000000ca900000|  0%| F|  |TAMS 0x00000000ca800000| PB 0x00000000ca800000| Untracked 
|  11|0x00000000ca900000, 0x00000000ca900000, 0x00000000caa00000|  0%| F|  |TAMS 0x00000000ca900000| PB 0x00000000ca900000| Untracked 
|  12|0x00000000caa00000, 0x00000000caa00000, 0x00000000cab00000|  0%| F|  |TAMS 0x00000000caa00000| PB 0x00000000caa00000| Untracked 
|  13|0x00000000cab00000, 0x00000000cab00000, 0x00000000cac00000|  0%| F|  |TAMS 0x00000000cab00000| PB 0x00000000cab00000| Untracked 
|  14|0x00000000cac00000, 0x00000000cac00000, 0x00000000cad00000|  0%| F|  |TAMS 0x00000000cac00000| PB 0x00000000cac00000| Untracked 
|  15|0x00000000cad00000, 0x00000000cad00000, 0x00000000cae00000|  0%| F|  |TAMS 0x00000000cad00000| PB 0x00000000cad00000| Untracked 
|  16|0x00000000cae00000, 0x00000000cae00000, 0x00000000caf00000|  0%| F|  |TAMS 0x00000000cae00000| PB 0x00000000cae00000| Untracked 
|  17|0x00000000caf00000, 0x00000000caf00000, 0x00000000cb000000|  0%| F|  |TAMS 0x00000000caf00000| PB 0x00000000caf00000| Untracked 
|  18|0x00000000cb000000, 0x00000000cb000000, 0x00000000cb100000|  0%| F|  |TAMS 0x00000000cb000000| PB 0x00000000cb000000| Untracked 
|  19|0x00000000cb100000, 0x00000000cb100000, 0x00000000cb200000|  0%| F|  |TAMS 0x00000000cb100000| PB 0x00000000cb100000| Untracked 
|  20|0x00000000cb200000, 0x00000000cb200000, 0x00000000cb300000|  0%| F|  |TAMS 0x00000000cb200000| PB 0x00000000cb200000| Untracked 
|  21|0x00000000cb300000, 0x00000000cb300000, 0x00000000cb400000|  0%| F|  |TAMS 0x00000000cb300000| PB 0x00000000cb300000| Untracked 
|  22|0x00000000cb400000, 0x00000000cb400000, 0x00000000cb500000|  0%| F|  |TAMS 0x00000000cb400000| PB 0x00000000cb400000| Untracked 
|  23|0x00000000cb500000, 0x00000000cb500000, 0x00000000cb600000|  0%| F|  |TAMS 0x00000000cb500000| PB 0x00000000cb500000| Untracked 
|  24|0x00000000cb600000, 0x00000000cb600000, 0x00000000cb700000|  0%| F|  |TAMS 0x00000000cb600000| PB 0x00000000cb600000| Untracked 
|  25|0x00000000cb700000, 0x00000000cb700000, 0x00000000cb800000|  0%| F|  |TAMS 0x00000000cb700000| PB 0x00000000cb700000| Untracked 
|  26|0x00000000cb800000, 0x00000000cb800000, 0x00000000cb900000|  0%| F|  |TAMS 0x00000000cb800000| PB 0x00000000cb800000| Untracked 
|  27|0x00000000cb900000, 0x00000000cb900000, 0x00000000cba00000|  0%| F|  |TAMS 0x00000000cb900000| PB 0x00000000cb900000| Untracked 
|  28|0x00000000cba00000, 0x00000000cba00000, 0x00000000cbb00000|  0%| F|  |TAMS 0x00000000cba00000| PB 0x00000000cba00000| Untracked 
|  29|0x00000000cbb00000, 0x00000000cbb00000, 0x00000000cbc00000|  0%| F|  |TAMS 0x00000000cbb00000| PB 0x00000000cbb00000| Untracked 
|  30|0x00000000cbc00000, 0x00000000cbc00000, 0x00000000cbd00000|  0%| F|  |TAMS 0x00000000cbc00000| PB 0x00000000cbc00000| Untracked 
|  31|0x00000000cbd00000, 0x00000000cbd00000, 0x00000000cbe00000|  0%| F|  |TAMS 0x00000000cbd00000| PB 0x00000000cbd00000| Untracked 
|  32|0x00000000cbe00000, 0x00000000cbe00000, 0x00000000cbf00000|  0%| F|  |TAMS 0x00000000cbe00000| PB 0x00000000cbe00000| Untracked 
|  33|0x00000000cbf00000, 0x00000000cbf00000, 0x00000000cc000000|  0%| F|  |TAMS 0x00000000cbf00000| PB 0x00000000cbf00000| Untracked 
|  34|0x00000000cc000000, 0x00000000cc000000, 0x00000000cc100000|  0%| F|  |TAMS 0x00000000cc000000| PB 0x00000000cc000000| Untracked 
|  35|0x00000000cc100000, 0x00000000cc100000, 0x00000000cc200000|  0%| F|  |TAMS 0x00000000cc100000| PB 0x00000000cc100000| Untracked 
|  36|0x00000000cc200000, 0x00000000cc200000, 0x00000000cc300000|  0%| F|  |TAMS 0x00000000cc200000| PB 0x00000000cc200000| Untracked 
|  37|0x00000000cc300000, 0x00000000cc300000, 0x00000000cc400000|  0%| F|  |TAMS 0x00000000cc300000| PB 0x00000000cc300000| Untracked 
|  38|0x00000000cc400000, 0x00000000cc400000, 0x00000000cc500000|  0%| F|  |TAMS 0x00000000cc400000| PB 0x00000000cc400000| Untracked 
|  39|0x00000000cc500000, 0x00000000cc565200, 0x00000000cc600000| 39%| E|  |TAMS 0x00000000cc500000| PB 0x00000000cc500000| Complete 
|  40|0x00000000cc600000, 0x00000000cc700000, 0x00000000cc700000|100%| E|CS|TAMS 0x00000000cc600000| PB 0x00000000cc600000| Complete 
|  41|0x00000000cc700000, 0x00000000cc800000, 0x00000000cc800000|100%| E|CS|TAMS 0x00000000cc700000| PB 0x00000000cc700000| Complete 
|  42|0x00000000cc800000, 0x00000000cc900000, 0x00000000cc900000|100%| E|CS|TAMS 0x00000000cc800000| PB 0x00000000cc800000| Complete 
|  43|0x00000000cc900000, 0x00000000cca00000, 0x00000000cca00000|100%| E|CS|TAMS 0x00000000cc900000| PB 0x00000000cc900000| Complete 
|  44|0x00000000cca00000, 0x00000000ccb00000, 0x00000000ccb00000|100%| S|CS|TAMS 0x00000000cca00000| PB 0x00000000cca00000| Complete 
|  45|0x00000000ccb00000, 0x00000000ccc00000, 0x00000000ccc00000|100%| E|CS|TAMS 0x00000000ccb00000| PB 0x00000000ccb00000| Complete 
|  46|0x00000000ccc00000, 0x00000000ccd00000, 0x00000000ccd00000|100%| E|CS|TAMS 0x00000000ccc00000| PB 0x00000000ccc00000| Complete 
|  47|0x00000000ccd00000, 0x00000000cce00000, 0x00000000cce00000|100%| E|CS|TAMS 0x00000000ccd00000| PB 0x00000000ccd00000| Complete 
|  48|0x00000000cce00000, 0x00000000ccf00000, 0x00000000ccf00000|100%| E|CS|TAMS 0x00000000cce00000| PB 0x00000000cce00000| Complete 
|  49|0x00000000ccf00000, 0x00000000cd000000, 0x00000000cd000000|100%| E|CS|TAMS 0x00000000ccf00000| PB 0x00000000ccf00000| Complete 
|  50|0x00000000cd000000, 0x00000000cd100000, 0x00000000cd100000|100%| E|CS|TAMS 0x00000000cd000000| PB 0x00000000cd000000| Complete 
|  51|0x00000000cd100000, 0x00000000cd200000, 0x00000000cd200000|100%| E|CS|TAMS 0x00000000cd100000| PB 0x00000000cd100000| Complete 
|  52|0x00000000cd200000, 0x00000000cd300000, 0x00000000cd300000|100%| E|  |TAMS 0x00000000cd200000| PB 0x00000000cd200000| Complete 
|  53|0x00000000cd300000, 0x00000000cd400000, 0x00000000cd400000|100%| E|CS|TAMS 0x00000000cd300000| PB 0x00000000cd300000| Complete 
|  54|0x00000000cd400000, 0x00000000cd500000, 0x00000000cd500000|100%| E|CS|TAMS 0x00000000cd400000| PB 0x00000000cd400000| Complete 
|  55|0x00000000cd500000, 0x00000000cd600000, 0x00000000cd600000|100%| E|CS|TAMS 0x00000000cd500000| PB 0x00000000cd500000| Complete 

Card table byte_map: [0x0000019dad790000,0x0000019dad950000] _byte_map_base: 0x0000019dad141000

Marking Bits: (CMBitMap*) 0x0000019da235aee0
 Bits: [0x0000019dad950000, 0x0000019dae6d8000)

Polling page: 0x0000019da0200000

Metaspace:

Usage:
  Non-class:      8.07 MB used.
      Class:      1.26 MB used.
       Both:      9.33 MB used.

Virtual space:
  Non-class space:       64.00 MB reserved,       8.25 MB ( 13%) committed,  1 nodes.
      Class space:        1.00 GB reserved,       1.38 MB ( <1%) committed,  1 nodes.
             Both:        1.06 GB reserved,       9.62 MB ( <1%) committed. 

Chunk freelists:
   Non-Class:  6.30 MB
       Class:  14.48 MB
        Both:  20.78 MB

MaxMetaspaceSize: unlimited
CompressedClassSpaceSize: 1.00 GB
Initial GC threshold: 21.00 MB
Current GC threshold: 21.00 MB
CDS: on
 - commit_granule_bytes: 65536.
 - commit_granule_words: 8192.
 - virtual_space_node_default_size: 8388608.
 - enlarge_chunks_in_place: 1.
 - use_allocation_guard: 0.


Internal statistics:

num_allocs_failed_limit: 0.
num_arena_births: 280.
num_arena_deaths: 0.
num_vsnodes_births: 2.
num_vsnodes_deaths: 0.
num_space_committed: 154.
num_space_uncommitted: 0.
num_chunks_returned_to_freelist: 0.
num_chunks_taken_from_freelist: 672.
num_chunk_merges: 0.
num_chunk_splits: 400.
num_chunks_enlarged: 225.
num_inconsistent_stats: 0.

CodeCache: size=49152Kb used=4334Kb max_used=4334Kb free=44817Kb
 bounds [0x0000019daa790000, 0x0000019daabd0000, 0x0000019dad790000]
 total_blobs=2156 nmethods=1694 adapters=385
 compilation: enabled
              stopped_count=0, restarted_count=0
 full_count=0

Compilation events (20 events):
Event: 1.732 Thread 0x0000019df68e0b00 nmethod 1683 0x0000019daabc7b10 code [0x0000019daabc7cc0, 0x0000019daabc7ec8]
Event: 1.732 Thread 0x0000019db0b80ee0 nmethod 1684 0x0000019daabc7f10 code [0x0000019daabc80a0, 0x0000019daabc8168]
Event: 1.732 Thread 0x0000019db0b80ee0 1685       1       java.net.URI::hash (33 bytes)
Event: 1.732 Thread 0x0000019df68e0b00 1686       1       java.net.URI::toLower (19 bytes)
Event: 1.732 Thread 0x0000019df68e0b00 nmethod 1686 0x0000019daabc8210 code [0x0000019daabc83a0, 0x0000019daabc8488]
Event: 1.732 Thread 0x0000019db0b80ee0 nmethod 1685 0x0000019daabc8510 code [0x0000019daabc86e0, 0x0000019daabc8878]
Event: 1.732 Thread 0x0000019db0b80ee0 1687       1       java.lang.invoke.BoundMethodHandle$Species_L::make (11 bytes)
Event: 1.732 Thread 0x0000019db0b80ee0 nmethod 1687 0x0000019daabc8e90 code [0x0000019daabc9040, 0x0000019daabc91d0]
Event: 1.736 Thread 0x0000019db0b80ee0 1689       1       java.lang.Module::allows (60 bytes)
Event: 1.736 Thread 0x0000019db0b80ee0 nmethod 1689 0x0000019daabc9590 code [0x0000019daabc9780, 0x0000019daabc99e8]
Event: 1.744 Thread 0x0000019db0b80ee0 1690       1       java.util.WeakHashMap::put (160 bytes)
Event: 1.745 Thread 0x0000019db0b80ee0 nmethod 1690 0x0000019daabc9b10 code [0x0000019daabc9d20, 0x0000019daabca410]
Event: 1.766 Thread 0x0000019df68e0b00 1691       1       java.lang.ClassLoader::getUnnamedModule (5 bytes)
Event: 1.766 Thread 0x0000019df68e0b00 nmethod 1691 0x0000019daabca690 code [0x0000019daabca820, 0x0000019daabca8e8]
Event: 1.771 Thread 0x0000019df68e0b00 1692       1       java.lang.invoke.MethodHandleImpl::countNonNull (42 bytes)
Event: 1.771 Thread 0x0000019db0b80ee0 1693       1       java.lang.invoke.MethodHandle::getApproximateCommonClassLoader (58 bytes)
Event: 1.771 Thread 0x0000019df68e0b00 nmethod 1692 0x0000019daabca990 code [0x0000019daabcab20, 0x0000019daabcac38]
Event: 1.771 Thread 0x0000019df68e0b00 1694       1       java.lang.invoke.MethodHandle::keepsAlive (49 bytes)
Event: 1.772 Thread 0x0000019db0b80ee0 nmethod 1693 0x0000019daabcad10 code [0x0000019daabcaec0, 0x0000019daabcb138]
Event: 1.772 Thread 0x0000019df68e0b00 nmethod 1694 0x0000019daabcb310 code [0x0000019daabcb4e0, 0x0000019daabcb770]

GC Heap History (4 events):
Event: 0.907 GC heap before
{Heap before GC invocations=0 (full 0):
 garbage-first heap   total 57344K, used 14336K [0x00000000c9e00000, 0x0000000100000000)
  region size 1024K, 13 young (13312K), 0 survivors (0K)
 Metaspace       used 2623K, committed 2816K, reserved 1114112K
  class space    used 311K, committed 448K, reserved 1048576K
}
Event: 0.914 GC heap after
{Heap after GC invocations=1 (full 0):
 garbage-first heap   total 57344K, used 7650K [0x00000000c9e00000, 0x0000000100000000)
  region size 1024K, 2 young (2048K), 2 survivors (2048K)
 Metaspace       used 2623K, committed 2816K, reserved 1114112K
  class space    used 311K, committed 448K, reserved 1048576K
}
Event: 1.398 GC heap before
{Heap before GC invocations=1 (full 0):
 garbage-first heap   total 57344K, used 18914K [0x00000000c9e00000, 0x0000000100000000)
  region size 1024K, 13 young (13312K), 2 survivors (2048K)
 Metaspace       used 5909K, committed 6144K, reserved 1114112K
  class space    used 781K, committed 896K, reserved 1048576K
}
Event: 1.404 GC heap after
{Heap after GC invocations=2 (full 0):
 garbage-first heap   total 57344K, used 8539K [0x00000000c9e00000, 0x0000000100000000)
  region size 1024K, 1 young (1024K), 1 survivors (1024K)
 Metaspace       used 5909K, committed 6144K, reserved 1114112K
  class space    used 781K, committed 896K, reserved 1048576K
}

Dll operation events (5 events):
Event: 0.029 Loaded shared library C:\Program Files\Java\jdk-21\bin\java.dll
Event: 0.360 Loaded shared library C:\Program Files\Java\jdk-21\bin\net.dll
Event: 0.364 Loaded shared library C:\Program Files\Java\jdk-21\bin\nio.dll
Event: 0.373 Loaded shared library C:\Program Files\Java\jdk-21\bin\zip.dll
Event: 0.566 Loaded shared library C:\Program Files\Java\jdk-21\bin\jimage.dll

Deoptimization events (0 events):
No events

Classes loaded (20 events):
Event: 1.731 Loading class com/sun/org/apache/xalan/internal/utils/XMLSecurityPropertyManager$Property
Event: 1.731 Loading class com/sun/org/apache/xalan/internal/utils/XMLSecurityPropertyManager$Property done
Event: 1.731 Loading class jdk/xml/internal/XMLSecurityManager
Event: 1.732 Loading class jdk/xml/internal/XMLSecurityManager done
Event: 1.732 Loading class jdk/xml/internal/XMLSecurityManager$Limit
Event: 1.732 Loading class jdk/xml/internal/XMLSecurityManager$Limit done
Event: 1.732 Loading class jdk/xml/internal/XMLSecurityManager$Processor
Event: 1.732 Loading class jdk/xml/internal/XMLSecurityManager$Processor done
Event: 1.733 Loading class jdk/xml/internal/XMLSecurityManager$NameMap
Event: 1.733 Loading class jdk/xml/internal/XMLSecurityManager$NameMap done
Event: 1.733 Loading class jdk/xml/internal/JdkProperty
Event: 1.733 Loading class jdk/xml/internal/JdkProperty done
Event: 1.759 Loading class java/io/NotSerializableException
Event: 1.759 Loading class java/io/ObjectStreamException
Event: 1.759 Loading class java/io/ObjectStreamException done
Event: 1.759 Loading class java/io/NotSerializableException done
Event: 1.761 Loading class java/util/concurrent/CompletionException
Event: 1.761 Loading class java/util/concurrent/CompletionException done
Event: 1.771 Loading class java/util/RegularEnumSet$EnumSetIterator
Event: 1.771 Loading class java/util/RegularEnumSet$EnumSetIterator done

Classes unloaded (0 events):
No events

Classes redefined (0 events):
No events

Internal exceptions (20 events):
Event: 1.391 Thread 0x0000019da23213e0 Exception <a 'java/lang/NoSuchMethodError'{0x00000000ccbcdca0}: 'java.lang.Object java.lang.invoke.DirectMethodHandle$Holder.invokeSpecial(java.lang.Object, java.lang.Object, java.lang.Object, java.lang.Object, java.lang.Object, java.lang.Object, java.lang.Object, int)'> (0x00000000ccbcdca0) 
thrown [s\open\src\hotspot\share\interpreter\linkResolver.cpp, line 773]
Event: 1.436 Thread 0x0000019da23213e0 Exception <a 'java/lang/NoSuchMethodError'{0x00000000cd422880}: 'int java.lang.invoke.DirectMethodHandle$Holder.invokeInterface(java.lang.Object, java.lang.Object)'> (0x00000000cd422880) 
thrown [s\open\src\hotspot\share\interpreter\linkResolver.cpp, line 773]
Event: 1.441 Thread 0x0000019da23213e0 Exception <a 'java/lang/NoSuchMethodError'{0x00000000cd463c18}: 'void java.lang.invoke.DirectMethodHandle$Holder.invokeSpecial(java.lang.Object, java.lang.Object, java.lang.Object, java.lang.Object, java.lang.Object)'> (0x00000000cd463c18) 
thrown [s\open\src\hotspot\share\interpreter\linkResolver.cpp, line 773]
Event: 1.473 Thread 0x0000019da23213e0 Exception <a 'java/lang/NoSuchMethodError'{0x00000000cd33e220}: 'java.lang.Object java.lang.invoke.DirectMethodHandle$Holder.invokeSpecial(java.lang.Object, java.lang.Object, java.lang.Object, int, java.lang.Object)'> (0x00000000cd33e220) 
thrown [s\open\src\hotspot\share\interpreter\linkResolver.cpp, line 773]
Event: 1.474 Thread 0x0000019da23213e0 Exception <a 'java/lang/NoSuchMethodError'{0x00000000cd345bd8}: 'java.lang.Object java.lang.invoke.DirectMethodHandle$Holder.newInvokeSpecial(java.lang.Object, java.lang.Object, java.lang.Object, int, java.lang.Object)'> (0x00000000cd345bd8) 
thrown [s\open\src\hotspot\share\interpreter\linkResolver.cpp, line 773]
Event: 1.475 Thread 0x0000019da23213e0 Exception <a 'java/lang/NoSuchMethodError'{0x00000000cd34d0b0}: 'java.lang.Object java.lang.invoke.Invokers$Holder.linkToTargetMethod(java.lang.Object, java.lang.Object, int, java.lang.Object, java.lang.Object)'> (0x00000000cd34d0b0) 
thrown [s\open\src\hotspot\share\interpreter\linkResolver.cpp, line 773]
Event: 1.477 Thread 0x0000019da23213e0 Exception <a 'java/lang/NoSuchMethodError'{0x00000000cd35a840}: 'java.lang.Object java.lang.invoke.DirectMethodHandle$Holder.newInvokeSpecial(java.lang.Object, int, java.lang.Object)'> (0x00000000cd35a840) 
thrown [s\open\src\hotspot\share\interpreter\linkResolver.cpp, line 773]
Event: 1.477 Thread 0x0000019da23213e0 Exception <a 'java/lang/NoSuchMethodError'{0x00000000cd35f288}: 'int java.lang.invoke.DirectMethodHandle$Holder.invokeSpecialIFC(java.lang.Object, java.lang.Object, java.lang.Object, java.lang.Object)'> (0x00000000cd35f288) 
thrown [s\open\src\hotspot\share\interpreter\linkResolver.cpp, line 773]
Event: 1.506 Thread 0x0000019da23213e0 Exception <a 'java/lang/NoSuchMethodError'{0x00000000cd256a98}: 'void java.lang.invoke.DirectMethodHandle$Holder.invokeInterface(java.lang.Object, java.lang.Object, java.lang.Object)'> (0x00000000cd256a98) 
thrown [s\open\src\hotspot\share\interpreter\linkResolver.cpp, line 773]
Event: 1.533 Thread 0x0000019da23213e0 Exception <a 'java/lang/NoSuchMethodError'{0x00000000cd2e43a0}: 'void java.lang.invoke.DirectMethodHandle$Holder.invokeStaticInit(java.lang.Object, java.lang.Object, java.lang.Object)'> (0x00000000cd2e43a0) 
thrown [s\open\src\hotspot\share\interpreter\linkResolver.cpp, line 773]
Event: 1.541 Thread 0x0000019da23213e0 Exception <a 'java/lang/NoSuchMethodError'{0x00000000cd12fc00}: 'java.lang.Object java.lang.invoke.DirectMethodHandle$Holder.invokeVirtual(java.lang.Object, java.lang.Object, java.lang.Object)'> (0x00000000cd12fc00) 
thrown [s\open\src\hotspot\share\interpreter\linkResolver.cpp, line 773]
Event: 1.572 Thread 0x0000019da23213e0 Exception <a 'java/lang/NoSuchMethodError'{0x00000000cd1c4028}: 'void java.lang.invoke.DirectMethodHandle$Holder.invokeVirtual(java.lang.Object, java.lang.Object, java.lang.Object, java.lang.Object)'> (0x00000000cd1c4028) 
thrown [s\open\src\hotspot\share\interpreter\linkResolver.cpp, line 773]
Event: 1.656 Thread 0x0000019da23213e0 Exception <a 'java/lang/NoSuchMethodError'{0x00000000ccfd4528}: 'void java.lang.invoke.DirectMethodHandle$Holder.invokeSpecial(java.lang.Object, java.lang.Object, java.lang.Object)'> (0x00000000ccfd4528) 
thrown [s\open\src\hotspot\share\interpreter\linkResolver.cpp, line 773]
Event: 1.668 Thread 0x0000019da23213e0 Exception <a 'java/lang/NoSuchMethodError'{0x00000000cce1ea38}: 'java.lang.reflect.Field[] java.lang.Class.getDeclaredFields(java.lang.Class)'> (0x00000000cce1ea38) 
thrown [s\open\src\hotspot\share\interpreter\linkResolver.cpp, line 773]
Event: 1.671 Thread 0x0000019da23213e0 Exception <a 'java/lang/NoSuchMethodError'{0x00000000cce23398}: 'java.lang.Object java.lang.invoke.DirectMethodHandle$Holder.invokeStatic(java.lang.Object, java.lang.Object, int)'> (0x00000000cce23398) 
thrown [s\open\src\hotspot\share\interpreter\linkResolver.cpp, line 773]
Event: 1.673 Thread 0x0000019da23213e0 Exception <a 'java/lang/NoSuchMethodError'{0x00000000cce2e298}: 'void java.lang.invoke.DelegatingMethodHandle$Holder.delegate(java.lang.Object, java.lang.Object, int, java.lang.Object)'> (0x00000000cce2e298) 
thrown [s\open\src\hotspot\share\interpreter\linkResolver.cpp, line 773]
Event: 1.688 Thread 0x0000019da23213e0 Exception <a 'java/lang/IncompatibleClassChangeError'{0x00000000ccdb3020}: Found class java.lang.Object, but interface was expected> (0x00000000ccdb3020) 
thrown [s\open\src\hotspot\share\interpreter\linkResolver.cpp, line 840]
Event: 1.694 Thread 0x0000019da23213e0 Exception <a 'java/lang/NoSuchMethodError'{0x00000000ccdca868}: 'java.lang.Object java.lang.invoke.DirectMethodHandle$Holder.invokeStaticInit(java.lang.Object, int)'> (0x00000000ccdca868) 
thrown [s\open\src\hotspot\share\interpreter\linkResolver.cpp, line 773]
Event: 1.697 Thread 0x0000019da23213e0 Exception <a 'java/lang/NoSuchMethodError'{0x00000000ccc0b730}: 'java.lang.Object java.lang.invoke.DirectMethodHandle$Holder.invokeStatic(java.lang.Object, int, java.lang.Object)'> (0x00000000ccc0b730) 
thrown [s\open\src\hotspot\share\interpreter\linkResolver.cpp, line 773]
Event: 1.698 Thread 0x0000019da23213e0 Exception <a 'java/lang/NoSuchMethodError'{0x00000000ccc0ed90}: 'java.lang.Object java.lang.invoke.DirectMethodHandle$Holder.invokeStaticInit(java.lang.Object, int, java.lang.Object)'> (0x00000000ccc0ed90) 
thrown [s\open\src\hotspot\share\interpreter\linkResolver.cpp, line 773]

ZGC Phase Switch (0 events):
No events

VM Operations (20 events):
Event: 0.590 Executing VM operation: HandshakeAllThreads (Deoptimize)
Event: 0.590 Executing VM operation: HandshakeAllThreads (Deoptimize) done
Event: 0.907 Executing VM operation: G1CollectForAllocation (G1 Evacuation Pause)
Event: 0.914 Executing VM operation: G1CollectForAllocation (G1 Evacuation Pause) done
Event: 1.053 Executing VM operation: HandshakeAllThreads (Deoptimize)
Event: 1.053 Executing VM operation: HandshakeAllThreads (Deoptimize) done
Event: 1.192 Executing VM operation: HandshakeAllThreads (Deoptimize)
Event: 1.192 Executing VM operation: HandshakeAllThreads (Deoptimize) done
Event: 1.398 Executing VM operation: G1CollectForAllocation (G1 Evacuation Pause)
Event: 1.404 Executing VM operation: G1CollectForAllocation (G1 Evacuation Pause) done
Event: 1.449 Executing VM operation: HandshakeAllThreads (Deoptimize)
Event: 1.449 Executing VM operation: HandshakeAllThreads (Deoptimize) done
Event: 1.649 Executing VM operation: HandshakeAllThreads (Deoptimize)
Event: 1.649 Executing VM operation: HandshakeAllThreads (Deoptimize) done
Event: 1.653 Executing VM operation: HandshakeAllThreads (Deoptimize)
Event: 1.653 Executing VM operation: HandshakeAllThreads (Deoptimize) done
Event: 1.671 Executing VM operation: HandshakeAllThreads (Deoptimize)
Event: 1.671 Executing VM operation: HandshakeAllThreads (Deoptimize) done
Event: 1.712 Executing VM operation: ICBufferFull
Event: 1.712 Executing VM operation: ICBufferFull done

Events (12 events):
Event: 0.077 Thread 0x0000019da23213e0 Thread added: 0x0000019da23213e0
Event: 0.132 Thread 0x0000019db0b57620 Thread added: 0x0000019db0b57620
Event: 0.134 Thread 0x0000019db0b585e0 Thread added: 0x0000019db0b585e0
Event: 0.135 Thread 0x0000019db0b5cb10 Thread added: 0x0000019db0b5cb10
Event: 0.135 Thread 0x0000019db0b5ee30 Thread added: 0x0000019db0b5ee30
Event: 0.136 Thread 0x0000019db0b5fa30 Thread added: 0x0000019db0b5fa30
Event: 0.136 Thread 0x0000019db0b80490 Thread added: 0x0000019db0b80490
Event: 0.136 Thread 0x0000019db0b80ee0 Thread added: 0x0000019db0b80ee0
Event: 0.343 Thread 0x0000019df60a0670 Thread added: 0x0000019df60a0670
Event: 0.351 Thread 0x0000019df60a2640 Thread added: 0x0000019df60a2640
Event: 1.170 Thread 0x0000019df68e0b00 Thread added: 0x0000019df68e0b00
Event: 1.661 Thread 0x0000019df6a6f7d0 Thread added: 0x0000019df6a6f7d0


Dynamic libraries:
0x00007ff7d8790000 - 0x00007ff7d87a0000 	C:\Program Files\Java\jdk-21\bin\java.exe
0x00007ff8996b0000 - 0x00007ff8998c7000 	C:\WINDOWS\SYSTEM32\ntdll.dll
0x00007ff899160000 - 0x00007ff899224000 	C:\WINDOWS\System32\KERNEL32.DLL
0x00007ff896950000 - 0x00007ff896d21000 	C:\WINDOWS\System32\KERNELBASE.dll
0x00007ff897230000 - 0x00007ff897341000 	C:\WINDOWS\System32\ucrtbase.dll
0x00007ff885e90000 - 0x00007ff885ea9000 	C:\Program Files\Java\jdk-21\bin\jli.dll
0x00007ff8973a0000 - 0x00007ff897451000 	C:\WINDOWS\System32\ADVAPI32.dll
0x00007ff897510000 - 0x00007ff8975b7000 	C:\WINDOWS\System32\msvcrt.dll
0x00007ff8995c0000 - 0x00007ff899667000 	C:\WINDOWS\System32\sechost.dll
0x00007ff897350000 - 0x00007ff897378000 	C:\WINDOWS\System32\bcrypt.dll
0x00007ff8981d0000 - 0x00007ff8982e4000 	C:\WINDOWS\System32\RPCRT4.dll
0x00007ff8984e0000 - 0x00007ff898691000 	C:\WINDOWS\System32\USER32.dll
0x00007ff896d30000 - 0x00007ff896d56000 	C:\WINDOWS\System32\win32u.dll
0x00007ff898930000 - 0x00007ff898959000 	C:\WINDOWS\System32\GDI32.dll
0x00007ff897090000 - 0x00007ff8971ab000 	C:\WINDOWS\System32\gdi32full.dll
0x00007ff8968b0000 - 0x00007ff89694a000 	C:\WINDOWS\System32\msvcp_win.dll
0x00007ff87a270000 - 0x00007ff87a502000 	C:\WINDOWS\WinSxS\amd64_microsoft.windows.common-controls_6595b64144ccf1df_6.0.22621.4830_none_270fe7d773858e80\COMCTL32.dll
0x00007ff88f860000 - 0x00007ff88f86a000 	C:\WINDOWS\SYSTEM32\VERSION.dll
0x00007ff8849f0000 - 0x00007ff884a0b000 	C:\Program Files\Java\jdk-21\bin\VCRUNTIME140.dll
0x00007ff8974d0000 - 0x00007ff897501000 	C:\WINDOWS\System32\IMM32.DLL
0x00007ff893440000 - 0x00007ff89344c000 	C:\Program Files\Java\jdk-21\bin\vcruntime140_1.dll
0x00007ff8845e0000 - 0x00007ff88466e000 	C:\Program Files\Java\jdk-21\bin\msvcp140.dll
0x00007ff84f5b0000 - 0x00007ff8502ca000 	C:\Program Files\Java\jdk-21\bin\server\jvm.dll
0x00007ff898850000 - 0x00007ff8988c1000 	C:\WINDOWS\System32\WS2_32.dll
0x00007ff890760000 - 0x00007ff890794000 	C:\WINDOWS\SYSTEM32\WINMM.dll
0x00007ff8966c0000 - 0x00007ff89670d000 	C:\WINDOWS\SYSTEM32\POWRPROF.dll
0x00007ff8966a0000 - 0x00007ff8966b3000 	C:\WINDOWS\SYSTEM32\UMPDC.dll
0x00007ff895810000 - 0x00007ff895828000 	C:\WINDOWS\SYSTEM32\kernel.appcore.dll
0x00007ff88d620000 - 0x00007ff88d62a000 	C:\Program Files\Java\jdk-21\bin\jimage.dll
0x00007ff894330000 - 0x00007ff894562000 	C:\WINDOWS\SYSTEM32\DBGHELP.DLL
0x00007ff899230000 - 0x00007ff8995c0000 	C:\WINDOWS\System32\combase.dll
0x00007ff897e60000 - 0x00007ff897f37000 	C:\WINDOWS\System32\OLEAUT32.dll
0x00007ff88d470000 - 0x00007ff88d4a2000 	C:\WINDOWS\SYSTEM32\dbgcore.DLL
0x00007ff8971b0000 - 0x00007ff89722b000 	C:\WINDOWS\System32\bcryptPrimitives.dll
0x00007ff8849d0000 - 0x00007ff8849ef000 	C:\Program Files\Java\jdk-21\bin\java.dll
0x00007ff8975d0000 - 0x00007ff897e58000 	C:\WINDOWS\System32\SHELL32.dll
0x00007ff896de0000 - 0x00007ff896f1f000 	C:\WINDOWS\System32\wintypes.dll
0x00007ff894700000 - 0x00007ff89500c000 	C:\WINDOWS\SYSTEM32\windows.storage.dll
0x00007ff898300000 - 0x00007ff89840a000 	C:\WINDOWS\System32\SHCORE.dll
0x00007ff8988d0000 - 0x00007ff89892e000 	C:\WINDOWS\System32\shlwapi.dll
0x00007ff896720000 - 0x00007ff89674b000 	C:\WINDOWS\SYSTEM32\profapi.dll
0x00007ff88aaf0000 - 0x00007ff88ab00000 	C:\Program Files\Java\jdk-21\bin\net.dll
0x00007ff890570000 - 0x00007ff89069c000 	C:\WINDOWS\SYSTEM32\WINHTTP.dll
0x00007ff895c90000 - 0x00007ff895cfa000 	C:\WINDOWS\system32\mswsock.dll
0x00007ff8845c0000 - 0x00007ff8845d6000 	C:\Program Files\Java\jdk-21\bin\nio.dll
0x00007ff884540000 - 0x00007ff884558000 	C:\Program Files\Java\jdk-21\bin\zip.dll

dbghelp: loaded successfully - version: 4.0.5 - missing functions: none
symbol engine: initialized successfully - sym options: 0x614 - pdb path: .;C:\Program Files\Java\jdk-21\bin;C:\WINDOWS\SYSTEM32;C:\WINDOWS\WinSxS\amd64_microsoft.windows.common-controls_6595b64144ccf1df_6.0.22621.4830_none_270fe7d773858e80;C:\Program Files\Java\jdk-21\bin\server

VM Arguments:
jvm_args: -XX:TieredStopAtLevel=1 
java_command: com.techie.microservices.inventory.InventoryServiceApplication
java_class_path (initial): D:\Kuliah\Semester 6\PPLBO\Praktik\Pertemuan 1\Tugas-PPLBO\inventory-service\target\classes;C:\Users\LENOVO\.m2\repository\org\springframework\boot\spring-boot\3.4.3\spring-boot-3.4.3.jar;C:\Users\LENOVO\.m2\repository\ch\qos\logback\logback-classic\1.5.16\logback-classic-1.5.16.jar;C:\Users\LENOVO\.m2\repository\ch\qos\logback\logback-core\1.5.16\logback-core-1.5.16.jar;C:\Users\LENOVO\.m2\repository\org\apache\logging\log4j\log4j-to-slf4j\2.24.3\log4j-to-slf4j-2.24.3.jar;C:\Users\LENOVO\.m2\repository\org\apache\logging\log4j\log4j-api\2.24.3\log4j-api-2.24.3.jar;C:\Users\LENOVO\.m2\repository\org\slf4j\jul-to-slf4j\2.0.16\jul-to-slf4j-2.0.16.jar;C:\Users\LENOVO\.m2\repository\jakarta\annotation\jakarta.annotation-api\2.1.1\jakarta.annotation-api-2.1.1.jar;C:\Users\LENOVO\.m2\repository\org\yaml\snakeyaml\2.3\snakeyaml-2.3.jar;C:\Users\LENOVO\.m2\repository\com\zaxxer\HikariCP\5.1.0\HikariCP-5.1.0.jar;C:\Users\LENOVO\.m2\repository\org\springframework\spring-jdbc\6.2.3\spring-jdbc-6.2.3.jar;C:\Users\LENOVO\.m2\repository\org\hibernate\orm\hibernate-core\6.6.8.Final\hibernate-core-6.6.8.Final.jar;C:\Users\LENOVO\.m2\repository\jakarta\persistence\jakarta.persistence-api\3.1.0\jakarta.persistence-api-3.1.0.jar;C:\Users\LENOVO\.m2\repository\jakarta\transaction\jakarta.transaction-api\2.0.1\jakarta.transaction-api-2.0.1.jar;C:\Users\LENOVO\.m2\repository\org\jboss\logging\jboss-logging\3.6.1.Final\jboss-logging-3.6.1.Final.jar;C:\Users\LENOVO\.m2\repository\org\hibernate\common\hibernate-commons-annotations\7.0.3.Final\hibernate-commons-annotations-7.0.3.Final.jar;C:\Users\LENOVO\.m2\repository\io\smallrye\jandex\3.2.0\jandex-3.2.0.jar;C:\Users\LENOVO\.m2\repository\com\fasterxml\classmate\1.7.0\classmate-1.7.0.jar;C:\Users\LENOVO\.m2\repository\net\bytebuddy\byte-buddy\1.15.11\byte-buddy-1.15.11.jar;C:\Users\LENOVO\.m2\repository\org\glassfish\jaxb\jaxb-runtime\4.0.5\jaxb-runtime-4.0.5.jar;C:\Users\LENOVO\.m2\repository\org\glassfish\jaxb\jaxb-core\4.0.5\jaxb-core-4.0.5.jar;C:\Users\LENOVO\.m2\repository\org\eclipse\angus\angus-activation\2.0.2\angus-activation-2.0.2.jar;C:\Users\LENOVO\.m2\repository\org\glassfish\jaxb\txw2\4.0.5\txw2-4.0.5.jar;C:\Users\LENOVO\.m2\repository\com\sun\istack\istack-commons-runtime\4.1.2\istack-commons-runtime-4.1.2.jar;C:\Users\LENOVO\.m2\repository\jakarta\inject\jakarta.inject-api\2.0.1\jakarta.inject-api-2.0.1.jar;C:\Users\LENOVO\.m2\repository\org\antlr\antlr4-runtime\4.13.0\antlr4-runtime-4.13.0.jar;C:\Users\LENOVO\.m2\repository\org\springframework\data\spring-data-jpa\3.4.3\spring-data-jpa-3.4.3.jar;C:\Users\LENOVO\.m2\repository\org\springframework\data\spring-data-commons\3.4.3\spring-data-commons-3.4.3.jar;C:\Users\LENOVO\.m2\repository\org\springframework\spring-orm\6.2.3\spring-orm-6.2.3.jar;C:\Users\LENOVO\.m2\repository\org\springframework\spring-context\6.2.3\spring-context-6.2.3.jar;C:\Users\LENOVO\.m2\repository\org\springframework\spring-aop\6.2.3\spring-aop-6.2.3.jar;C:\Users\LENOVO\.m2\repository\org\springframework\spring-tx\6.2.3\spring-tx-6.2.3.jar;C:\Users\LENOVO\.m2\repository\org\springframework\spring-beans\6.2.3\spring-beans-6.2.3.jar;C:\Users\LENOVO\.m2\repository\org\slf4j\slf4j-api\2.0.16\slf4j-api-2.0.16.jar;C:\Users\LENOVO\.m2\repository\org\springframework\spring-aspects\6.2.3\spring-aspects-6.2.3.jar;C:\Users\LENOVO\.m2\repository\org\aspectj\aspectjweaver\1.9.22.1\aspectjweaver-1.9.22.1.jar;C:\Users\LENOVO\.m2\repository\com\fasterxml\jackson\core\jackson-databind\2.18.2\jackson-databind-2.18.2.jar;C:\Users\LENOVO\.m2\repository\com\fasterxml\jackson\datatype\jackson-datatype-jdk8\2.18.2\jackson-datatype-jdk8-2.18.2.jar;C:\Users\LENOVO\.m2\repository\com\fasterxml\jackson\module\jackson-module-parameter-names\2.18.2\jackson-module-parameter-names-2.18.2.jar;C:\Users\LENOVO\.m2\repository\org\apache\tomcat\embed\tomcat-embed-core\10.1.36\tomcat-embed-core-10.1.36.jar;C:\Users\LENOVO\.m2\repository\org\apache\tomcat\embed\tomcat-embed-el\10.1.36\tomcat-embed-el-10.1.36.jar;C:\Users\LENOVO\.m2\repository\org\apache\tomcat\embed\tomcat-embed-websocket\10.1.36\tomcat-embed-websocket-10.1.36.jar;C:\Users\LENOVO\.m2\repository\org\springframework\spring-web\6.2.3\spring-web-6.2.3.jar;C:\Users\LENOVO\.m2\repository\io\micrometer\micrometer-observation\1.14.4\micrometer-observation-1.14.4.jar;C:\Users\LENOVO\.m2\repository\io\micrometer\micrometer-commons\1.14.4\micrometer-commons-1.14.4.jar;C:\Users\LENOVO\.m2\repository\org\springframework\spring-webmvc\6.2.3\spring-webmvc-6.2.3.jar;C:\Users\LENOVO\.m2\repository\org\springframework\spring-expression\6.2.3\spring-expression-6.2.3.jar;C:\Users\LENOVO\.m2\repository\org\flywaydb\flyway-core\10.20.1\flyway-core-10.20.1.jar;C:\Users\LENOVO\.m2\repository\com\fasterxml\jackson\dataformat\jackson-dataformat-toml\2.18.2\jackson-dataformat-toml-2.18.2.jar;C:\Users\LENOVO\.m2\repository\com\fasterxml\jackson\core\jackson-core\2.18.2\jackson-core-2.18.2.jar;C:\Users\LENOVO\.m2\repository\com\fasterxml\jackson\datatype\jackson-datatype-jsr310\2.18.2\jackson-datatype-jsr310-2.18.2.jar;C:\Users\LENOVO\.m2\repository\com\fasterxml\jackson\core\jackson-annotations\2.18.2\jackson-annotations-2.18.2.jar;C:\Users\LENOVO\.m2\repository\org\flywaydb\flyway-mysql\10.20.1\flyway-mysql-10.20.1.jar;C:\Users\LENOVO\.m2\repository\com\mysql\mysql-connector-j\9.1.0\mysql-connector-j-9.1.0.jar;C:\Users\LENOVO\.m2\repository\org\springdoc\springdoc-openapi-starter-webmvc-ui\2.8.5\springdoc-openapi-starter-webmvc-ui-2.8.5.jar;C:\Users\LENOVO\.m2\repository\org\webjars\swagger-ui\5.18.3\swagger-ui-5.18.3.jar;C:\Users\LENOVO\.m2\repository\org\webjars\webjars-locator-lite\1.0.1\webjars-locator-lite-1.0.1.jar;C:\Users\LENOVO\.m2\repository\org\jspecify\jspecify\1.0.0\jspecify-1.0.0.jar;C:\Users\LENOVO\.m2\repository\org\springdoc\springdoc-openapi-starter-webmvc-api\2.8.5\springdoc-openapi-starter-webmvc-api-2.8.5.jar;C:\Users\LENOVO\.m2\repository\org\springdoc\springdoc-openapi-starter-common\2.8.5\springdoc-openapi-starter-common-2.8.5.jar;C:\Users\LENOVO\.m2\repository\io\swagger\core\v3\swagger-core-jakarta\2.2.28\swagger-core-jakarta-2.2.28.jar;C:\Users\LENOVO\.m2\repository\io\swagger\core\v3\swagger-annotations-jakarta\2.2.28\swagger-annotations-jakarta-2.2.28.jar;C:\Users\LENOVO\.m2\repository\io\swagger\core\v3\swagger-models-jakarta\2.2.28\swagger-models-jakarta-2.2.28.jar;C:\Users\LENOVO\.m2\repository\jakarta\validation\jakarta.validation-api\3.0.2\jakarta.validation-api-3.0.2.jar;C:\Users\LENOVO\.m2\repository\com\fasterxml\jackson\dataformat\jackson-dataformat-yaml\2.18.2\jackson-dataformat-yaml-2.18.2.jar;C:\Users\LENOVO\.m2\repository\jakarta\xml\bind\jakarta.xml.bind-api\4.0.2\jakarta.xml.bind-api-4.0.2.jar;C:\Users\LENOVO\.m2\repository\jakarta\activation\jakarta.activation-api\2.1.3\jakarta.activation-api-2.1.3.jar;C:\Users\LENOVO\.m2\repository\org\hamcrest\hamcrest\2.2\hamcrest-2.2.jar;C:\Users\LENOVO\.m2\repository\org\springframework\spring-core\6.2.3\spring-core-6.2.3.jar;C:\Users\LENOVO\.m2\repository\org\springframework\spring-jcl\6.2.3\spring-jcl-6.2.3.jar;C:\Users\LENOVO\.m2\repository\org\springframework\boot\spring-boot-autoconfigure\3.4.3\spring-boot-autoconfigure-3.4.3.jar;C:\Users\LENOVO\.m2\repository\io\rest-assured\rest-assured\5.5.1\rest-assured-5.5.1.jar;C:\Users\LENOVO\.m2\repository\org\apache\groovy\groovy\4.0.25\groovy-4.0.25.jar;C:\Users\LENOVO\.m2\repository\org\apache\groovy\groovy-xml\4.0.25\groovy-xml-4.0.25.jar;C:\Users\LENOVO\.m2\repository\org\apache\httpcomponents\httpclient\4.5.13\httpclient-4.5.13.jar;C:\Users\LENOVO\.m2\repository\org\apache\httpcomponents\httpcore\4.4.16\httpcore-4.4.16.jar;C:\Users\LENOVO\.m2\repository\commons-logging\commons-logging\1.2\commons-logging-1.2.jar;C:\Users\LENOVO\.m2\repository\commons-codec\commons-codec\1.17.2\commons-codec-1.17.2.jar;C:\Users\LENOVO\.m2\repository\org\apache\httpcomponents\httpmime\4.5.13\httpmime-4.5.13.jar;C:\Users\LENOVO\.m2\repository\org\ccil\cowan\tagsoup\tagsoup\1.2.1\tagsoup-1.2.1.jar;C:\Users\LENOVO\.m2\repository\io\rest-assured\json-path\5.5.1\json-path-5.5.1.jar;C:\Users\LENOVO\.m2\repository\org\apache\groovy\groovy-json\4.0.25\groovy-json-4.0.25.jar;C:\Users\LENOVO\.m2\repository\io\rest-assured\rest-assured-common\5.5.1\rest-assured-common-5.5.1.jar;C:\Users\LENOVO\.m2\repository\io\rest-assured\xml-path\5.5.1\xml-path-5.5.1.jar;C:\Users\LENOVO\.m2\repository\org\apache\commons\commons-lang3\3.17.0\commons-lang3-3.17.0.jar
Launcher Type: SUN_STANDARD

[Global flags]
     intx CICompilerCount                          = 3                                         {product} {ergonomic}
     uint ConcGCThreads                            = 1                                         {product} {ergonomic}
     uint G1ConcRefinementThreads                  = 4                                         {product} {ergonomic}
   size_t G1HeapRegionSize                         = 1048576                                   {product} {ergonomic}
    uintx GCDrainStackTargetSize                   = 64                                        {product} {ergonomic}
   size_t InitialHeapSize                          = 58720256                                  {product} {ergonomic}
   size_t MarkStackSize                            = 4194304                                   {product} {ergonomic}
   size_t MaxHeapSize                              = 908066816                                 {product} {ergonomic}
   size_t MaxNewSize                               = 544210944                                 {product} {ergonomic}
   size_t MinHeapDeltaBytes                        = 1048576                                   {product} {ergonomic}
   size_t MinHeapSize                              = 8388608                                   {product} {ergonomic}
    uintx NonNMethodCodeHeapSize                   = 4096                                   {pd product} {ergonomic}
    uintx NonProfiledCodeHeapSize                  = 0                                      {pd product} {ergonomic}
     bool ProfileInterpreter                       = false                                  {pd product} {command line}
    uintx ProfiledCodeHeapSize                     = 0                                      {pd product} {ergonomic}
   size_t SoftMaxHeapSize                          = 908066816                              {manageable} {ergonomic}
     intx TieredStopAtLevel                        = 1                                         {product} {command line}
     bool UseCompressedOops                        = true                           {product lp64_product} {ergonomic}
     bool UseG1GC                                  = true                                      {product} {ergonomic}
     bool UseLargePagesIndividualAllocation        = false                                  {pd product} {ergonomic}

Logging:
Log output configuration:
 #0: stdout all=warning uptime,level,tags foldmultilines=false
 #1: stderr all=off uptime,level,tags foldmultilines=false

Environment Variables:
JAVA_HOME=C:\Program Files\Java\jdk-21
PATH=C:\Program Files\Common Files\Oracle\Java\javapath;c:\Users\LENOVO\AppData\Local\Programs\cursor\resources\app\bin;C:\Users\LENOVO\AppData\Local\ActiveState\StateTool\release\bin;C:\WINDOWS\system32;C:\WINDOWS;C:\WINDOWS\System32\Wbem;C:\WINDOWS\System32\WindowsPowerShell\v1.0\;C:\WINDOWS\System32\OpenSSH\;C:\msys64\mingw64;C:\Program Files\Git\cmd;C:\Users\LENOVO\AppData\Local\Programs\Python\Python311;C:\Users\LENOVO\AppData\Local\Programs\Python\Python311\Scripts;C:\MinGW\bin;C:\xampp\php;C:\Program Files\PuTTY\;C:\ProgramData\chocolatey\bin;C:\pthreads4w-code-07053a521b0a9deb6db2a649cde1f828f2eb1f4f;C:\ghcup\bin;C:\Users\LENOVO\AppData\Roaming\nvm;C:\Program Files\nodejs;C:\Program Files\swipl\bin;C:\msys64;D:\Downloads\mongosh-2.1.3-win32-x64\mongosh-2.1.3-win32-x64\bin;C:\Program Files\apache-maven-3.9.9\bin;C:\Program Files\PostgreSQL\16\bin;C:\php-8.3.13;C:\php-8.3.13-nts-Win32-vs16-x64;C:\Program Files\Java\jdk-21\bin;C:\Users\LENOVO\AppData\Local\Programs\Python\Python311;c:\Users\LENOVO\AppData\Local\Programs\cursor\resources\app\bin;C:\Apache24\bin\ab.exe;C:\Program Files\Docker\Docker\resources\bin;C:\dev\flutter\bin;C:\Users\LENOVO\AppData\Local\Programs\Microsoft VS Code\bin;C:\ffmpeg-master-latest-win64-gpl\bin;C:\ProgramData\ComposerSetup\bin;C:\Program Files\RabbitMQ Server\rabbitmq_server-4.0.5\sbin;C:\Program Files\Erlang OTP\bin;C:\pthreads4;C:\Users\LENOVO\AppData\Local\Programs\Python\Python311\Scripts\;C:\Users\LENOVO\AppData\Local\Programs\Python\Python311\;C:\Users\LENOVO\AppData\Local\Microsoft\WindowsApps;C:\msys64\mingw64;C:\Users\LENOVO\AppData\Local\GitHubDesktop\bin;C:\MinGW\bin;C:\tools\ghc-9.6.2\bin;C:\Users\LENOVO\AppData\Roaming\npm;C:\ghcup\bin;C:\Users\LENOVO\AppData\Roaming\nvm;C:\Program Files\nodejs;C:\Program Files (x86)\Nmap;C:\Users\LENOVO\AppData\Local\Programs\Microsoft VS Code\bin;C:\Program Files\heroku\bin;C:\tools\dart-sdk\bin;C:\Users\LENOVO\AppData\Local\Pub\Cache\bin;C:\Users\LENOVO\AppData\Roaming\Composer\vendor\bin
USERNAME=LENOVO
OS=Windows_NT
PROCESSOR_IDENTIFIER=AMD64 Family 23 Model 24 Stepping 1, AuthenticAMD
TMP=C:\Users\LENOVO\AppData\Local\Temp
TEMP=C:\Users\LENOVO\AppData\Local\Temp




Periodic native trim disabled

---------------  S Y S T E M  ---------------

OS:
 Windows 11 , 64 bit Build 22621 (10.0.22621.4974)
OS uptime: 0 days 2:22 hours
Hyper-V role detected

CPU: total 4 (initial active 4) (4 cores per cpu, 2 threads per core) family 23 model 24 stepping 1 microcode 0x0, cx8, cmov, fxsr, ht, mmx, 3dnowpref, sse, sse2, sse3, ssse3, sse4a, sse4.1, sse4.2, popcnt, lzcnt, tsc, tscinvbit, avx, avx2, aes, clmul, bmi1, bmi2, adx, sha, fma, vzeroupper, clflush, clflushopt, hv, rdtscp, f16c
Processor Information for all 4 processors :
  Max Mhz: 2600, Current Mhz: 2600, Mhz Limit: 2600

Memory: 4k page, system-wide physical 3460M (228M free)
TotalPageFile size 14212M (AvailPageFile size 3M)
current process WorkingSet (physical memory assigned to process): 77M, peak: 77M
current process commit charge ("private bytes"): 143M, peak: 143M

vm_info: Java HotSpot(TM) 64-Bit Server VM (21.0.6+8-LTS-188) for windows-amd64 JRE (21.0.6+8-LTS-188), built on 2024-12-03T10:50:54Z by "mach5one" with MS VC++ 17.6 (VS2022)

END.
